02:12:38 **** Incremental Build of configuration Debug for project Unit6_Lesson4 ****
make -j6 all 
arm-none-eabi-gcc -gdwarf-2 "../Src/main.c" -mcpu=cortex-m3 -std=gnu11 -g3 -DSTM32 -DSTM32F1 -DSTM32F103C6Tx -DDEBUG -c -I../Inc -O0 -ffunction-sections -fdata-sections -Wall -fstack-usage -MMD -MP -MF"Src/main.d" -MT"Src/main.o" --specs=nano.specs -mfloat-abi=soft -mthumb -o "Src/main.o"
arm-none-eabi-gcc -gdwarf-2 -o "Unit6_Lesson4.elf" @"objects.list"   -mcpu=cortex-m3 -T"E:\Courses\Embedded_Systems_Course\Embedded_Systems_Online_Diploma\Unit6\Lesson4\Lab2\Unit6_Lesson4\STM32F103C6TX_FLASH.ld" --specs=nosys.specs -Wl,-Map="Unit6_Lesson4.map" -Wl,--gc-sections -static --specs=nano.specs -mfloat-abi=soft -mthumb -Wl,--start-group -lc -lm -Wl,--end-group
Finished building target: Unit6_Lesson4.elf
 
arm-none-eabi-objdump -h -S  Unit6_Lesson4.elf  > "Unit6_Lesson4.list"
arm-none-eabi-objcopy  -O binary  Unit6_Lesson4.elf  "Unit6_Lesson4.bin"
arm-none-eabi-size   Unit6_Lesson4.elf 
   text	   data	    bss	    dec	    hex	filename
    760	      8	   1568	   2336	    920	Unit6_Lesson4.elf
Finished building: default.size.stdout
 
Finished building: Unit6_Lesson4.bin
Finished building: Unit6_Lesson4.list
 
 
