Archive member included to satisfy reference by file (symbol)

e:/programs/stm32_ide/stm32cubeide_1.4.0/stm32cubeide/plugins/com.st.stm32cube.ide.mcu.externaltools.gnu-tools-for-stm32.7-2018-q2-update.win32_1.4.0.202007081208/tools/bin/../lib/gcc/arm-none-eabi/7.3.1/../../../../arm-none-eabi/lib/thumb/v7-m\libc_nano.a(lib_a-errno.o)
                              Src/syscalls.o (__errno)
e:/programs/stm32_ide/stm32cubeide_1.4.0/stm32cubeide/plugins/com.st.stm32cube.ide.mcu.externaltools.gnu-tools-for-stm32.7-2018-q2-update.win32_1.4.0.202007081208/tools/bin/../lib/gcc/arm-none-eabi/7.3.1/../../../../arm-none-eabi/lib/thumb/v7-m\libc_nano.a(lib_a-exit.o)
                              e:/programs/stm32_ide/stm32cubeide_1.4.0/stm32cubeide/plugins/com.st.stm32cube.ide.mcu.externaltools.gnu-tools-for-stm32.7-2018-q2-update.win32_1.4.0.202007081208/tools/bin/../lib/gcc/arm-none-eabi/7.3.1/../../../../arm-none-eabi/lib/thumb/v7-m/crt0.o (exit)
e:/programs/stm32_ide/stm32cubeide_1.4.0/stm32cubeide/plugins/com.st.stm32cube.ide.mcu.externaltools.gnu-tools-for-stm32.7-2018-q2-update.win32_1.4.0.202007081208/tools/bin/../lib/gcc/arm-none-eabi/7.3.1/../../../../arm-none-eabi/lib/thumb/v7-m\libc_nano.a(lib_a-impure.o)
                              e:/programs/stm32_ide/stm32cubeide_1.4.0/stm32cubeide/plugins/com.st.stm32cube.ide.mcu.externaltools.gnu-tools-for-stm32.7-2018-q2-update.win32_1.4.0.202007081208/tools/bin/../lib/gcc/arm-none-eabi/7.3.1/../../../../arm-none-eabi/lib/thumb/v7-m\libc_nano.a(lib_a-exit.o) (_global_impure_ptr)
e:/programs/stm32_ide/stm32cubeide_1.4.0/stm32cubeide/plugins/com.st.stm32cube.ide.mcu.externaltools.gnu-tools-for-stm32.7-2018-q2-update.win32_1.4.0.202007081208/tools/bin/../lib/gcc/arm-none-eabi/7.3.1/../../../../arm-none-eabi/lib/thumb/v7-m\libc_nano.a(lib_a-init.o)
                              e:/programs/stm32_ide/stm32cubeide_1.4.0/stm32cubeide/plugins/com.st.stm32cube.ide.mcu.externaltools.gnu-tools-for-stm32.7-2018-q2-update.win32_1.4.0.202007081208/tools/bin/../lib/gcc/arm-none-eabi/7.3.1/../../../../arm-none-eabi/lib/thumb/v7-m/crt0.o (__libc_init_array)
e:/programs/stm32_ide/stm32cubeide_1.4.0/stm32cubeide/plugins/com.st.stm32cube.ide.mcu.externaltools.gnu-tools-for-stm32.7-2018-q2-update.win32_1.4.0.202007081208/tools/bin/../lib/gcc/arm-none-eabi/7.3.1/../../../../arm-none-eabi/lib/thumb/v7-m\libc_nano.a(lib_a-memset.o)
                              e:/programs/stm32_ide/stm32cubeide_1.4.0/stm32cubeide/plugins/com.st.stm32cube.ide.mcu.externaltools.gnu-tools-for-stm32.7-2018-q2-update.win32_1.4.0.202007081208/tools/bin/../lib/gcc/arm-none-eabi/7.3.1/../../../../arm-none-eabi/lib/thumb/v7-m/crt0.o (memset)

Allocating common symbols
Common symbol       size              file

key                 0x1               Src/main.o
PinCfg              0x4               HAL/LCD.o
GP_IRQ_CallBack     0x3c              STM32_F103C6_Drivers/STM32_F103_C6_EXTI.o

Discarded input sections

 .text          0x0000000000000000        0x0 e:/programs/stm32_ide/stm32cubeide_1.4.0/stm32cubeide/plugins/com.st.stm32cube.ide.mcu.externaltools.gnu-tools-for-stm32.7-2018-q2-update.win32_1.4.0.202007081208/tools/bin/../lib/gcc/arm-none-eabi/7.3.1/thumb/v7-m/crti.o
 .data          0x0000000000000000        0x0 e:/programs/stm32_ide/stm32cubeide_1.4.0/stm32cubeide/plugins/com.st.stm32cube.ide.mcu.externaltools.gnu-tools-for-stm32.7-2018-q2-update.win32_1.4.0.202007081208/tools/bin/../lib/gcc/arm-none-eabi/7.3.1/thumb/v7-m/crti.o
 .bss           0x0000000000000000        0x0 e:/programs/stm32_ide/stm32cubeide_1.4.0/stm32cubeide/plugins/com.st.stm32cube.ide.mcu.externaltools.gnu-tools-for-stm32.7-2018-q2-update.win32_1.4.0.202007081208/tools/bin/../lib/gcc/arm-none-eabi/7.3.1/thumb/v7-m/crti.o
 .data          0x0000000000000000        0x4 e:/programs/stm32_ide/stm32cubeide_1.4.0/stm32cubeide/plugins/com.st.stm32cube.ide.mcu.externaltools.gnu-tools-for-stm32.7-2018-q2-update.win32_1.4.0.202007081208/tools/bin/../lib/gcc/arm-none-eabi/7.3.1/thumb/v7-m/crtbegin.o
 .text          0x0000000000000000       0x74 e:/programs/stm32_ide/stm32cubeide_1.4.0/stm32cubeide/plugins/com.st.stm32cube.ide.mcu.externaltools.gnu-tools-for-stm32.7-2018-q2-update.win32_1.4.0.202007081208/tools/bin/../lib/gcc/arm-none-eabi/7.3.1/../../../../arm-none-eabi/lib/thumb/v7-m/crt0.o
 .data          0x0000000000000000        0x0 e:/programs/stm32_ide/stm32cubeide_1.4.0/stm32cubeide/plugins/com.st.stm32cube.ide.mcu.externaltools.gnu-tools-for-stm32.7-2018-q2-update.win32_1.4.0.202007081208/tools/bin/../lib/gcc/arm-none-eabi/7.3.1/../../../../arm-none-eabi/lib/thumb/v7-m/crt0.o
 .bss           0x0000000000000000        0x0 e:/programs/stm32_ide/stm32cubeide_1.4.0/stm32cubeide/plugins/com.st.stm32cube.ide.mcu.externaltools.gnu-tools-for-stm32.7-2018-q2-update.win32_1.4.0.202007081208/tools/bin/../lib/gcc/arm-none-eabi/7.3.1/../../../../arm-none-eabi/lib/thumb/v7-m/crt0.o
[...]
Memory Configuration

Name             Origin             Length             Attributes
RAM              0x0000000020000000 0x0000000000002800 xrw
ROM              0x0000000008000000 0x0000000000008000 xr
*default*        0x0000000000000000 0xffffffffffffffff

Linker script and memory map

LOAD e:/programs/stm32_ide/stm32cubeide_1.4.0/stm32cubeide/plugins/com.st.stm32cube.ide.mcu.externaltools.gnu-tools-for-stm32.7-2018-q2-update.win32_1.4.0.202007081208/tools/bin/../lib/gcc/arm-none-eabi/7.3.1/thumb/v7-m/crti.o
LOAD e:/programs/stm32_ide/stm32cubeide_1.4.0/stm32cubeide/plugins/com.st.stm32cube.ide.mcu.externaltools.gnu-tools-for-stm32.7-2018-q2-update.win32_1.4.0.202007081208/tools/bin/../lib/gcc/arm-none-eabi/7.3.1/thumb/v7-m/crtbegin.o
LOAD e:/programs/stm32_ide/stm32cubeide_1.4.0/stm32cubeide/plugins/com.st.stm32cube.ide.mcu.externaltools.gnu-tools-for-stm32.7-2018-q2-update.win32_1.4.0.202007081208/tools/bin/../lib/gcc/arm-none-eabi/7.3.1/../../../../arm-none-eabi/lib/thumb/v7-m/crt0.o
LOAD HAL/Keypad_Driver.o
LOAD HAL/LCD.o
LOAD HAL/Seven_segment.o
LOAD STM32_F103C6_Drivers/STM32_F103_C6_EXTI.o
LOAD STM32_F103C6_Drivers/STM32_F103_C6_GPIO.o
LOAD STM32_F103C6_Drivers/STM32_F103_C6_RCC.o
LOAD STM32_F103C6_Drivers/STM32_F103_C6_SPI.o
LOAD STM32_F103C6_Drivers/STM32_F103_C6_USART.o
LOAD Src/main.o
LOAD Src/syscalls.o
LOAD Src/sysmem.o
LOAD Startup/startup_stm32f103c6tx.o
START GROUP
LOAD e:/programs/stm32_ide/stm32cubeide_1.4.0/stm32cubeide/plugins/com.st.stm32cube.ide.mcu.externaltools.gnu-tools-for-stm32.7-2018-q2-update.win32_1.4.0.202007081208/tools/bin/../lib/gcc/arm-none-eabi/7.3.1/../../../../arm-none-eabi/lib/thumb/v7-m\libc_nano.a
LOAD e:/programs/stm32_ide/stm32cubeide_1.4.0/stm32cubeide/plugins/com.st.stm32cube.ide.mcu.externaltools.gnu-tools-for-stm32.7-2018-q2-update.win32_1.4.0.202007081208/tools/bin/../lib/gcc/arm-none-eabi/7.3.1/../../../../arm-none-eabi/lib/thumb/v7-m\libm.a
END GROUP
START GROUP
LOAD e:/programs/stm32_ide/stm32cubeide_1.4.0/stm32cubeide/plugins/com.st.stm32cube.ide.mcu.externaltools.gnu-tools-for-stm32.7-2018-q2-update.win32_1.4.0.202007081208/tools/bin/../lib/gcc/arm-none-eabi/7.3.1/thumb/v7-m\libgcc.a
LOAD e:/programs/stm32_ide/stm32cubeide_1.4.0/stm32cubeide/plugins/com.st.stm32cube.ide.mcu.externaltools.gnu-tools-for-stm32.7-2018-q2-update.win32_1.4.0.202007081208/tools/bin/../lib/gcc/arm-none-eabi/7.3.1/../../../../arm-none-eabi/lib/thumb/v7-m\libg_nano.a
LOAD e:/programs/stm32_ide/stm32cubeide_1.4.0/stm32cubeide/plugins/com.st.stm32cube.ide.mcu.externaltools.gnu-tools-for-stm32.7-2018-q2-update.win32_1.4.0.202007081208/tools/bin/../lib/gcc/arm-none-eabi/7.3.1/../../../../arm-none-eabi/lib/thumb/v7-m\libc_nano.a
END GROUP
START GROUP
LOAD e:/programs/stm32_ide/stm32cubeide_1.4.0/stm32cubeide/plugins/com.st.stm32cube.ide.mcu.externaltools.gnu-tools-for-stm32.7-2018-q2-update.win32_1.4.0.202007081208/tools/bin/../lib/gcc/arm-none-eabi/7.3.1/thumb/v7-m\libgcc.a
LOAD e:/programs/stm32_ide/stm32cubeide_1.4.0/stm32cubeide/plugins/com.st.stm32cube.ide.mcu.externaltools.gnu-tools-for-stm32.7-2018-q2-update.win32_1.4.0.202007081208/tools/bin/../lib/gcc/arm-none-eabi/7.3.1/../../../../arm-none-eabi/lib/thumb/v7-m\libc_nano.a
LOAD e:/programs/stm32_ide/stm32cubeide_1.4.0/stm32cubeide/plugins/com.st.stm32cube.ide.mcu.externaltools.gnu-tools-for-stm32.7-2018-q2-update.win32_1.4.0.202007081208/tools/bin/../lib/gcc/arm-none-eabi/7.3.1/../../../../arm-none-eabi/lib/thumb/v7-m\libnosys.a
END GROUP
START GROUP
LOAD e:/programs/stm32_ide/stm32cubeide_1.4.0/stm32cubeide/plugins/com.st.stm32cube.ide.mcu.externaltools.gnu-tools-for-stm32.7-2018-q2-update.win32_1.4.0.202007081208/tools/bin/../lib/gcc/arm-none-eabi/7.3.1/thumb/v7-m\libgcc.a
LOAD e:/programs/stm32_ide/stm32cubeide_1.4.0/stm32cubeide/plugins/com.st.stm32cube.ide.mcu.externaltools.gnu-tools-for-stm32.7-2018-q2-update.win32_1.4.0.202007081208/tools/bin/../lib/gcc/arm-none-eabi/7.3.1/../../../../arm-none-eabi/lib/thumb/v7-m\libc_nano.a
LOAD e:/programs/stm32_ide/stm32cubeide_1.4.0/stm32cubeide/plugins/com.st.stm32cube.ide.mcu.externaltools.gnu-tools-for-stm32.7-2018-q2-update.win32_1.4.0.202007081208/tools/bin/../lib/gcc/arm-none-eabi/7.3.1/../../../../arm-none-eabi/lib/thumb/v7-m\libnosys.a
END GROUP
LOAD e:/programs/stm32_ide/stm32cubeide_1.4.0/stm32cubeide/plugins/com.st.stm32cube.ide.mcu.externaltools.gnu-tools-for-stm32.7-2018-q2-update.win32_1.4.0.202007081208/tools/bin/../lib/gcc/arm-none-eabi/7.3.1/thumb/v7-m/crtend.o
LOAD e:/programs/stm32_ide/stm32cubeide_1.4.0/stm32cubeide/plugins/com.st.stm32cube.ide.mcu.externaltools.gnu-tools-for-stm32.7-2018-q2-update.win32_1.4.0.202007081208/tools/bin/../lib/gcc/arm-none-eabi/7.3.1/thumb/v7-m/crtn.o
                0x0000000020002800                _estack = (ORIGIN (RAM) + LENGTH (RAM))
                0x0000000000000200                _Min_Heap_Size = 0x200
                0x0000000000000400                _Min_Stack_Size = 0x400

.isr_vector     0x0000000008000000      0x130
                0x0000000008000000                . = ALIGN (0x4)
 *(.isr_vector)
 .isr_vector    0x0000000008000000      0x130 Startup/startup_stm32f103c6tx.o
                0x0000000008000000                g_pfnVectors
                0x0000000008000130                . = ALIGN (0x4)

.text           0x0000000008000130      0xde0
                0x0000000008000130                . = ALIGN (0x4)
 *(.text)
 .text          0x0000000008000130       0x40 e:/programs/stm32_ide/stm32cubeide_1.4.0/stm32cubeide/plugins/com.st.stm32cube.ide.mcu.externaltools.gnu-tools-for-stm32.7-2018-q2-update.win32_1.4.0.202007081208/tools/bin/../lib/gcc/arm-none-eabi/7.3.1/thumb/v7-m/crtbegin.o
 *(.text*)
 .text.EXTI0_IRQHandler
                0x0000000008000170       0x24 STM32_F103C6_Drivers/STM32_F103_C6_EXTI.o
                0x0000000008000170                EXTI0_IRQHandler
 .text.EXTI1_IRQHandler
                0x0000000008000194       0x24 STM32_F103C6_Drivers/STM32_F103_C6_EXTI.o
                0x0000000008000194                EXTI1_IRQHandler
 .text.EXTI2_IRQHandler
                0x00000000080001b8       0x24 STM32_F103C6_Drivers/STM32_F103_C6_EXTI.o
                0x00000000080001b8                EXTI2_IRQHandler
 .text.EXTI3_IRQHandler
                0x00000000080001dc       0x24 STM32_F103C6_Drivers/STM32_F103_C6_EXTI.o
                0x00000000080001dc                EXTI3_IRQHandler
 .text.EXTI4_IRQHandler
                0x0000000008000200       0x24 STM32_F103C6_Drivers/STM32_F103_C6_EXTI.o
                0x0000000008000200                EXTI4_IRQHandler
 .text.EXTI9_5_IRQHandler
                0x0000000008000224       0xa8 STM32_F103C6_Drivers/STM32_F103_C6_EXTI.o
                0x0000000008000224                EXTI9_5_IRQHandler
 .text.EXTI15_10_IRQHandler
                0x00000000080002cc       0xc4 STM32_F103C6_Drivers/STM32_F103_C6_EXTI.o
                0x00000000080002cc                EXTI15_10_IRQHandler
 .text.Get_CRLH_Position
                0x0000000008000390       0xc6 STM32_F103C6_Drivers/STM32_F103_C6_GPIO.o
                0x0000000008000390                Get_CRLH_Position
 .text.MCAL_GPIO_init
                0x0000000008000456       0xfe STM32_F103C6_Drivers/STM32_F103_C6_GPIO.o
                0x0000000008000456                MCAL_GPIO_init
 .text.MCAL_GPIO_WritePin
                0x0000000008000554       0x2e STM32_F103C6_Drivers/STM32_F103_C6_GPIO.o
                0x0000000008000554                MCAL_GPIO_WritePin
 *fill*         0x0000000008000582        0x2 
 .text.MCAL_RCC_GetSysCLK_Freq
                0x0000000008000584       0x3c STM32_F103C6_Drivers/STM32_F103_C6_RCC.o
                0x0000000008000584                MCAL_RCC_GetSysCLK_Freq
 .text.MCAL_RCC_GetHCLK_Freq
                0x00000000080005c0       0x28 STM32_F103C6_Drivers/STM32_F103_C6_RCC.o
                0x00000000080005c0                MCAL_RCC_GetHCLK_Freq
 .text.MCAL_RCC_GetPCLK1_Freq
                0x00000000080005e8       0x28 STM32_F103C6_Drivers/STM32_F103_C6_RCC.o
                0x00000000080005e8                MCAL_RCC_GetPCLK1_Freq
 .text.MCAL_RCC_GetPCLK2_Freq
                0x0000000008000610       0x28 STM32_F103C6_Drivers/STM32_F103_C6_RCC.o
                0x0000000008000610                MCAL_RCC_GetPCLK2_Freq
 .text.MCAL_SPI_Init
                0x0000000008000638      0x120 STM32_F103C6_Drivers/STM32_F103_C6_SPI.o
                0x0000000008000638                MCAL_SPI_Init
 .text.MCAL_SPI_GPIO_set_pins
                0x0000000008000758      0x1f0 STM32_F103C6_Drivers/STM32_F103_C6_SPI.o
                0x0000000008000758                MCAL_SPI_GPIO_set_pins
 .text.MCAL_SPI_send_and_recieve_data
                0x0000000008000948       0x48 STM32_F103C6_Drivers/STM32_F103_C6_SPI.o
                0x0000000008000948                MCAL_SPI_send_and_recieve_data
 .text.SPI1_IRQHandler
                0x0000000008000990       0x5c STM32_F103C6_Drivers/STM32_F103_C6_SPI.o
                0x0000000008000990                SPI1_IRQHandler
 .text.SPI2_IRQHandler
                0x00000000080009ec       0x5c STM32_F103C6_Drivers/STM32_F103_C6_SPI.o
                0x00000000080009ec                SPI2_IRQHandler
 .text.MCAL_UART_Init
                0x0000000008000a48      0x184 STM32_F103C6_Drivers/STM32_F103_C6_USART.o
                0x0000000008000a48                MCAL_UART_Init
 .text.MCAL_UART_Set_GPIO_Pins
                0x0000000008000bcc       0xc8 STM32_F103C6_Drivers/STM32_F103_C6_USART.o
                0x0000000008000bcc                MCAL_UART_Set_GPIO_Pins
 .text.MCAL_UART_Send_Data
                0x0000000008000c94       0x2e STM32_F103C6_Drivers/STM32_F103_C6_USART.o
                0x0000000008000c94                MCAL_UART_Send_Data
 .text.MCAL_UART_Recieve_Data
                0x0000000008000cc2       0x2c STM32_F103C6_Drivers/STM32_F103_C6_USART.o
                0x0000000008000cc2                MCAL_UART_Recieve_Data
 *fill*         0x0000000008000cee        0x2 
 .text.USART1_IRQHandler
                0x0000000008000cf0       0x14 STM32_F103C6_Drivers/STM32_F103_C6_USART.o
                0x0000000008000cf0                USART1_IRQHandler
 .text.USART2_IRQHandler
                0x0000000008000d04       0x14 STM32_F103C6_Drivers/STM32_F103_C6_USART.o
                0x0000000008000d04                USART2_IRQHandler
 .text.USART3_IRQHandler
                0x0000000008000d18       0x14 STM32_F103C6_Drivers/STM32_F103_C6_USART.o
                0x0000000008000d18                USART3_IRQHandler
 .text.UART_IRQ_Callback
                0x0000000008000d2c       0x4c Src/main.o
                0x0000000008000d2c                UART_IRQ_Callback
 .text.clock_init
                0x0000000008000d78       0x34 Src/main.o
                0x0000000008000d78                clock_init
 .text.main     0x0000000008000dac       0xb0 Src/main.o
                0x0000000008000dac                main
 .text.Reset_Handler
                0x0000000008000e5c       0x50 Startup/startup_stm32f103c6tx.o
                0x0000000008000e5c                Reset_Handler
 .text.Default_Handler
                0x0000000008000eac        0x2 Startup/startup_stm32f103c6tx.o
                0x0000000008000eac                TIM8_TRG_COM_IRQHandler
                0x0000000008000eac                TIM8_CC_IRQHandler
                0x0000000008000eac                DebugMon_Handler
                0x0000000008000eac                TIM1_CC_IRQHandler
                0x0000000008000eac                HardFault_Handler
                0x0000000008000eac                TIM6_IRQHandler
                0x0000000008000eac                SysTick_Handler
                0x0000000008000eac                PVD_IRQHandler
                0x0000000008000eac                SDIO_IRQHandler
                0x0000000008000eac                PendSV_Handler
                0x0000000008000eac                NMI_Handler
                0x0000000008000eac                USB_HP_CAN_TX_IRQHandler
                0x0000000008000eac                I2C2_EV_IRQHandler
                0x0000000008000eac                UsageFault_Handler
                0x0000000008000eac                ADC1_2_IRQHandler
                0x0000000008000eac                CAN_SCE_IRQHandler
                0x0000000008000eac                TAMPER_IRQHandler
                0x0000000008000eac                TIM8_UP_IRQHandler
                0x0000000008000eac                DMA2_Channel2_IRQHandler
                0x0000000008000eac                DMA1_Channel4_IRQHandler
                0x0000000008000eac                RTC_IRQHandler
                0x0000000008000eac                DMA1_Channel7_IRQHandler
                0x0000000008000eac                UART5_IRQHandler
                0x0000000008000eac                ADC3_IRQHandler
                0x0000000008000eac                TIM4_IRQHandler
                0x0000000008000eac                CAN_RX1_IRQHandler
                0x0000000008000eac                DMA2_Channel1_IRQHandler
                0x0000000008000eac                I2C1_EV_IRQHandler
                0x0000000008000eac                DMA1_Channel6_IRQHandler
                0x0000000008000eac                UART4_IRQHandler
                0x0000000008000eac                TIM3_IRQHandler
                0x0000000008000eac                RCC_IRQHandler
                0x0000000008000eac                TIM1_TRG_COM_IRQHandler
                0x0000000008000eac                DMA1_Channel1_IRQHandler
                0x0000000008000eac                Default_Handler
                0x0000000008000eac                TIM7_IRQHandler
                0x0000000008000eac                TIM5_IRQHandler
                0x0000000008000eac                USB_LP_CAN_RX0_IRQHandler
                0x0000000008000eac                MemManage_Handler
                0x0000000008000eac                SVC_Handler
                0x0000000008000eac                DMA1_Channel5_IRQHandler
                0x0000000008000eac                DMA1_Channel3_IRQHandler
                0x0000000008000eac                FSMC_IRQHandler
                0x0000000008000eac                TIM1_UP_IRQHandler
                0x0000000008000eac                WWDG_IRQHandler
                0x0000000008000eac                TIM2_IRQHandler
                0x0000000008000eac                TIM1_BRK_IRQHandler
                0x0000000008000eac                RTCAlarm_IRQHandler
                0x0000000008000eac                DMA2_Channel4_5_IRQHandler
                0x0000000008000eac                I2C2_ER_IRQHandler
                0x0000000008000eac                DMA1_Channel2_IRQHandler
                0x0000000008000eac                TIM8_BRK_IRQHandler
                0x0000000008000eac                FLASH_IRQHandler
                0x0000000008000eac                BusFault_Handler
                0x0000000008000eac                SPI3_IRQHandler
                0x0000000008000eac                I2C1_ER_IRQHandler
                0x0000000008000eac                DMA2_Channel3_IRQHandler
 *fill*         0x0000000008000eae        0x2 
 .text.__libc_init_array
                0x0000000008000eb0       0x48 e:/programs/stm32_ide/stm32cubeide_1.4.0/stm32cubeide/plugins/com.st.stm32cube.ide.mcu.externaltools.gnu-tools-for-stm32.7-2018-q2-update.win32_1.4.0.202007081208/tools/bin/../lib/gcc/arm-none-eabi/7.3.1/../../../../arm-none-eabi/lib/thumb/v7-m\libc_nano.a(lib_a-init.o)
                0x0000000008000eb0                __libc_init_array
 *(.glue_7)
 .glue_7        0x0000000008000ef8        0x0 linker stubs
 *(.glue_7t)
 .glue_7t       0x0000000008000ef8        0x0 linker stubs
 *(.eh_frame)
 .eh_frame      0x0000000008000ef8        0x0 e:/programs/stm32_ide/stm32cubeide_1.4.0/stm32cubeide/plugins/com.st.stm32cube.ide.mcu.externaltools.gnu-tools-for-stm32.7-2018-q2-update.win32_1.4.0.202007081208/tools/bin/../lib/gcc/arm-none-eabi/7.3.1/thumb/v7-m/crtbegin.o
 *(.init)
 .init          0x0000000008000ef8        0x4 e:/programs/stm32_ide/stm32cubeide_1.4.0/stm32cubeide/plugins/com.st.stm32cube.ide.mcu.externaltools.gnu-tools-for-stm32.7-2018-q2-update.win32_1.4.0.202007081208/tools/bin/../lib/gcc/arm-none-eabi/7.3.1/thumb/v7-m/crti.o
                0x0000000008000ef8                _init
 .init          0x0000000008000efc        0x8 e:/programs/stm32_ide/stm32cubeide_1.4.0/stm32cubeide/plugins/com.st.stm32cube.ide.mcu.externaltools.gnu-tools-for-stm32.7-2018-q2-update.win32_1.4.0.202007081208/tools/bin/../lib/gcc/arm-none-eabi/7.3.1/thumb/v7-m/crtn.o
 *(.fini)
 .fini          0x0000000008000f04        0x4 e:/programs/stm32_ide/stm32cubeide_1.4.0/stm32cubeide/plugins/com.st.stm32cube.ide.mcu.externaltools.gnu-tools-for-stm32.7-2018-q2-update.win32_1.4.0.202007081208/tools/bin/../lib/gcc/arm-none-eabi/7.3.1/thumb/v7-m/crti.o
                0x0000000008000f04                _fini
 .fini          0x0000000008000f08        0x8 e:/programs/stm32_ide/stm32cubeide_1.4.0/stm32cubeide/plugins/com.st.stm32cube.ide.mcu.externaltools.gnu-tools-for-stm32.7-2018-q2-update.win32_1.4.0.202007081208/tools/bin/../lib/gcc/arm-none-eabi/7.3.1/thumb/v7-m/crtn.o
                0x0000000008000f10                . = ALIGN (0x4)
                0x0000000008000f10                _etext = .

.vfp11_veneer   0x0000000008000f10        0x0
 .vfp11_veneer  0x0000000008000f10        0x0 linker stubs

.v4_bx          0x0000000008000f10        0x0
 .v4_bx         0x0000000008000f10        0x0 linker stubs

.iplt           0x0000000008000f10        0x0
 .iplt          0x0000000008000f10        0x0 e:/programs/stm32_ide/stm32cubeide_1.4.0/stm32cubeide/plugins/com.st.stm32cube.ide.mcu.externaltools.gnu-tools-for-stm32.7-2018-q2-update.win32_1.4.0.202007081208/tools/bin/../lib/gcc/arm-none-eabi/7.3.1/thumb/v7-m/crtbegin.o

.rodata         0x0000000008000f10        0x8
                0x0000000008000f10                . = ALIGN (0x4)
 *(.rodata)
 *(.rodata*)
 .rodata.APB_Prescaler_table
                0x0000000008000f10        0x8 STM32_F103C6_Drivers/STM32_F103_C6_RCC.o
                0x0000000008000f10                APB_Prescaler_table
                0x0000000008000f18                . = ALIGN (0x4)

.rel.dyn        0x0000000008000f18        0x0
 .rel.iplt      0x0000000008000f18        0x0 e:/programs/stm32_ide/stm32cubeide_1.4.0/stm32cubeide/plugins/com.st.stm32cube.ide.mcu.externaltools.gnu-tools-for-stm32.7-2018-q2-update.win32_1.4.0.202007081208/tools/bin/../lib/gcc/arm-none-eabi/7.3.1/thumb/v7-m/crtbegin.o

.ARM.extab      0x0000000008000f18        0x0
                0x0000000008000f18                . = ALIGN (0x4)
 *(.ARM.extab* .gnu.linkonce.armextab.*)
                0x0000000008000f18                . = ALIGN (0x4)

.ARM            0x0000000008000f18        0x0
                0x0000000008000f18                . = ALIGN (0x4)
                0x0000000008000f18                __exidx_start = .
 *(.ARM.exidx*)
                0x0000000008000f18                __exidx_end = .
                0x0000000008000f18                . = ALIGN (0x4)

.preinit_array  0x0000000008000f18        0x0
                0x0000000008000f18                . = ALIGN (0x4)
                0x0000000008000f18                PROVIDE (__preinit_array_start = .)
 *(.preinit_array*)
                0x0000000008000f18                PROVIDE (__preinit_array_end = .)
                0x0000000008000f18                . = ALIGN (0x4)

.init_array     0x0000000008000f18        0x4
                0x0000000008000f18                . = ALIGN (0x4)
                0x0000000008000f18                PROVIDE (__init_array_start = .)
 *(SORT_BY_NAME(.init_array.*))
 *(.init_array*)
 .init_array    0x0000000008000f18        0x4 e:/programs/stm32_ide/stm32cubeide_1.4.0/stm32cubeide/plugins/com.st.stm32cube.ide.mcu.externaltools.gnu-tools-for-stm32.7-2018-q2-update.win32_1.4.0.202007081208/tools/bin/../lib/gcc/arm-none-eabi/7.3.1/thumb/v7-m/crtbegin.o
                0x0000000008000f1c                PROVIDE (__init_array_end = .)
                0x0000000008000f1c                . = ALIGN (0x4)

.fini_array     0x0000000008000f1c        0x4
                0x0000000008000f1c                . = ALIGN (0x4)
                [!provide]                        PROVIDE (__fini_array_start = .)
 *(SORT_BY_NAME(.fini_array.*))
 *(.fini_array*)
 .fini_array    0x0000000008000f1c        0x4 e:/programs/stm32_ide/stm32cubeide_1.4.0/stm32cubeide/plugins/com.st.stm32cube.ide.mcu.externaltools.gnu-tools-for-stm32.7-2018-q2-update.win32_1.4.0.202007081208/tools/bin/../lib/gcc/arm-none-eabi/7.3.1/thumb/v7-m/crtbegin.o
                [!provide]                        PROVIDE (__fini_array_end = .)
                0x0000000008000f20                . = ALIGN (0x4)
                0x0000000008000f20                _sidata = LOADADDR (.data)

.data           0x0000000020000000        0x0 load address 0x0000000008000f20
                0x0000000020000000                . = ALIGN (0x4)
                0x0000000020000000                _sdata = .
 *(.data)
 *(.data*)
                0x0000000020000000                . = ALIGN (0x4)
                0x0000000020000000                _edata = .

.igot.plt       0x0000000020000000        0x0 load address 0x0000000008000f20
 .igot.plt      0x0000000020000000        0x0 e:/programs/stm32_ide/stm32cubeide_1.4.0/stm32cubeide/plugins/com.st.stm32cube.ide.mcu.externaltools.gnu-tools-for-stm32.7-2018-q2-update.win32_1.4.0.202007081208/tools/bin/../lib/gcc/arm-none-eabi/7.3.1/thumb/v7-m/crtbegin.o
                0x0000000020000000                . = ALIGN (0x4)

.bss            0x0000000020000000       0x68 load address 0x0000000008000f20
                0x0000000020000000                _sbss = .
                0x0000000020000000                __bss_start__ = _sbss
 *(.bss)
 .bss           0x0000000020000000       0x1c e:/programs/stm32_ide/stm32cubeide_1.4.0/stm32cubeide/plugins/com.st.stm32cube.ide.mcu.externaltools.gnu-tools-for-stm32.7-2018-q2-update.win32_1.4.0.202007081208/tools/bin/../lib/gcc/arm-none-eabi/7.3.1/thumb/v7-m/crtbegin.o
 *(.bss*)
 .bss.Global_SPI_Config
                0x000000002000001c        0x8 STM32_F103C6_Drivers/STM32_F103_C6_SPI.o
                0x000000002000001c                Global_SPI_Config
 .bss.Global_UART_Config
                0x0000000020000024        0x4 STM32_F103C6_Drivers/STM32_F103_C6_USART.o
                0x0000000020000024                Global_UART_Config
 *(COMMON)
 COMMON         0x0000000020000028       0x3c STM32_F103C6_Drivers/STM32_F103_C6_EXTI.o
                0x0000000020000028                GP_IRQ_CallBack
 COMMON         0x0000000020000064        0x1 Src/main.o
                0x0000000020000064                key
                0x0000000020000068                . = ALIGN (0x4)
 *fill*         0x0000000020000065        0x3 
                0x0000000020000068                _ebss = .
                0x0000000020000068                __bss_end__ = _ebss

._user_heap_stack
                0x0000000020000068      0x600 load address 0x0000000008000f20
                0x0000000020000068                . = ALIGN (0x8)
                [!provide]                        PROVIDE (end = .)
                0x0000000020000068                PROVIDE (_end = .)
                0x0000000020000268                . = (. + _Min_Heap_Size)
 *fill*         0x0000000020000068      0x200 
                0x0000000020000668                . = (. + _Min_Stack_Size)
 *fill*         0x0000000020000268      0x400 
                0x0000000020000668                . = ALIGN (0x8)

/DISCARD/
 libc.a(*)
 libm.a(*)
 libgcc.a(*)

.ARM.attributes
                0x0000000000000000       0x29
 *(.ARM.attributes)
 .ARM.attributes
                0x0000000000000000       0x1d e:/programs/stm32_ide/stm32cubeide_1.4.0/stm32cubeide/plugins/com.st.stm32cube.ide.mcu.externaltools.gnu-tools-for-stm32.7-2018-q2-update.win32_1.4.0.202007081208/tools/bin/../lib/gcc/arm-none-eabi/7.3.1/thumb/v7-m/crti.o
 .ARM.attributes
                0x000000000000001d       0x2d e:/programs/stm32_ide/stm32cubeide_1.4.0/stm32cubeide/plugins/com.st.stm32cube.ide.mcu.externaltools.gnu-tools-for-stm32.7-2018-q2-update.win32_1.4.0.202007081208/tools/bin/../lib/gcc/arm-none-eabi/7.3.1/thumb/v7-m/crtbegin.o
 .ARM.attributes
                0x000000000000004a       0x33 STM32_F103C6_Drivers/STM32_F103_C6_EXTI.o
 .ARM.attributes
                0x000000000000007d       0x33 STM32_F103C6_Drivers/STM32_F103_C6_GPIO.o
 .ARM.attributes
                0x00000000000000b0       0x33 STM32_F103C6_Drivers/STM32_F103_C6_RCC.o
 .ARM.attributes
                0x00000000000000e3       0x33 STM32_F103C6_Drivers/STM32_F103_C6_SPI.o
 .ARM.attributes
                0x0000000000000116       0x33 STM32_F103C6_Drivers/STM32_F103_C6_USART.o
 .ARM.attributes
                0x0000000000000149       0x33 Src/main.o
 .ARM.attributes
                0x000000000000017c       0x21 Startup/startup_stm32f103c6tx.o
 .ARM.attributes
                0x000000000000019d       0x2d e:/programs/stm32_ide/stm32cubeide_1.4.0/stm32cubeide/plugins/com.st.stm32cube.ide.mcu.externaltools.gnu-tools-for-stm32.7-2018-q2-update.win32_1.4.0.202007081208/tools/bin/../lib/gcc/arm-none-eabi/7.3.1/../../../../arm-none-eabi/lib/thumb/v7-m\libc_nano.a(lib_a-init.o)
 .ARM.attributes
                0x00000000000001ca       0x1d e:/programs/stm32_ide/stm32cubeide_1.4.0/stm32cubeide/plugins/com.st.stm32cube.ide.mcu.externaltools.gnu-tools-for-stm32.7-2018-q2-update.win32_1.4.0.202007081208/tools/bin/../lib/gcc/arm-none-eabi/7.3.1/thumb/v7-m/crtn.o
OUTPUT(Drivers.elf elf32-littlearm)

.debug_info     0x0000000000000000     0x5203
 .debug_info    0x0000000000000000      0xdba STM32_F103C6_Drivers/STM32_F103_C6_EXTI.o
 .debug_info    0x0000000000000dba      0xd6f STM32_F103C6_Drivers/STM32_F103_C6_GPIO.o
 .debug_info    0x0000000000001b29      0xb25 STM32_F103C6_Drivers/STM32_F103_C6_RCC.o
 .debug_info    0x000000000000264e      0xeec STM32_F103C6_Drivers/STM32_F103_C6_SPI.o
 .debug_info    0x000000000000353a      0xdf1 STM32_F103C6_Drivers/STM32_F103_C6_USART.o
 .debug_info    0x000000000000432b      0xeb6 Src/main.o
 .debug_info    0x00000000000051e1       0x22 Startup/startup_stm32f103c6tx.o

.debug_abbrev   0x0000000000000000      0xcac
 .debug_abbrev  0x0000000000000000      0x228 STM32_F103C6_Drivers/STM32_F103_C6_EXTI.o
 .debug_abbrev  0x0000000000000228      0x218 STM32_F103C6_Drivers/STM32_F103_C6_GPIO.o
 .debug_abbrev  0x0000000000000440      0x19b STM32_F103C6_Drivers/STM32_F103_C6_RCC.o
 .debug_abbrev  0x00000000000005db      0x240 STM32_F103C6_Drivers/STM32_F103_C6_SPI.o
 .debug_abbrev  0x000000000000081b      0x23d STM32_F103C6_Drivers/STM32_F103_C6_USART.o
 .debug_abbrev  0x0000000000000a58      0x242 Src/main.o
 .debug_abbrev  0x0000000000000c9a       0x12 Startup/startup_stm32f103c6tx.o

.debug_loc      0x0000000000000000      0xd30
 .debug_loc     0x0000000000000000      0x320 STM32_F103C6_Drivers/STM32_F103_C6_EXTI.o
 .debug_loc     0x0000000000000320      0x330 STM32_F103C6_Drivers/STM32_F103_C6_GPIO.o
 .debug_loc     0x0000000000000650       0xc8 STM32_F103C6_Drivers/STM32_F103_C6_RCC.o
 .debug_loc     0x0000000000000718      0x2bc STM32_F103C6_Drivers/STM32_F103_C6_SPI.o
 .debug_loc     0x00000000000009d4      0x238 STM32_F103C6_Drivers/STM32_F103_C6_USART.o
 .debug_loc     0x0000000000000c0c      0x124 Src/main.o

.debug_aranges  0x0000000000000000      0x230
 .debug_aranges
                0x0000000000000000       0x80 STM32_F103C6_Drivers/STM32_F103_C6_EXTI.o
 .debug_aranges
                0x0000000000000080       0x60 STM32_F103C6_Drivers/STM32_F103_C6_GPIO.o
 .debug_aranges
                0x00000000000000e0       0x38 STM32_F103C6_Drivers/STM32_F103_C6_RCC.o
 .debug_aranges
                0x0000000000000118       0x58 STM32_F103C6_Drivers/STM32_F103_C6_SPI.o
 .debug_aranges
                0x0000000000000170       0x58 STM32_F103C6_Drivers/STM32_F103_C6_USART.o
 .debug_aranges
                0x00000000000001c8       0x40 Src/main.o
 .debug_aranges
                0x0000000000000208       0x28 Startup/startup_stm32f103c6tx.o

.debug_ranges   0x0000000000000000      0x1c8
 .debug_ranges  0x0000000000000000       0x70 STM32_F103C6_Drivers/STM32_F103_C6_EXTI.o
 .debug_ranges  0x0000000000000070       0x50 STM32_F103C6_Drivers/STM32_F103_C6_GPIO.o
 .debug_ranges  0x00000000000000c0       0x28 STM32_F103C6_Drivers/STM32_F103_C6_RCC.o
 .debug_ranges  0x00000000000000e8       0x48 STM32_F103C6_Drivers/STM32_F103_C6_SPI.o
 .debug_ranges  0x0000000000000130       0x48 STM32_F103C6_Drivers/STM32_F103_C6_USART.o
 .debug_ranges  0x0000000000000178       0x30 Src/main.o
 .debug_ranges  0x00000000000001a8       0x20 Startup/startup_stm32f103c6tx.o

.debug_macro    0x0000000000000000      0xe41
 .debug_macro   0x0000000000000000      0x158 STM32_F103C6_Drivers/STM32_F103_C6_EXTI.o
 .debug_macro   0x0000000000000158      0x21b STM32_F103C6_Drivers/STM32_F103_C6_EXTI.o
 .debug_macro   0x0000000000000373      0x13f STM32_F103C6_Drivers/STM32_F103_C6_GPIO.o
 .debug_macro   0x00000000000004b2      0x14c STM32_F103C6_Drivers/STM32_F103_C6_RCC.o
 .debug_macro   0x00000000000005fe       0xd0 STM32_F103C6_Drivers/STM32_F103_C6_RCC.o
 .debug_macro   0x00000000000006ce       0x10 STM32_F103C6_Drivers/STM32_F103_C6_RCC.o
 .debug_macro   0x00000000000006de      0x160 STM32_F103C6_Drivers/STM32_F103_C6_SPI.o
 .debug_macro   0x000000000000083e       0xbe STM32_F103C6_Drivers/STM32_F103_C6_SPI.o
 .debug_macro   0x00000000000008fc      0x157 STM32_F103C6_Drivers/STM32_F103_C6_USART.o
 .debug_macro   0x0000000000000a53       0xd6 STM32_F103C6_Drivers/STM32_F103_C6_USART.o
 .debug_macro   0x0000000000000b29      0x19e Src/main.o
 .debug_macro   0x0000000000000cc7       0xa0 Src/main.o
 .debug_macro   0x0000000000000d67       0x16 Src/main.o
 .debug_macro   0x0000000000000d7d       0xc4 Src/main.o

.debug_line     0x0000000000000000     0x2f2c
 .debug_line    0x0000000000000000      0x87e STM32_F103C6_Drivers/STM32_F103_C6_EXTI.o
 .debug_line    0x000000000000087e      0x7de STM32_F103C6_Drivers/STM32_F103_C6_GPIO.o
 .debug_line    0x000000000000105c      0x700 STM32_F103C6_Drivers/STM32_F103_C6_RCC.o
 .debug_line    0x000000000000175c      0x7b1 STM32_F103C6_Drivers/STM32_F103_C6_SPI.o
 .debug_line    0x0000000000001f0d      0x7c5 STM32_F103C6_Drivers/STM32_F103_C6_USART.o
 .debug_line    0x00000000000026d2      0x7d6 Src/main.o
 .debug_line    0x0000000000002ea8       0x84 Startup/startup_stm32f103c6tx.o

.debug_str      0x0000000000000000     0xa8a4
 .debug_str     0x0000000000000000     0x9400 STM32_F103C6_Drivers/STM32_F103_C6_EXTI.o
                                       0x9667 (size before relaxing)
 .debug_str     0x0000000000009400      0x161 STM32_F103C6_Drivers/STM32_F103_C6_GPIO.o
                                       0x8251 (size before relaxing)
 .debug_str     0x0000000000009561      0x102 STM32_F103C6_Drivers/STM32_F103_C6_RCC.o
                                       0x81ca (size before relaxing)
 .debug_str     0x0000000000009663      0x70b STM32_F103C6_Drivers/STM32_F103_C6_SPI.o
                                       0x884e (size before relaxing)
 .debug_str     0x0000000000009d6e      0x71e STM32_F103C6_Drivers/STM32_F103_C6_USART.o
                                       0x88e7 (size before relaxing)
 .debug_str     0x000000000000a48c      0x3e7 Src/main.o
                                       0xa44d (size before relaxing)
 .debug_str     0x000000000000a873       0x31 Startup/startup_stm32f103c6tx.o
                                         0x70 (size before relaxing)

.comment        0x0000000000000000       0x7b
 .comment       0x0000000000000000       0x7b STM32_F103C6_Drivers/STM32_F103_C6_EXTI.o
                                         0x7c (size before relaxing)
 .comment       0x000000000000007b       0x7c STM32_F103C6_Drivers/STM32_F103_C6_GPIO.o
 .comment       0x000000000000007b       0x7c STM32_F103C6_Drivers/STM32_F103_C6_RCC.o
 .comment       0x000000000000007b       0x7c STM32_F103C6_Drivers/STM32_F103_C6_SPI.o
 .comment       0x000000000000007b       0x7c STM32_F103C6_Drivers/STM32_F103_C6_USART.o
 .comment       0x000000000000007b       0x7c Src/main.o

.debug_frame    0x0000000000000000      0x6ec
 .debug_frame   0x0000000000000000      0x1b0 STM32_F103C6_Drivers/STM32_F103_C6_EXTI.o
 .debug_frame   0x00000000000001b0      0x178 STM32_F103C6_Drivers/STM32_F103_C6_GPIO.o
 .debug_frame   0x0000000000000328       0x84 STM32_F103C6_Drivers/STM32_F103_C6_RCC.o
 .debug_frame   0x00000000000003ac      0x144 STM32_F103C6_Drivers/STM32_F103_C6_SPI.o
 .debug_frame   0x00000000000004f0      0x124 STM32_F103C6_Drivers/STM32_F103_C6_USART.o
 .debug_frame   0x0000000000000614       0xac Src/main.o
 .debug_frame   0x00000000000006c0       0x2c e:/programs/stm32_ide/stm32cubeide_1.4.0/stm32cubeide/plugins/com.st.stm32cube.ide.mcu.externaltools.gnu-tools-for-stm32.7-2018-q2-update.win32_1.4.0.202007081208/tools/bin/../lib/gcc/arm-none-eabi/7.3.1/../../../../arm-none-eabi/lib/thumb/v7-m\libc_nano.a(lib_a-init.o)
