
Memory Configuration

Name             Origin             Length             Attributes
flash            0x08000000         0x00020000         xr
sram             0x20000000         0x00005000         xrw
*default*        0x00000000         0xffffffff

Linker script and memory map


.text           0x08000000       0xdc
 *(.vectors*)
 .vectors       0x08000000       0x58 startup_origin.o
 *(.text*)
 .text          0x08000058       0x7c main.o
                0x08000058                main
 .text          0x080000d4        0x8 startup_origin.o
 *(.rodata)

.glue_7         0x080000dc        0x0
 .glue_7        0x080000dc        0x0 linker stubs

.glue_7t        0x080000dc        0x0
 .glue_7t       0x080000dc        0x0 linker stubs

.vfp11_veneer   0x080000dc        0x0
 .vfp11_veneer  0x080000dc        0x0 linker stubs

.v4_bx          0x080000dc        0x0
 .v4_bx         0x080000dc        0x0 linker stubs

.iplt           0x080000dc        0x0
 .iplt          0x080000dc        0x0 main.o

.rel.dyn        0x080000dc        0x0
 .rel.iplt      0x080000dc        0x0 main.o

.data           0x080000dc        0x4
 *(.data)
 .data          0x080000dc        0x4 main.o
                0x080000dc                RegODR
 .data          0x080000e0        0x0 startup_origin.o

.igot.plt       0x080000e0        0x0
 .igot.plt      0x080000e0        0x0 main.o

.bss            0x20000000        0x0
 *(.bss*)
 .bss           0x20000000        0x0 main.o
 .bss           0x20000000        0x0 startup_origin.o
LOAD main.o
LOAD startup_origin.o
OUTPUT(learn_in_depth.elf elf32-littlearm)

.debug_info     0x00000000      0xa73
 .debug_info    0x00000000      0xa4d main.o
 .debug_info    0x00000a4d       0x26 startup_origin.o

.debug_abbrev   0x00000000      0x1de
 .debug_abbrev  0x00000000      0x1ca main.o
 .debug_abbrev  0x000001ca       0x14 startup_origin.o

.debug_loc      0x00000000       0x38
 .debug_loc     0x00000000       0x38 main.o

.debug_aranges  0x00000000       0x40
 .debug_aranges
                0x00000000       0x20 main.o
 .debug_aranges
                0x00000020       0x20 startup_origin.o

.debug_line     0x00000000      0x1a2
 .debug_line    0x00000000      0x160 main.o
 .debug_line    0x00000160       0x42 startup_origin.o

.debug_str      0x00000000      0x52e
 .debug_str     0x00000000      0x50e main.o
                                0x56f (size before relaxing)
 .debug_str     0x0000050e       0x20 startup_origin.o
                                 0x67 (size before relaxing)

.comment        0x00000000       0x7e
 .comment       0x00000000       0x7e main.o
                                 0x7f (size before relaxing)

.ARM.attributes
                0x00000000       0x31
 .ARM.attributes
                0x00000000       0x33 main.o
 .ARM.attributes
                0x00000033       0x21 startup_origin.o

.debug_frame    0x00000000       0x2c
 .debug_frame   0x00000000       0x2c main.o
