Archive member included to satisfy reference by file (symbol)

e:/programs/stm32_ide/stm32cubeide_1.4.0/stm32cubeide/plugins/com.st.stm32cube.ide.mcu.externaltools.gnu-tools-for-stm32.7-2018-q2-update.win32_1.4.0.202007081208/tools/bin/../lib/gcc/arm-none-eabi/7.3.1/../../../../arm-none-eabi/lib/thumb/v7-m\libc_nano.a(lib_a-errno.o)
                              Src/syscalls.o (__errno)
e:/programs/stm32_ide/stm32cubeide_1.4.0/stm32cubeide/plugins/com.st.stm32cube.ide.mcu.externaltools.gnu-tools-for-stm32.7-2018-q2-update.win32_1.4.0.202007081208/tools/bin/../lib/gcc/arm-none-eabi/7.3.1/../../../../arm-none-eabi/lib/thumb/v7-m\libc_nano.a(lib_a-exit.o)
                              e:/programs/stm32_ide/stm32cubeide_1.4.0/stm32cubeide/plugins/com.st.stm32cube.ide.mcu.externaltools.gnu-tools-for-stm32.7-2018-q2-update.win32_1.4.0.202007081208/tools/bin/../lib/gcc/arm-none-eabi/7.3.1/../../../../arm-none-eabi/lib/thumb/v7-m/crt0.o (exit)
e:/programs/stm32_ide/stm32cubeide_1.4.0/stm32cubeide/plugins/com.st.stm32cube.ide.mcu.externaltools.gnu-tools-for-stm32.7-2018-q2-update.win32_1.4.0.202007081208/tools/bin/../lib/gcc/arm-none-eabi/7.3.1/../../../../arm-none-eabi/lib/thumb/v7-m\libc_nano.a(lib_a-impure.o)
                              e:/programs/stm32_ide/stm32cubeide_1.4.0/stm32cubeide/plugins/com.st.stm32cube.ide.mcu.externaltools.gnu-tools-for-stm32.7-2018-q2-update.win32_1.4.0.202007081208/tools/bin/../lib/gcc/arm-none-eabi/7.3.1/../../../../arm-none-eabi/lib/thumb/v7-m\libc_nano.a(lib_a-exit.o) (_global_impure_ptr)
e:/programs/stm32_ide/stm32cubeide_1.4.0/stm32cubeide/plugins/com.st.stm32cube.ide.mcu.externaltools.gnu-tools-for-stm32.7-2018-q2-update.win32_1.4.0.202007081208/tools/bin/../lib/gcc/arm-none-eabi/7.3.1/../../../../arm-none-eabi/lib/thumb/v7-m\libc_nano.a(lib_a-init.o)
                              e:/programs/stm32_ide/stm32cubeide_1.4.0/stm32cubeide/plugins/com.st.stm32cube.ide.mcu.externaltools.gnu-tools-for-stm32.7-2018-q2-update.win32_1.4.0.202007081208/tools/bin/../lib/gcc/arm-none-eabi/7.3.1/../../../../arm-none-eabi/lib/thumb/v7-m/crt0.o (__libc_init_array)
e:/programs/stm32_ide/stm32cubeide_1.4.0/stm32cubeide/plugins/com.st.stm32cube.ide.mcu.externaltools.gnu-tools-for-stm32.7-2018-q2-update.win32_1.4.0.202007081208/tools/bin/../lib/gcc/arm-none-eabi/7.3.1/../../../../arm-none-eabi/lib/thumb/v7-m\libc_nano.a(lib_a-memset.o)
                              e:/programs/stm32_ide/stm32cubeide_1.4.0/stm32cubeide/plugins/com.st.stm32cube.ide.mcu.externaltools.gnu-tools-for-stm32.7-2018-q2-update.win32_1.4.0.202007081208/tools/bin/../lib/gcc/arm-none-eabi/7.3.1/../../../../arm-none-eabi/lib/thumb/v7-m/crt0.o (memset)

Allocating common symbols
Common symbol       size              file

PinCfg              0x4               HAL/LCD.o
GP_IRQ_CallBack     0x3c              STM32_F103C6_Drivers/STM32_F103_C6_EXTI.o

Discarded input sections

 .text          0x0000000000000000        0x0 e:/programs/stm32_ide/stm32cubeide_1.4.0/stm32cubeide/plugins/com.st.stm32cube.ide.mcu.externaltools.gnu-tools-for-stm32.7-2018-q2-update.win32_1.4.0.202007081208/tools/bin/../lib/gcc/arm-none-eabi/7.3.1/thumb/v7-m/crti.o
 .data          0x0000000000000000        0x0 e:/programs/stm32_ide/stm32cubeide_1.4.0/stm32cubeide/plugins/com.st.stm32cube.ide.mcu.externaltools.gnu-tools-for-stm32.7-2018-q2-update.win32_1.4.0.202007081208/tools/bin/../lib/gcc/arm-none-eabi/7.3.1/thumb/v7-m/crti.o
 .bss           0x0000000000000000        0x0 e:/programs/stm32_ide/stm32cubeide_1.4.0/stm32cubeide/plugins/com.st.stm32cube.ide.mcu.externaltools.gnu-tools-for-stm32.7-2018-q2-update.win32_1.4.0.202007081208/tools/bin/../lib/gcc/arm-none-eabi/7.3.1/thumb/v7-m/crti.o
 .data          0x0000000000000000        0x4 e:/programs/stm32_ide/stm32cubeide_1.4.0/stm32cubeide/plugins/com.st.stm32cube.ide.mcu.externaltools.gnu-tools-for-stm32.7-2018-q2-update.win32_1.4.0.202007081208/tools/bin/../lib/gcc/arm-none-eabi/7.3.1/thumb/v7-m/crtbegin.o
 .text          0x0000000000000000       0x74 e:/programs/stm32_ide/stm32cubeide_1.4.0/stm32cubeide/plugins/com.st.stm32cube.ide.mcu.externaltools.gnu-tools-for-stm32.7-2018-q2-update.win32_1.4.0.202007081208/tools/bin/../lib/gcc/arm-none-eabi/7.3.1/../../../../arm-none-eabi/lib/thumb/v7-m/crt0.o
 .data          0x0000000000000000        0x0 e:/programs/stm32_ide/stm32cubeide_1.4.0/stm32cubeide/plugins/com.st.stm32cube.ide.mcu.externaltools.gnu-tools-for-stm32.7-2018-q2-update.win32_1.4.0.202007081208/tools/bin/../lib/gcc/arm-none-eabi/7.3.1/../../../../arm-none-eabi/lib/thumb/v7-m/crt0.o
 .bss           0x0000000000000000        0x0 e:/programs/stm32_ide/stm32cubeide_1.4.0/stm32cubeide/plugins/com.st.stm32cube.ide.mcu.externaltools.gnu-tools-for-stm32.7-2018-q2-update.win32_1.4.0.202007081208/tools/bin/../lib/gcc/arm-none-eabi/7.3.1/../../../../arm-none-eabi/lib/thumb/v7-m/crt0.o
 .ARM.extab     0x0000000000000000        0x0 e:/programs/stm32_ide/stm32cubeide_1.4.0/stm32cubeide/plugins/com.st.stm32cube.ide.mcu.externaltools.gnu-tools-for-stm32.7-2018-q2-update.win32_1.4.0.202007081208/tools/bin/../lib/gcc/arm-none-eabi/7.3.1/../../../../arm-none-eabi/lib/thumb/v7-m/crt0.o
 .ARM.exidx     0x0000000000000000        0x8 e:/programs/stm32_ide/stm32cubeide_1.4.0/stm32cubeide/plugins/com.st.stm32cube.ide.mcu.externaltools.gnu-tools-for-stm32.7-2018-q2-update.win32_1.4.0.202007081208/tools/bin/../lib/gcc/arm-none-eabi/7.3.1/../../../../arm-none-eabi/lib/thumb/v7-m/crt0.o
 .ARM.attributes
                0x0000000000000000       0x1b e:/programs/stm32_ide/stm32cubeide_1.4.0/stm32cubeide/plugins/com.st.stm32cube.ide.mcu.externaltools.gnu-tools-for-stm32.7-2018-q2-update.win32_1.4.0.202007081208/tools/bin/../lib/gcc/arm-none-eabi/7.3.1/../../../../arm-none-eabi/lib/thumb/v7-m/crt0.o
 .group         0x0000000000000000        0xc HAL/Keypad_Driver.o
 .group         0x0000000000000000        0xc HAL/Keypad_Driver.o
 .group         0x0000000000000000        0xc HAL/Keypad_Driver.o
 .group         0x0000000000000000        0xc HAL/Keypad_Driver.o
 .group         0x0000000000000000        0xc HAL/Keypad_Driver.o
 .group         0x0000000000000000        0xc HAL/Keypad_Driver.o
 .group         0x0000000000000000        0xc HAL/Keypad_Driver.o
 .group         0x0000000000000000        0xc HAL/Keypad_Driver.o
 .group         0x0000000000000000        0xc HAL/Keypad_Driver.o
 .group         0x0000000000000000        0xc HAL/Keypad_Driver.o
 .group         0x0000000000000000        0xc HAL/Keypad_Driver.o
 .group         0x0000000000000000        0xc HAL/Keypad_Driver.o
 .group         0x0000000000000000        0xc HAL/Keypad_Driver.o
 .group         0x0000000000000000        0xc HAL/Keypad_Driver.o
 .group         0x0000000000000000        0xc HAL/Keypad_Driver.o
 .group         0x0000000000000000        0xc HAL/Keypad_Driver.o
 .group         0x0000000000000000        0xc HAL/Keypad_Driver.o
 .group         0x0000000000000000        0xc HAL/Keypad_Driver.o
 .group         0x0000000000000000        0xc HAL/Keypad_Driver.o
 .group         0x0000000000000000        0xc HAL/Keypad_Driver.o
 .group         0x0000000000000000        0xc HAL/Keypad_Driver.o
 .group         0x0000000000000000        0xc HAL/Keypad_Driver.o
 .group         0x0000000000000000        0xc HAL/Keypad_Driver.o
 .group         0x0000000000000000        0xc HAL/Keypad_Driver.o
 .group         0x0000000000000000        0xc HAL/Keypad_Driver.o
 .text          0x0000000000000000        0x0 HAL/Keypad_Driver.o
 .data          0x0000000000000000        0x0 HAL/Keypad_Driver.o
 .bss           0x0000000000000000        0x0 HAL/Keypad_Driver.o
 .data.keypad_rows
                0x0000000000000000       0x10 HAL/Keypad_Driver.o
 .data.keypad_cols
                0x0000000000000000       0x10 HAL/Keypad_Driver.o
 .text.keypad_init
                0x0000000000000000       0xcc HAL/Keypad_Driver.o
 .text.keyoad_getchar
                0x0000000000000000      0x194 HAL/Keypad_Driver.o
 .debug_info    0x0000000000000000      0xb08 HAL/Keypad_Driver.o
 .debug_abbrev  0x0000000000000000      0x1b7 HAL/Keypad_Driver.o
 .debug_loc     0x0000000000000000       0xa0 HAL/Keypad_Driver.o
 .debug_aranges
                0x0000000000000000       0x28 HAL/Keypad_Driver.o
 .debug_ranges  0x0000000000000000       0x18 HAL/Keypad_Driver.o
 .debug_macro   0x0000000000000000      0x152 HAL/Keypad_Driver.o
 .debug_macro   0x0000000000000000      0xa60 HAL/Keypad_Driver.o
 .debug_macro   0x0000000000000000       0x18 HAL/Keypad_Driver.o
 .debug_macro   0x0000000000000000       0x22 HAL/Keypad_Driver.o
 .debug_macro   0x0000000000000000       0x40 HAL/Keypad_Driver.o
 .debug_macro   0x0000000000000000       0x94 HAL/Keypad_Driver.o
 .debug_macro   0x0000000000000000       0x3c HAL/Keypad_Driver.o
 .debug_macro   0x0000000000000000       0x34 HAL/Keypad_Driver.o
 .debug_macro   0x0000000000000000       0x16 HAL/Keypad_Driver.o
 .debug_macro   0x0000000000000000      0x10e HAL/Keypad_Driver.o
 .debug_macro   0x0000000000000000       0x8d HAL/Keypad_Driver.o
 .debug_macro   0x0000000000000000       0x57 HAL/Keypad_Driver.o
 .debug_macro   0x0000000000000000       0x52 HAL/Keypad_Driver.o
 .debug_macro   0x0000000000000000       0x1f HAL/Keypad_Driver.o
 .debug_macro   0x0000000000000000       0x43 HAL/Keypad_Driver.o
 .debug_macro   0x0000000000000000       0x20 HAL/Keypad_Driver.o
 .debug_macro   0x0000000000000000      0x1a3 HAL/Keypad_Driver.o
 .debug_macro   0x0000000000000000      0x330 HAL/Keypad_Driver.o
 .debug_macro   0x0000000000000000       0x16 HAL/Keypad_Driver.o
 .debug_macro   0x0000000000000000       0x29 HAL/Keypad_Driver.o
 .debug_macro   0x0000000000000000       0xef HAL/Keypad_Driver.o
 .debug_macro   0x0000000000000000       0x6a HAL/Keypad_Driver.o
 .debug_macro   0x0000000000000000      0x1df HAL/Keypad_Driver.o
 .debug_macro   0x0000000000000000      0x22f HAL/Keypad_Driver.o
 .debug_macro   0x0000000000000000       0xca HAL/Keypad_Driver.o
 .debug_macro   0x0000000000000000       0x34 HAL/Keypad_Driver.o
 .debug_line    0x0000000000000000      0x7fd HAL/Keypad_Driver.o
 .debug_str     0x0000000000000000     0x7fb3 HAL/Keypad_Driver.o
 .comment       0x0000000000000000       0x7c HAL/Keypad_Driver.o
 .debug_frame   0x0000000000000000       0x58 HAL/Keypad_Driver.o
 .ARM.attributes
                0x0000000000000000       0x33 HAL/Keypad_Driver.o
 .group         0x0000000000000000        0xc HAL/LCD.o
 .group         0x0000000000000000        0xc HAL/LCD.o
 .group         0x0000000000000000        0xc HAL/LCD.o
 .group         0x0000000000000000        0xc HAL/LCD.o
 .group         0x0000000000000000        0xc HAL/LCD.o
 .group         0x0000000000000000        0xc HAL/LCD.o
 .group         0x0000000000000000        0xc HAL/LCD.o
 .group         0x0000000000000000        0xc HAL/LCD.o
 .group         0x0000000000000000        0xc HAL/LCD.o
 .group         0x0000000000000000        0xc HAL/LCD.o
 .group         0x0000000000000000        0xc HAL/LCD.o
 .group         0x0000000000000000        0xc HAL/LCD.o
 .group         0x0000000000000000        0xc HAL/LCD.o
 .group         0x0000000000000000        0xc HAL/LCD.o
 .group         0x0000000000000000        0xc HAL/LCD.o
 .group         0x0000000000000000        0xc HAL/LCD.o
 .group         0x0000000000000000        0xc HAL/LCD.o
 .group         0x0000000000000000        0xc HAL/LCD.o
 .group         0x0000000000000000        0xc HAL/LCD.o
 .group         0x0000000000000000        0xc HAL/LCD.o
 .group         0x0000000000000000        0xc HAL/LCD.o
 .group         0x0000000000000000        0xc HAL/LCD.o
 .group         0x0000000000000000        0xc HAL/LCD.o
 .group         0x0000000000000000        0xc HAL/LCD.o
 .group         0x0000000000000000        0xc HAL/LCD.o
 .text          0x0000000000000000        0x0 HAL/LCD.o
 .data          0x0000000000000000        0x0 HAL/LCD.o
 .bss           0x0000000000000000        0x0 HAL/LCD.o
 .text.LCD_Enable_Function
                0x0000000000000000       0x2c HAL/LCD.o
 .text._delay_ms
                0x0000000000000000       0x38 HAL/LCD.o
 .text.gpio_init
                0x0000000000000000      0x158 HAL/LCD.o
 .text.LCD_CMD  0x0000000000000000       0x58 HAL/LCD.o
 .text.change_to_output
                0x0000000000000000       0xe0 HAL/LCD.o
 .text.change_to_input
                0x0000000000000000       0xb0 HAL/LCD.o
 .text.LCD_init
                0x0000000000000000       0x46 HAL/LCD.o
 .text.LCD_Write
                0x0000000000000000       0x48 HAL/LCD.o
 .text.is_busy  0x0000000000000000       0x3c HAL/LCD.o
 .text.clear_screen
                0x0000000000000000        0xe HAL/LCD.o
 .text.Send_string
                0x0000000000000000       0x58 HAL/LCD.o
 .text.LCD_XY   0x0000000000000000       0x3c HAL/LCD.o
 .debug_info    0x0000000000000000      0xc23 HAL/LCD.o
 .debug_abbrev  0x0000000000000000      0x205 HAL/LCD.o
 .debug_loc     0x0000000000000000      0x2d0 HAL/LCD.o
 .debug_aranges
                0x0000000000000000       0x78 HAL/LCD.o
 .debug_ranges  0x0000000000000000       0x68 HAL/LCD.o
 .debug_macro   0x0000000000000000      0x152 HAL/LCD.o
 .debug_macro   0x0000000000000000      0xa60 HAL/LCD.o
 .debug_macro   0x0000000000000000       0x18 HAL/LCD.o
 .debug_macro   0x0000000000000000       0x22 HAL/LCD.o
 .debug_macro   0x0000000000000000       0x40 HAL/LCD.o
 .debug_macro   0x0000000000000000       0x94 HAL/LCD.o
 .debug_macro   0x0000000000000000       0x3c HAL/LCD.o
 .debug_macro   0x0000000000000000       0x34 HAL/LCD.o
 .debug_macro   0x0000000000000000       0x16 HAL/LCD.o
 .debug_macro   0x0000000000000000      0x10e HAL/LCD.o
 .debug_macro   0x0000000000000000       0x8d HAL/LCD.o
 .debug_macro   0x0000000000000000       0x57 HAL/LCD.o
 .debug_macro   0x0000000000000000       0x52 HAL/LCD.o
 .debug_macro   0x0000000000000000       0x1f HAL/LCD.o
 .debug_macro   0x0000000000000000       0x43 HAL/LCD.o
 .debug_macro   0x0000000000000000       0x20 HAL/LCD.o
 .debug_macro   0x0000000000000000      0x1a3 HAL/LCD.o
 .debug_macro   0x0000000000000000      0x330 HAL/LCD.o
 .debug_macro   0x0000000000000000       0x16 HAL/LCD.o
 .debug_macro   0x0000000000000000       0x29 HAL/LCD.o
 .debug_macro   0x0000000000000000       0xef HAL/LCD.o
 .debug_macro   0x0000000000000000       0x6a HAL/LCD.o
 .debug_macro   0x0000000000000000      0x1df HAL/LCD.o
 .debug_macro   0x0000000000000000      0x22f HAL/LCD.o
 .debug_macro   0x0000000000000000       0xca HAL/LCD.o
 .debug_macro   0x0000000000000000       0x9a HAL/LCD.o
 .debug_line    0x0000000000000000      0x870 HAL/LCD.o
 .debug_str     0x0000000000000000     0x81f5 HAL/LCD.o
 .comment       0x0000000000000000       0x7c HAL/LCD.o
 .debug_frame   0x0000000000000000      0x18c HAL/LCD.o
 .ARM.attributes
                0x0000000000000000       0x33 HAL/LCD.o
 COMMON         0x0000000000000000        0x4 HAL/LCD.o
 .group         0x0000000000000000        0xc HAL/Seven_segment.o
 .group         0x0000000000000000        0xc HAL/Seven_segment.o
 .group         0x0000000000000000        0xc HAL/Seven_segment.o
 .group         0x0000000000000000        0xc HAL/Seven_segment.o
 .group         0x0000000000000000        0xc HAL/Seven_segment.o
 .group         0x0000000000000000        0xc HAL/Seven_segment.o
 .group         0x0000000000000000        0xc HAL/Seven_segment.o
 .group         0x0000000000000000        0xc HAL/Seven_segment.o
 .group         0x0000000000000000        0xc HAL/Seven_segment.o
 .group         0x0000000000000000        0xc HAL/Seven_segment.o
 .group         0x0000000000000000        0xc HAL/Seven_segment.o
 .group         0x0000000000000000        0xc HAL/Seven_segment.o
 .group         0x0000000000000000        0xc HAL/Seven_segment.o
 .group         0x0000000000000000        0xc HAL/Seven_segment.o
 .group         0x0000000000000000        0xc HAL/Seven_segment.o
 .group         0x0000000000000000        0xc HAL/Seven_segment.o
 .group         0x0000000000000000        0xc HAL/Seven_segment.o
 .group         0x0000000000000000        0xc HAL/Seven_segment.o
 .group         0x0000000000000000        0xc HAL/Seven_segment.o
 .group         0x0000000000000000        0xc HAL/Seven_segment.o
 .group         0x0000000000000000        0xc HAL/Seven_segment.o
 .group         0x0000000000000000        0xc HAL/Seven_segment.o
 .group         0x0000000000000000        0xc HAL/Seven_segment.o
 .group         0x0000000000000000        0xc HAL/Seven_segment.o
 .group         0x0000000000000000        0xc HAL/Seven_segment.o
 .text          0x0000000000000000        0x0 HAL/Seven_segment.o
 .data          0x0000000000000000        0x0 HAL/Seven_segment.o
 .bss           0x0000000000000000        0x0 HAL/Seven_segment.o
 .text.seven_segment_init
                0x0000000000000000       0xbc HAL/Seven_segment.o
 .rodata        0x0000000000000000       0x16 HAL/Seven_segment.o
 .text.seven_segment_start
                0x0000000000000000       0x78 HAL/Seven_segment.o
 .debug_info    0x0000000000000000      0xb3a HAL/Seven_segment.o
 .debug_abbrev  0x0000000000000000      0x1d8 HAL/Seven_segment.o
 .debug_loc     0x0000000000000000       0xa0 HAL/Seven_segment.o
 .debug_aranges
                0x0000000000000000       0x28 HAL/Seven_segment.o
 .debug_ranges  0x0000000000000000       0x18 HAL/Seven_segment.o
 .debug_macro   0x0000000000000000      0x14c HAL/Seven_segment.o
 .debug_macro   0x0000000000000000      0xa60 HAL/Seven_segment.o
 .debug_macro   0x0000000000000000       0x46 HAL/Seven_segment.o
 .debug_macro   0x0000000000000000       0x18 HAL/Seven_segment.o
 .debug_macro   0x0000000000000000       0x22 HAL/Seven_segment.o
 .debug_macro   0x0000000000000000       0x40 HAL/Seven_segment.o
 .debug_macro   0x0000000000000000       0x94 HAL/Seven_segment.o
 .debug_macro   0x0000000000000000       0x3c HAL/Seven_segment.o
 .debug_macro   0x0000000000000000       0x34 HAL/Seven_segment.o
 .debug_macro   0x0000000000000000       0x16 HAL/Seven_segment.o
 .debug_macro   0x0000000000000000      0x10e HAL/Seven_segment.o
 .debug_macro   0x0000000000000000       0x8d HAL/Seven_segment.o
 .debug_macro   0x0000000000000000       0x57 HAL/Seven_segment.o
 .debug_macro   0x0000000000000000       0x52 HAL/Seven_segment.o
 .debug_macro   0x0000000000000000       0x1f HAL/Seven_segment.o
 .debug_macro   0x0000000000000000       0x43 HAL/Seven_segment.o
 .debug_macro   0x0000000000000000       0x20 HAL/Seven_segment.o
 .debug_macro   0x0000000000000000      0x1a3 HAL/Seven_segment.o
 .debug_macro   0x0000000000000000      0x330 HAL/Seven_segment.o
 .debug_macro   0x0000000000000000       0x16 HAL/Seven_segment.o
 .debug_macro   0x0000000000000000       0x29 HAL/Seven_segment.o
 .debug_macro   0x0000000000000000       0xef HAL/Seven_segment.o
 .debug_macro   0x0000000000000000       0x6a HAL/Seven_segment.o
 .debug_macro   0x0000000000000000      0x1df HAL/Seven_segment.o
 .debug_macro   0x0000000000000000      0x22f HAL/Seven_segment.o
 .debug_macro   0x0000000000000000       0xca HAL/Seven_segment.o
 .debug_line    0x0000000000000000      0x760 HAL/Seven_segment.o
 .debug_str     0x0000000000000000     0x7fca HAL/Seven_segment.o
 .comment       0x0000000000000000       0x7c HAL/Seven_segment.o
 .debug_frame   0x0000000000000000       0x58 HAL/Seven_segment.o
 .ARM.attributes
                0x0000000000000000       0x33 HAL/Seven_segment.o
 .group         0x0000000000000000        0xc STM32_F103C6_Drivers/STM32_F103_C6_EXTI.o
 .group         0x0000000000000000        0xc STM32_F103C6_Drivers/STM32_F103_C6_EXTI.o
 .group         0x0000000000000000        0xc STM32_F103C6_Drivers/STM32_F103_C6_EXTI.o
 .group         0x0000000000000000        0xc STM32_F103C6_Drivers/STM32_F103_C6_EXTI.o
 .group         0x0000000000000000        0xc STM32_F103C6_Drivers/STM32_F103_C6_EXTI.o
 .group         0x0000000000000000        0xc STM32_F103C6_Drivers/STM32_F103_C6_EXTI.o
 .group         0x0000000000000000        0xc STM32_F103C6_Drivers/STM32_F103_C6_EXTI.o
 .group         0x0000000000000000        0xc STM32_F103C6_Drivers/STM32_F103_C6_EXTI.o
 .group         0x0000000000000000        0xc STM32_F103C6_Drivers/STM32_F103_C6_EXTI.o
 .group         0x0000000000000000        0xc STM32_F103C6_Drivers/STM32_F103_C6_EXTI.o
 .group         0x0000000000000000        0xc STM32_F103C6_Drivers/STM32_F103_C6_EXTI.o
 .group         0x0000000000000000        0xc STM32_F103C6_Drivers/STM32_F103_C6_EXTI.o
 .group         0x0000000000000000        0xc STM32_F103C6_Drivers/STM32_F103_C6_EXTI.o
 .group         0x0000000000000000        0xc STM32_F103C6_Drivers/STM32_F103_C6_EXTI.o
 .group         0x0000000000000000        0xc STM32_F103C6_Drivers/STM32_F103_C6_EXTI.o
 .group         0x0000000000000000        0xc STM32_F103C6_Drivers/STM32_F103_C6_EXTI.o
 .group         0x0000000000000000        0xc STM32_F103C6_Drivers/STM32_F103_C6_EXTI.o
 .group         0x0000000000000000        0xc STM32_F103C6_Drivers/STM32_F103_C6_EXTI.o
 .group         0x0000000000000000        0xc STM32_F103C6_Drivers/STM32_F103_C6_EXTI.o
 .group         0x0000000000000000        0xc STM32_F103C6_Drivers/STM32_F103_C6_EXTI.o
 .group         0x0000000000000000        0xc STM32_F103C6_Drivers/STM32_F103_C6_EXTI.o
 .group         0x0000000000000000        0xc STM32_F103C6_Drivers/STM32_F103_C6_EXTI.o
 .group         0x0000000000000000        0xc STM32_F103C6_Drivers/STM32_F103_C6_EXTI.o
 .group         0x0000000000000000        0xc STM32_F103C6_Drivers/STM32_F103_C6_EXTI.o
 .group         0x0000000000000000        0xc STM32_F103C6_Drivers/STM32_F103_C6_EXTI.o
 .text          0x0000000000000000        0x0 STM32_F103C6_Drivers/STM32_F103_C6_EXTI.o
 .data          0x0000000000000000        0x0 STM32_F103C6_Drivers/STM32_F103_C6_EXTI.o
 .bss           0x0000000000000000        0x0 STM32_F103C6_Drivers/STM32_F103_C6_EXTI.o
 .text.Enable_NVIC
                0x0000000000000000       0xcc STM32_F103C6_Drivers/STM32_F103_C6_EXTI.o
 .text.Disable_NVIC
                0x0000000000000000       0xcc STM32_F103C6_Drivers/STM32_F103_C6_EXTI.o
 .text.Update_EXTI
                0x0000000000000000      0x1b4 STM32_F103C6_Drivers/STM32_F103_C6_EXTI.o
 .text.MCAL_EXTI_GPIO_init
                0x0000000000000000       0x16 STM32_F103C6_Drivers/STM32_F103_C6_EXTI.o
 .text.MCAL_EXTI_GPIO_DeInit
                0x0000000000000000       0x94 STM32_F103C6_Drivers/STM32_F103_C6_EXTI.o
 .text.MCAL_EXTI_Update
                0x0000000000000000       0x16 STM32_F103C6_Drivers/STM32_F103_C6_EXTI.o
 .debug_macro   0x0000000000000000      0xa60 STM32_F103C6_Drivers/STM32_F103_C6_EXTI.o
 .debug_macro   0x0000000000000000       0x18 STM32_F103C6_Drivers/STM32_F103_C6_EXTI.o
 .debug_macro   0x0000000000000000       0x22 STM32_F103C6_Drivers/STM32_F103_C6_EXTI.o
 .debug_macro   0x0000000000000000       0x40 STM32_F103C6_Drivers/STM32_F103_C6_EXTI.o
 .debug_macro   0x0000000000000000       0x94 STM32_F103C6_Drivers/STM32_F103_C6_EXTI.o
 .debug_macro   0x0000000000000000       0x3c STM32_F103C6_Drivers/STM32_F103_C6_EXTI.o
 .debug_macro   0x0000000000000000       0x34 STM32_F103C6_Drivers/STM32_F103_C6_EXTI.o
 .debug_macro   0x0000000000000000       0x16 STM32_F103C6_Drivers/STM32_F103_C6_EXTI.o
 .debug_macro   0x0000000000000000      0x10e STM32_F103C6_Drivers/STM32_F103_C6_EXTI.o
 .debug_macro   0x0000000000000000       0x8d STM32_F103C6_Drivers/STM32_F103_C6_EXTI.o
 .debug_macro   0x0000000000000000       0x57 STM32_F103C6_Drivers/STM32_F103_C6_EXTI.o
 .debug_macro   0x0000000000000000       0x52 STM32_F103C6_Drivers/STM32_F103_C6_EXTI.o
 .debug_macro   0x0000000000000000       0x1f STM32_F103C6_Drivers/STM32_F103_C6_EXTI.o
 .debug_macro   0x0000000000000000       0x43 STM32_F103C6_Drivers/STM32_F103_C6_EXTI.o
 .debug_macro   0x0000000000000000       0x20 STM32_F103C6_Drivers/STM32_F103_C6_EXTI.o
 .debug_macro   0x0000000000000000      0x1a3 STM32_F103C6_Drivers/STM32_F103_C6_EXTI.o
 .debug_macro   0x0000000000000000      0x330 STM32_F103C6_Drivers/STM32_F103_C6_EXTI.o
 .debug_macro   0x0000000000000000       0x16 STM32_F103C6_Drivers/STM32_F103_C6_EXTI.o
 .debug_macro   0x0000000000000000       0x29 STM32_F103C6_Drivers/STM32_F103_C6_EXTI.o
 .debug_macro   0x0000000000000000       0xef STM32_F103C6_Drivers/STM32_F103_C6_EXTI.o
 .debug_macro   0x0000000000000000       0x6a STM32_F103C6_Drivers/STM32_F103_C6_EXTI.o
 .debug_macro   0x0000000000000000      0x1df STM32_F103C6_Drivers/STM32_F103_C6_EXTI.o
 .debug_macro   0x0000000000000000      0x22f STM32_F103C6_Drivers/STM32_F103_C6_EXTI.o
 .debug_macro   0x0000000000000000       0xca STM32_F103C6_Drivers/STM32_F103_C6_EXTI.o
 .group         0x0000000000000000        0xc STM32_F103C6_Drivers/STM32_F103_C6_GPIO.o
 .group         0x0000000000000000        0xc STM32_F103C6_Drivers/STM32_F103_C6_GPIO.o
 .group         0x0000000000000000        0xc STM32_F103C6_Drivers/STM32_F103_C6_GPIO.o
 .group         0x0000000000000000        0xc STM32_F103C6_Drivers/STM32_F103_C6_GPIO.o
 .group         0x0000000000000000        0xc STM32_F103C6_Drivers/STM32_F103_C6_GPIO.o
 .group         0x0000000000000000        0xc STM32_F103C6_Drivers/STM32_F103_C6_GPIO.o
 .group         0x0000000000000000        0xc STM32_F103C6_Drivers/STM32_F103_C6_GPIO.o
 .group         0x0000000000000000        0xc STM32_F103C6_Drivers/STM32_F103_C6_GPIO.o
 .group         0x0000000000000000        0xc STM32_F103C6_Drivers/STM32_F103_C6_GPIO.o
 .group         0x0000000000000000        0xc STM32_F103C6_Drivers/STM32_F103_C6_GPIO.o
 .group         0x0000000000000000        0xc STM32_F103C6_Drivers/STM32_F103_C6_GPIO.o
 .group         0x0000000000000000        0xc STM32_F103C6_Drivers/STM32_F103_C6_GPIO.o
 .group         0x0000000000000000        0xc STM32_F103C6_Drivers/STM32_F103_C6_GPIO.o
 .group         0x0000000000000000        0xc STM32_F103C6_Drivers/STM32_F103_C6_GPIO.o
 .group         0x0000000000000000        0xc STM32_F103C6_Drivers/STM32_F103_C6_GPIO.o
 .group         0x0000000000000000        0xc STM32_F103C6_Drivers/STM32_F103_C6_GPIO.o
 .group         0x0000000000000000        0xc STM32_F103C6_Drivers/STM32_F103_C6_GPIO.o
 .group         0x0000000000000000        0xc STM32_F103C6_Drivers/STM32_F103_C6_GPIO.o
 .group         0x0000000000000000        0xc STM32_F103C6_Drivers/STM32_F103_C6_GPIO.o
 .group         0x0000000000000000        0xc STM32_F103C6_Drivers/STM32_F103_C6_GPIO.o
 .group         0x0000000000000000        0xc STM32_F103C6_Drivers/STM32_F103_C6_GPIO.o
 .group         0x0000000000000000        0xc STM32_F103C6_Drivers/STM32_F103_C6_GPIO.o
 .group         0x0000000000000000        0xc STM32_F103C6_Drivers/STM32_F103_C6_GPIO.o
 .group         0x0000000000000000        0xc STM32_F103C6_Drivers/STM32_F103_C6_GPIO.o
 .text          0x0000000000000000        0x0 STM32_F103C6_Drivers/STM32_F103_C6_GPIO.o
 .data          0x0000000000000000        0x0 STM32_F103C6_Drivers/STM32_F103_C6_GPIO.o
 .bss           0x0000000000000000        0x0 STM32_F103C6_Drivers/STM32_F103_C6_GPIO.o
 .text.MCAL_GPIO_Denit
                0x0000000000000000       0xd4 STM32_F103C6_Drivers/STM32_F103_C6_GPIO.o
 .text.MCAL_GPIO_ReadPin
                0x0000000000000000       0x2e STM32_F103C6_Drivers/STM32_F103_C6_GPIO.o
 .text.MCAL_GPIO_ReadPort
                0x0000000000000000       0x1a STM32_F103C6_Drivers/STM32_F103_C6_GPIO.o
 .text.MCAL_GPIO_WritePin
                0x0000000000000000       0x2e STM32_F103C6_Drivers/STM32_F103_C6_GPIO.o
 .text.MCAL_GPIO_WritePort
                0x0000000000000000       0x1c STM32_F103C6_Drivers/STM32_F103_C6_GPIO.o
 .text.MCAL_GPIO_TogglePin
                0x0000000000000000       0x22 STM32_F103C6_Drivers/STM32_F103_C6_GPIO.o
 .text.MCAL_GPIO_LockPin
                0x0000000000000000       0x4e STM32_F103C6_Drivers/STM32_F103_C6_GPIO.o
 .debug_macro   0x0000000000000000      0xa60 STM32_F103C6_Drivers/STM32_F103_C6_GPIO.o
 .debug_macro   0x0000000000000000       0x18 STM32_F103C6_Drivers/STM32_F103_C6_GPIO.o
 .debug_macro   0x0000000000000000       0x22 STM32_F103C6_Drivers/STM32_F103_C6_GPIO.o
 .debug_macro   0x0000000000000000       0x40 STM32_F103C6_Drivers/STM32_F103_C6_GPIO.o
 .debug_macro   0x0000000000000000       0x94 STM32_F103C6_Drivers/STM32_F103_C6_GPIO.o
 .debug_macro   0x0000000000000000       0x3c STM32_F103C6_Drivers/STM32_F103_C6_GPIO.o
 .debug_macro   0x0000000000000000       0x34 STM32_F103C6_Drivers/STM32_F103_C6_GPIO.o
 .debug_macro   0x0000000000000000       0x16 STM32_F103C6_Drivers/STM32_F103_C6_GPIO.o
 .debug_macro   0x0000000000000000      0x10e STM32_F103C6_Drivers/STM32_F103_C6_GPIO.o
 .debug_macro   0x0000000000000000       0x8d STM32_F103C6_Drivers/STM32_F103_C6_GPIO.o
 .debug_macro   0x0000000000000000       0x57 STM32_F103C6_Drivers/STM32_F103_C6_GPIO.o
 .debug_macro   0x0000000000000000       0x52 STM32_F103C6_Drivers/STM32_F103_C6_GPIO.o
 .debug_macro   0x0000000000000000       0x1f STM32_F103C6_Drivers/STM32_F103_C6_GPIO.o
 .debug_macro   0x0000000000000000       0x43 STM32_F103C6_Drivers/STM32_F103_C6_GPIO.o
 .debug_macro   0x0000000000000000       0x20 STM32_F103C6_Drivers/STM32_F103_C6_GPIO.o
 .debug_macro   0x0000000000000000      0x1a3 STM32_F103C6_Drivers/STM32_F103_C6_GPIO.o
 .debug_macro   0x0000000000000000      0x330 STM32_F103C6_Drivers/STM32_F103_C6_GPIO.o
 .debug_macro   0x0000000000000000       0x16 STM32_F103C6_Drivers/STM32_F103_C6_GPIO.o
 .debug_macro   0x0000000000000000       0x29 STM32_F103C6_Drivers/STM32_F103_C6_GPIO.o
 .debug_macro   0x0000000000000000       0xef STM32_F103C6_Drivers/STM32_F103_C6_GPIO.o
 .debug_macro   0x0000000000000000       0x6a STM32_F103C6_Drivers/STM32_F103_C6_GPIO.o
 .debug_macro   0x0000000000000000      0x1df STM32_F103C6_Drivers/STM32_F103_C6_GPIO.o
 .debug_macro   0x0000000000000000      0x22f STM32_F103C6_Drivers/STM32_F103_C6_GPIO.o
 .debug_macro   0x0000000000000000       0xca STM32_F103C6_Drivers/STM32_F103_C6_GPIO.o
 .group         0x0000000000000000        0xc STM32_F103C6_Drivers/STM32_F103_C6_RCC.o
 .group         0x0000000000000000        0xc STM32_F103C6_Drivers/STM32_F103_C6_RCC.o
 .group         0x0000000000000000        0xc STM32_F103C6_Drivers/STM32_F103_C6_RCC.o
 .group         0x0000000000000000        0xc STM32_F103C6_Drivers/STM32_F103_C6_RCC.o
 .group         0x0000000000000000        0xc STM32_F103C6_Drivers/STM32_F103_C6_RCC.o
 .group         0x0000000000000000        0xc STM32_F103C6_Drivers/STM32_F103_C6_RCC.o
 .group         0x0000000000000000        0xc STM32_F103C6_Drivers/STM32_F103_C6_RCC.o
 .group         0x0000000000000000        0xc STM32_F103C6_Drivers/STM32_F103_C6_RCC.o
 .group         0x0000000000000000        0xc STM32_F103C6_Drivers/STM32_F103_C6_RCC.o
 .group         0x0000000000000000        0xc STM32_F103C6_Drivers/STM32_F103_C6_RCC.o
 .group         0x0000000000000000        0xc STM32_F103C6_Drivers/STM32_F103_C6_RCC.o
 .group         0x0000000000000000        0xc STM32_F103C6_Drivers/STM32_F103_C6_RCC.o
 .group         0x0000000000000000        0xc STM32_F103C6_Drivers/STM32_F103_C6_RCC.o
 .group         0x0000000000000000        0xc STM32_F103C6_Drivers/STM32_F103_C6_RCC.o
 .group         0x0000000000000000        0xc STM32_F103C6_Drivers/STM32_F103_C6_RCC.o
 .group         0x0000000000000000        0xc STM32_F103C6_Drivers/STM32_F103_C6_RCC.o
 .group         0x0000000000000000        0xc STM32_F103C6_Drivers/STM32_F103_C6_RCC.o
 .group         0x0000000000000000        0xc STM32_F103C6_Drivers/STM32_F103_C6_RCC.o
 .group         0x0000000000000000        0xc STM32_F103C6_Drivers/STM32_F103_C6_RCC.o
 .group         0x0000000000000000        0xc STM32_F103C6_Drivers/STM32_F103_C6_RCC.o
 .group         0x0000000000000000        0xc STM32_F103C6_Drivers/STM32_F103_C6_RCC.o
 .group         0x0000000000000000        0xc STM32_F103C6_Drivers/STM32_F103_C6_RCC.o
 .group         0x0000000000000000        0xc STM32_F103C6_Drivers/STM32_F103_C6_RCC.o
 .group         0x0000000000000000        0xc STM32_F103C6_Drivers/STM32_F103_C6_RCC.o
 .group         0x0000000000000000        0xc STM32_F103C6_Drivers/STM32_F103_C6_RCC.o
 .text          0x0000000000000000        0x0 STM32_F103C6_Drivers/STM32_F103_C6_RCC.o
 .data          0x0000000000000000        0x0 STM32_F103C6_Drivers/STM32_F103_C6_RCC.o
 .bss           0x0000000000000000        0x0 STM32_F103C6_Drivers/STM32_F103_C6_RCC.o
 .rodata.AHB_Prescaler_table
                0x0000000000000000       0x10 STM32_F103C6_Drivers/STM32_F103_C6_RCC.o
 .debug_macro   0x0000000000000000      0xa60 STM32_F103C6_Drivers/STM32_F103_C6_RCC.o
 .debug_macro   0x0000000000000000       0x18 STM32_F103C6_Drivers/STM32_F103_C6_RCC.o
 .debug_macro   0x0000000000000000       0x22 STM32_F103C6_Drivers/STM32_F103_C6_RCC.o
 .debug_macro   0x0000000000000000       0x40 STM32_F103C6_Drivers/STM32_F103_C6_RCC.o
 .debug_macro   0x0000000000000000       0x94 STM32_F103C6_Drivers/STM32_F103_C6_RCC.o
 .debug_macro   0x0000000000000000       0x3c STM32_F103C6_Drivers/STM32_F103_C6_RCC.o
 .debug_macro   0x0000000000000000       0x34 STM32_F103C6_Drivers/STM32_F103_C6_RCC.o
 .debug_macro   0x0000000000000000       0x16 STM32_F103C6_Drivers/STM32_F103_C6_RCC.o
 .debug_macro   0x0000000000000000      0x10e STM32_F103C6_Drivers/STM32_F103_C6_RCC.o
 .debug_macro   0x0000000000000000       0x8d STM32_F103C6_Drivers/STM32_F103_C6_RCC.o
 .debug_macro   0x0000000000000000       0x57 STM32_F103C6_Drivers/STM32_F103_C6_RCC.o
 .debug_macro   0x0000000000000000       0x52 STM32_F103C6_Drivers/STM32_F103_C6_RCC.o
 .debug_macro   0x0000000000000000       0x1f STM32_F103C6_Drivers/STM32_F103_C6_RCC.o
 .debug_macro   0x0000000000000000       0x43 STM32_F103C6_Drivers/STM32_F103_C6_RCC.o
 .debug_macro   0x0000000000000000       0x20 STM32_F103C6_Drivers/STM32_F103_C6_RCC.o
 .debug_macro   0x0000000000000000      0x1a3 STM32_F103C6_Drivers/STM32_F103_C6_RCC.o
 .debug_macro   0x0000000000000000      0x330 STM32_F103C6_Drivers/STM32_F103_C6_RCC.o
 .debug_macro   0x0000000000000000       0x16 STM32_F103C6_Drivers/STM32_F103_C6_RCC.o
 .debug_macro   0x0000000000000000       0x29 STM32_F103C6_Drivers/STM32_F103_C6_RCC.o
 .debug_macro   0x0000000000000000       0xef STM32_F103C6_Drivers/STM32_F103_C6_RCC.o
 .debug_macro   0x0000000000000000       0x6a STM32_F103C6_Drivers/STM32_F103_C6_RCC.o
 .debug_macro   0x0000000000000000      0x1df STM32_F103C6_Drivers/STM32_F103_C6_RCC.o
 .debug_macro   0x0000000000000000      0x22f STM32_F103C6_Drivers/STM32_F103_C6_RCC.o
 .group         0x0000000000000000        0xc STM32_F103C6_Drivers/STM32_F103_C6_USART.o
 .group         0x0000000000000000        0xc STM32_F103C6_Drivers/STM32_F103_C6_USART.o
 .group         0x0000000000000000        0xc STM32_F103C6_Drivers/STM32_F103_C6_USART.o
 .group         0x0000000000000000        0xc STM32_F103C6_Drivers/STM32_F103_C6_USART.o
 .group         0x0000000000000000        0xc STM32_F103C6_Drivers/STM32_F103_C6_USART.o
 .group         0x0000000000000000        0xc STM32_F103C6_Drivers/STM32_F103_C6_USART.o
 .group         0x0000000000000000        0xc STM32_F103C6_Drivers/STM32_F103_C6_USART.o
 .group         0x0000000000000000        0xc STM32_F103C6_Drivers/STM32_F103_C6_USART.o
 .group         0x0000000000000000        0xc STM32_F103C6_Drivers/STM32_F103_C6_USART.o
 .group         0x0000000000000000        0xc STM32_F103C6_Drivers/STM32_F103_C6_USART.o
 .group         0x0000000000000000        0xc STM32_F103C6_Drivers/STM32_F103_C6_USART.o
 .group         0x0000000000000000        0xc STM32_F103C6_Drivers/STM32_F103_C6_USART.o
 .group         0x0000000000000000        0xc STM32_F103C6_Drivers/STM32_F103_C6_USART.o
 .group         0x0000000000000000        0xc STM32_F103C6_Drivers/STM32_F103_C6_USART.o
 .group         0x0000000000000000        0xc STM32_F103C6_Drivers/STM32_F103_C6_USART.o
 .group         0x0000000000000000        0xc STM32_F103C6_Drivers/STM32_F103_C6_USART.o
 .group         0x0000000000000000        0xc STM32_F103C6_Drivers/STM32_F103_C6_USART.o
 .group         0x0000000000000000        0xc STM32_F103C6_Drivers/STM32_F103_C6_USART.o
 .group         0x0000000000000000        0xc STM32_F103C6_Drivers/STM32_F103_C6_USART.o
 .group         0x0000000000000000        0xc STM32_F103C6_Drivers/STM32_F103_C6_USART.o
 .group         0x0000000000000000        0xc STM32_F103C6_Drivers/STM32_F103_C6_USART.o
 .group         0x0000000000000000        0xc STM32_F103C6_Drivers/STM32_F103_C6_USART.o
 .group         0x0000000000000000        0xc STM32_F103C6_Drivers/STM32_F103_C6_USART.o
 .group         0x0000000000000000        0xc STM32_F103C6_Drivers/STM32_F103_C6_USART.o
 .group         0x0000000000000000        0xc STM32_F103C6_Drivers/STM32_F103_C6_USART.o
 .group         0x0000000000000000        0xc STM32_F103C6_Drivers/STM32_F103_C6_USART.o
 .text          0x0000000000000000        0x0 STM32_F103C6_Drivers/STM32_F103_C6_USART.o
 .data          0x0000000000000000        0x0 STM32_F103C6_Drivers/STM32_F103_C6_USART.o
 .bss           0x0000000000000000        0x0 STM32_F103C6_Drivers/STM32_F103_C6_USART.o
 .text.MCAL_UART_Denit
                0x0000000000000000       0x8c STM32_F103C6_Drivers/STM32_F103_C6_USART.o
 .debug_macro   0x0000000000000000      0xa60 STM32_F103C6_Drivers/STM32_F103_C6_USART.o
 .debug_macro   0x0000000000000000       0x18 STM32_F103C6_Drivers/STM32_F103_C6_USART.o
 .debug_macro   0x0000000000000000       0x22 STM32_F103C6_Drivers/STM32_F103_C6_USART.o
 .debug_macro   0x0000000000000000       0x40 STM32_F103C6_Drivers/STM32_F103_C6_USART.o
 .debug_macro   0x0000000000000000       0x94 STM32_F103C6_Drivers/STM32_F103_C6_USART.o
 .debug_macro   0x0000000000000000       0x3c STM32_F103C6_Drivers/STM32_F103_C6_USART.o
 .debug_macro   0x0000000000000000       0x34 STM32_F103C6_Drivers/STM32_F103_C6_USART.o
 .debug_macro   0x0000000000000000       0x16 STM32_F103C6_Drivers/STM32_F103_C6_USART.o
 .debug_macro   0x0000000000000000      0x10e STM32_F103C6_Drivers/STM32_F103_C6_USART.o
 .debug_macro   0x0000000000000000       0x8d STM32_F103C6_Drivers/STM32_F103_C6_USART.o
 .debug_macro   0x0000000000000000       0x57 STM32_F103C6_Drivers/STM32_F103_C6_USART.o
 .debug_macro   0x0000000000000000       0x52 STM32_F103C6_Drivers/STM32_F103_C6_USART.o
 .debug_macro   0x0000000000000000       0x1f STM32_F103C6_Drivers/STM32_F103_C6_USART.o
 .debug_macro   0x0000000000000000       0x43 STM32_F103C6_Drivers/STM32_F103_C6_USART.o
 .debug_macro   0x0000000000000000       0x20 STM32_F103C6_Drivers/STM32_F103_C6_USART.o
 .debug_macro   0x0000000000000000      0x1a3 STM32_F103C6_Drivers/STM32_F103_C6_USART.o
 .debug_macro   0x0000000000000000      0x330 STM32_F103C6_Drivers/STM32_F103_C6_USART.o
 .debug_macro   0x0000000000000000       0x16 STM32_F103C6_Drivers/STM32_F103_C6_USART.o
 .debug_macro   0x0000000000000000       0x29 STM32_F103C6_Drivers/STM32_F103_C6_USART.o
 .debug_macro   0x0000000000000000       0xef STM32_F103C6_Drivers/STM32_F103_C6_USART.o
 .debug_macro   0x0000000000000000       0x6a STM32_F103C6_Drivers/STM32_F103_C6_USART.o
 .debug_macro   0x0000000000000000      0x1df STM32_F103C6_Drivers/STM32_F103_C6_USART.o
 .debug_macro   0x0000000000000000      0x22f STM32_F103C6_Drivers/STM32_F103_C6_USART.o
 .debug_macro   0x0000000000000000       0xd0 STM32_F103C6_Drivers/STM32_F103_C6_USART.o
 .debug_macro   0x0000000000000000       0x10 STM32_F103C6_Drivers/STM32_F103_C6_USART.o
 .group         0x0000000000000000        0xc Src/main.o
 .group         0x0000000000000000        0xc Src/main.o
 .group         0x0000000000000000        0xc Src/main.o
 .group         0x0000000000000000        0xc Src/main.o
 .group         0x0000000000000000        0xc Src/main.o
 .group         0x0000000000000000        0xc Src/main.o
 .group         0x0000000000000000        0xc Src/main.o
 .group         0x0000000000000000        0xc Src/main.o
 .group         0x0000000000000000        0xc Src/main.o
 .group         0x0000000000000000        0xc Src/main.o
 .group         0x0000000000000000        0xc Src/main.o
 .group         0x0000000000000000        0xc Src/main.o
 .group         0x0000000000000000        0xc Src/main.o
 .group         0x0000000000000000        0xc Src/main.o
 .group         0x0000000000000000        0xc Src/main.o
 .group         0x0000000000000000        0xc Src/main.o
 .group         0x0000000000000000        0xc Src/main.o
 .group         0x0000000000000000        0xc Src/main.o
 .group         0x0000000000000000        0xc Src/main.o
 .group         0x0000000000000000        0xc Src/main.o
 .group         0x0000000000000000        0xc Src/main.o
 .group         0x0000000000000000        0xc Src/main.o
 .group         0x0000000000000000        0xc Src/main.o
 .group         0x0000000000000000        0xc Src/main.o
 .group         0x0000000000000000        0xc Src/main.o
 .group         0x0000000000000000        0xc Src/main.o
 .group         0x0000000000000000        0xc Src/main.o
 .group         0x0000000000000000        0xc Src/main.o
 .group         0x0000000000000000        0xc Src/main.o
 .group         0x0000000000000000        0xc Src/main.o
 .text          0x0000000000000000        0x0 Src/main.o
 .data          0x0000000000000000        0x0 Src/main.o
 .bss           0x0000000000000000        0x0 Src/main.o
 .bss.IRQ_Flag  0x0000000000000000        0x4 Src/main.o
 .rodata        0x0000000000000000       0x17 Src/main.o
 .text.EXTI9_callback
                0x0000000000000000       0x24 Src/main.o
 .debug_macro   0x0000000000000000      0xa60 Src/main.o
 .debug_macro   0x0000000000000000       0x18 Src/main.o
 .debug_macro   0x0000000000000000       0x22 Src/main.o
 .debug_macro   0x0000000000000000       0x40 Src/main.o
 .debug_macro   0x0000000000000000       0x94 Src/main.o
 .debug_macro   0x0000000000000000       0x3c Src/main.o
 .debug_macro   0x0000000000000000       0x34 Src/main.o
 .debug_macro   0x0000000000000000       0x16 Src/main.o
 .debug_macro   0x0000000000000000      0x10e Src/main.o
 .debug_macro   0x0000000000000000       0x8d Src/main.o
 .debug_macro   0x0000000000000000       0x57 Src/main.o
 .debug_macro   0x0000000000000000       0x52 Src/main.o
 .debug_macro   0x0000000000000000       0x1f Src/main.o
 .debug_macro   0x0000000000000000       0x43 Src/main.o
 .debug_macro   0x0000000000000000       0x20 Src/main.o
 .debug_macro   0x0000000000000000      0x1a3 Src/main.o
 .debug_macro   0x0000000000000000      0x330 Src/main.o
 .debug_macro   0x0000000000000000       0x16 Src/main.o
 .debug_macro   0x0000000000000000       0x29 Src/main.o
 .debug_macro   0x0000000000000000       0xef Src/main.o
 .debug_macro   0x0000000000000000       0x6a Src/main.o
 .debug_macro   0x0000000000000000      0x1df Src/main.o
 .debug_macro   0x0000000000000000      0x22f Src/main.o
 .debug_macro   0x0000000000000000       0xca Src/main.o
 .debug_macro   0x0000000000000000       0x34 Src/main.o
 .debug_macro   0x0000000000000000       0x46 Src/main.o
 .debug_macro   0x0000000000000000      0x21b Src/main.o
 .debug_macro   0x0000000000000000       0xd6 Src/main.o
 .group         0x0000000000000000        0xc Src/syscalls.o
 .group         0x0000000000000000        0xc Src/syscalls.o
 .group         0x0000000000000000        0xc Src/syscalls.o
 .group         0x0000000000000000        0xc Src/syscalls.o
 .group         0x0000000000000000        0xc Src/syscalls.o
 .group         0x0000000000000000        0xc Src/syscalls.o
 .group         0x0000000000000000        0xc Src/syscalls.o
 .group         0x0000000000000000        0xc Src/syscalls.o
 .group         0x0000000000000000        0xc Src/syscalls.o
 .group         0x0000000000000000        0xc Src/syscalls.o
 .group         0x0000000000000000        0xc Src/syscalls.o
 .group         0x0000000000000000        0xc Src/syscalls.o
 .group         0x0000000000000000        0xc Src/syscalls.o
 .group         0x0000000000000000        0xc Src/syscalls.o
 .group         0x0000000000000000        0xc Src/syscalls.o
 .group         0x0000000000000000        0xc Src/syscalls.o
 .group         0x0000000000000000        0xc Src/syscalls.o
 .group         0x0000000000000000        0xc Src/syscalls.o
 .group         0x0000000000000000        0xc Src/syscalls.o
 .group         0x0000000000000000        0xc Src/syscalls.o
 .group         0x0000000000000000        0xc Src/syscalls.o
 .group         0x0000000000000000        0xc Src/syscalls.o
 .group         0x0000000000000000        0xc Src/syscalls.o
 .group         0x0000000000000000        0xc Src/syscalls.o
 .group         0x0000000000000000        0xc Src/syscalls.o
 .group         0x0000000000000000        0xc Src/syscalls.o
 .group         0x0000000000000000        0xc Src/syscalls.o
 .group         0x0000000000000000        0xc Src/syscalls.o
 .group         0x0000000000000000        0xc Src/syscalls.o
 .group         0x0000000000000000        0xc Src/syscalls.o
 .group         0x0000000000000000        0xc Src/syscalls.o
 .group         0x0000000000000000        0xc Src/syscalls.o
 .group         0x0000000000000000        0xc Src/syscalls.o
 .group         0x0000000000000000        0xc Src/syscalls.o
 .group         0x0000000000000000        0xc Src/syscalls.o
 .group         0x0000000000000000        0xc Src/syscalls.o
 .group         0x0000000000000000        0xc Src/syscalls.o
 .group         0x0000000000000000        0xc Src/syscalls.o
 .group         0x0000000000000000        0xc Src/syscalls.o
 .group         0x0000000000000000        0xc Src/syscalls.o
 .group         0x0000000000000000        0xc Src/syscalls.o
 .group         0x0000000000000000        0xc Src/syscalls.o
 .group         0x0000000000000000        0xc Src/syscalls.o
 .group         0x0000000000000000        0xc Src/syscalls.o
 .text          0x0000000000000000        0x0 Src/syscalls.o
 .data          0x0000000000000000        0x0 Src/syscalls.o
 .bss           0x0000000000000000        0x0 Src/syscalls.o
 .bss.__env     0x0000000000000000        0x4 Src/syscalls.o
 .data.environ  0x0000000000000000        0x4 Src/syscalls.o
 .text.initialise_monitor_handles
                0x0000000000000000        0xc Src/syscalls.o
 .text._getpid  0x0000000000000000        0xe Src/syscalls.o
 .text._kill    0x0000000000000000       0x20 Src/syscalls.o
 .text._exit    0x0000000000000000       0x14 Src/syscalls.o
 .text._read    0x0000000000000000       0x3a Src/syscalls.o
 .text._write   0x0000000000000000       0x38 Src/syscalls.o
 .text._close   0x0000000000000000       0x16 Src/syscalls.o
 .text._fstat   0x0000000000000000       0x1e Src/syscalls.o
 .text._isatty  0x0000000000000000       0x14 Src/syscalls.o
 .text._lseek   0x0000000000000000       0x18 Src/syscalls.o
 .text._open    0x0000000000000000       0x1a Src/syscalls.o
 .text._wait    0x0000000000000000       0x1e Src/syscalls.o
 .text._unlink  0x0000000000000000       0x1e Src/syscalls.o
 .text._times   0x0000000000000000       0x16 Src/syscalls.o
 .text._stat    0x0000000000000000       0x1e Src/syscalls.o
 .text._link    0x0000000000000000       0x20 Src/syscalls.o
 .text._fork    0x0000000000000000       0x16 Src/syscalls.o
 .text._execve  0x0000000000000000       0x22 Src/syscalls.o
 .debug_info    0x0000000000000000     0x1038 Src/syscalls.o
 .debug_abbrev  0x0000000000000000      0x254 Src/syscalls.o
 .debug_loc     0x0000000000000000      0x5b8 Src/syscalls.o
 .debug_aranges
                0x0000000000000000       0xa8 Src/syscalls.o
 .debug_ranges  0x0000000000000000       0x98 Src/syscalls.o
 .debug_macro   0x0000000000000000      0x243 Src/syscalls.o
 .debug_macro   0x0000000000000000      0xa60 Src/syscalls.o
 .debug_macro   0x0000000000000000       0x22 Src/syscalls.o
 .debug_macro   0x0000000000000000       0x40 Src/syscalls.o
 .debug_macro   0x0000000000000000       0x18 Src/syscalls.o
 .debug_macro   0x0000000000000000       0x94 Src/syscalls.o
 .debug_macro   0x0000000000000000       0x3c Src/syscalls.o
 .debug_macro   0x0000000000000000       0x34 Src/syscalls.o
 .debug_macro   0x0000000000000000       0x57 Src/syscalls.o
 .debug_macro   0x0000000000000000      0x174 Src/syscalls.o
 .debug_macro   0x0000000000000000      0x330 Src/syscalls.o
 .debug_macro   0x0000000000000000       0x52 Src/syscalls.o
 .debug_macro   0x0000000000000000       0x1f Src/syscalls.o
 .debug_macro   0x0000000000000000       0x43 Src/syscalls.o
 .debug_macro   0x0000000000000000       0x20 Src/syscalls.o
 .debug_macro   0x0000000000000000      0x1a3 Src/syscalls.o
 .debug_macro   0x0000000000000000       0x10 Src/syscalls.o
 .debug_macro   0x0000000000000000       0x35 Src/syscalls.o
 .debug_macro   0x0000000000000000       0x10 Src/syscalls.o
 .debug_macro   0x0000000000000000       0x10 Src/syscalls.o
 .debug_macro   0x0000000000000000       0x10 Src/syscalls.o
 .debug_macro   0x0000000000000000       0x6a Src/syscalls.o
 .debug_macro   0x0000000000000000       0x1c Src/syscalls.o
 .debug_macro   0x0000000000000000       0x52 Src/syscalls.o
 .debug_macro   0x0000000000000000       0x40 Src/syscalls.o
 .debug_macro   0x0000000000000000       0x10 Src/syscalls.o
 .debug_macro   0x0000000000000000       0x40 Src/syscalls.o
 .debug_macro   0x0000000000000000       0xd7 Src/syscalls.o
 .debug_macro   0x0000000000000000       0x1c Src/syscalls.o
 .debug_macro   0x0000000000000000       0x3d Src/syscalls.o
 .debug_macro   0x0000000000000000       0x35 Src/syscalls.o
 .debug_macro   0x0000000000000000      0x122 Src/syscalls.o
 .debug_macro   0x0000000000000000       0x16 Src/syscalls.o
 .debug_macro   0x0000000000000000       0x16 Src/syscalls.o
 .debug_macro   0x0000000000000000       0x29 Src/syscalls.o
 .debug_macro   0x0000000000000000       0x10 Src/syscalls.o
 .debug_macro   0x0000000000000000      0x241 Src/syscalls.o
 .debug_macro   0x0000000000000000       0x1c Src/syscalls.o
 .debug_macro   0x0000000000000000       0x10 Src/syscalls.o
 .debug_macro   0x0000000000000000       0x10 Src/syscalls.o
 .debug_macro   0x0000000000000000       0x16 Src/syscalls.o
 .debug_macro   0x0000000000000000      0x145 Src/syscalls.o
 .debug_macro   0x0000000000000000      0x189 Src/syscalls.o
 .debug_macro   0x0000000000000000       0x16 Src/syscalls.o
 .debug_macro   0x0000000000000000       0x88 Src/syscalls.o
 .debug_line    0x0000000000000000      0x87f Src/syscalls.o
 .debug_str     0x0000000000000000     0x8891 Src/syscalls.o
 .comment       0x0000000000000000       0x7c Src/syscalls.o
 .debug_frame   0x0000000000000000      0x2ac Src/syscalls.o
 .ARM.attributes
                0x0000000000000000       0x33 Src/syscalls.o
 .group         0x0000000000000000        0xc Src/sysmem.o
 .group         0x0000000000000000        0xc Src/sysmem.o
 .group         0x0000000000000000        0xc Src/sysmem.o
 .group         0x0000000000000000        0xc Src/sysmem.o
 .group         0x0000000000000000        0xc Src/sysmem.o
 .group         0x0000000000000000        0xc Src/sysmem.o
 .group         0x0000000000000000        0xc Src/sysmem.o
 .group         0x0000000000000000        0xc Src/sysmem.o
 .group         0x0000000000000000        0xc Src/sysmem.o
 .group         0x0000000000000000        0xc Src/sysmem.o
 .group         0x0000000000000000        0xc Src/sysmem.o
 .group         0x0000000000000000        0xc Src/sysmem.o
 .group         0x0000000000000000        0xc Src/sysmem.o
 .group         0x0000000000000000        0xc Src/sysmem.o
 .group         0x0000000000000000        0xc Src/sysmem.o
 .group         0x0000000000000000        0xc Src/sysmem.o
 .group         0x0000000000000000        0xc Src/sysmem.o
 .group         0x0000000000000000        0xc Src/sysmem.o
 .group         0x0000000000000000        0xc Src/sysmem.o
 .text          0x0000000000000000        0x0 Src/sysmem.o
 .data          0x0000000000000000        0x0 Src/sysmem.o
 .bss           0x0000000000000000        0x0 Src/sysmem.o
 .bss.__sbrk_heap_end
                0x0000000000000000        0x4 Src/sysmem.o
 .text._sbrk    0x0000000000000000       0x6c Src/sysmem.o
 .debug_info    0x0000000000000000      0xa7c Src/sysmem.o
 .debug_abbrev  0x0000000000000000      0x18e Src/sysmem.o
 .debug_loc     0x0000000000000000       0x50 Src/sysmem.o
 .debug_aranges
                0x0000000000000000       0x20 Src/sysmem.o
 .debug_ranges  0x0000000000000000       0x10 Src/sysmem.o
 .debug_macro   0x0000000000000000       0xee Src/sysmem.o
 .debug_macro   0x0000000000000000      0xa60 Src/sysmem.o
 .debug_macro   0x0000000000000000       0x10 Src/sysmem.o
 .debug_macro   0x0000000000000000       0x22 Src/sysmem.o
 .debug_macro   0x0000000000000000       0x40 Src/sysmem.o
 .debug_macro   0x0000000000000000       0x18 Src/sysmem.o
 .debug_macro   0x0000000000000000       0x94 Src/sysmem.o
 .debug_macro   0x0000000000000000       0x3c Src/sysmem.o
 .debug_macro   0x0000000000000000       0x34 Src/sysmem.o
 .debug_macro   0x0000000000000000      0x174 Src/sysmem.o
 .debug_macro   0x0000000000000000       0x57 Src/sysmem.o
 .debug_macro   0x0000000000000000       0x52 Src/sysmem.o
 .debug_macro   0x0000000000000000       0x1f Src/sysmem.o
 .debug_macro   0x0000000000000000       0x43 Src/sysmem.o
 .debug_macro   0x0000000000000000       0x20 Src/sysmem.o
 .debug_macro   0x0000000000000000      0x1a3 Src/sysmem.o
 .debug_macro   0x0000000000000000      0x23b Src/sysmem.o
 .debug_macro   0x0000000000000000       0xef Src/sysmem.o
 .debug_macro   0x0000000000000000       0x6a Src/sysmem.o
 .debug_macro   0x0000000000000000      0x1df Src/sysmem.o
 .debug_line    0x0000000000000000      0x608 Src/sysmem.o
 .debug_str     0x0000000000000000     0x5f5f Src/sysmem.o
 .comment       0x0000000000000000       0x7c Src/sysmem.o
 .debug_frame   0x0000000000000000       0x34 Src/sysmem.o
 .ARM.attributes
                0x0000000000000000       0x33 Src/sysmem.o
 .text          0x0000000000000000       0x14 Startup/startup_stm32f103c6tx.o
 .data          0x0000000000000000        0x0 Startup/startup_stm32f103c6tx.o
 .bss           0x0000000000000000        0x0 Startup/startup_stm32f103c6tx.o
 .text          0x0000000000000000        0x0 e:/programs/stm32_ide/stm32cubeide_1.4.0/stm32cubeide/plugins/com.st.stm32cube.ide.mcu.externaltools.gnu-tools-for-stm32.7-2018-q2-update.win32_1.4.0.202007081208/tools/bin/../lib/gcc/arm-none-eabi/7.3.1/../../../../arm-none-eabi/lib/thumb/v7-m\libc_nano.a(lib_a-errno.o)
 .data          0x0000000000000000        0x0 e:/programs/stm32_ide/stm32cubeide_1.4.0/stm32cubeide/plugins/com.st.stm32cube.ide.mcu.externaltools.gnu-tools-for-stm32.7-2018-q2-update.win32_1.4.0.202007081208/tools/bin/../lib/gcc/arm-none-eabi/7.3.1/../../../../arm-none-eabi/lib/thumb/v7-m\libc_nano.a(lib_a-errno.o)
 .bss           0x0000000000000000        0x0 e:/programs/stm32_ide/stm32cubeide_1.4.0/stm32cubeide/plugins/com.st.stm32cube.ide.mcu.externaltools.gnu-tools-for-stm32.7-2018-q2-update.win32_1.4.0.202007081208/tools/bin/../lib/gcc/arm-none-eabi/7.3.1/../../../../arm-none-eabi/lib/thumb/v7-m\libc_nano.a(lib_a-errno.o)
 .text.__errno  0x0000000000000000        0xc e:/programs/stm32_ide/stm32cubeide_1.4.0/stm32cubeide/plugins/com.st.stm32cube.ide.mcu.externaltools.gnu-tools-for-stm32.7-2018-q2-update.win32_1.4.0.202007081208/tools/bin/../lib/gcc/arm-none-eabi/7.3.1/../../../../arm-none-eabi/lib/thumb/v7-m\libc_nano.a(lib_a-errno.o)
 .debug_frame   0x0000000000000000       0x20 e:/programs/stm32_ide/stm32cubeide_1.4.0/stm32cubeide/plugins/com.st.stm32cube.ide.mcu.externaltools.gnu-tools-for-stm32.7-2018-q2-update.win32_1.4.0.202007081208/tools/bin/../lib/gcc/arm-none-eabi/7.3.1/../../../../arm-none-eabi/lib/thumb/v7-m\libc_nano.a(lib_a-errno.o)
 .ARM.attributes
                0x0000000000000000       0x2d e:/programs/stm32_ide/stm32cubeide_1.4.0/stm32cubeide/plugins/com.st.stm32cube.ide.mcu.externaltools.gnu-tools-for-stm32.7-2018-q2-update.win32_1.4.0.202007081208/tools/bin/../lib/gcc/arm-none-eabi/7.3.1/../../../../arm-none-eabi/lib/thumb/v7-m\libc_nano.a(lib_a-errno.o)
 .text          0x0000000000000000        0x0 e:/programs/stm32_ide/stm32cubeide_1.4.0/stm32cubeide/plugins/com.st.stm32cube.ide.mcu.externaltools.gnu-tools-for-stm32.7-2018-q2-update.win32_1.4.0.202007081208/tools/bin/../lib/gcc/arm-none-eabi/7.3.1/../../../../arm-none-eabi/lib/thumb/v7-m\libc_nano.a(lib_a-exit.o)
 .data          0x0000000000000000        0x0 e:/programs/stm32_ide/stm32cubeide_1.4.0/stm32cubeide/plugins/com.st.stm32cube.ide.mcu.externaltools.gnu-tools-for-stm32.7-2018-q2-update.win32_1.4.0.202007081208/tools/bin/../lib/gcc/arm-none-eabi/7.3.1/../../../../arm-none-eabi/lib/thumb/v7-m\libc_nano.a(lib_a-exit.o)
 .bss           0x0000000000000000        0x0 e:/programs/stm32_ide/stm32cubeide_1.4.0/stm32cubeide/plugins/com.st.stm32cube.ide.mcu.externaltools.gnu-tools-for-stm32.7-2018-q2-update.win32_1.4.0.202007081208/tools/bin/../lib/gcc/arm-none-eabi/7.3.1/../../../../arm-none-eabi/lib/thumb/v7-m\libc_nano.a(lib_a-exit.o)
 .text.exit     0x0000000000000000       0x28 e:/programs/stm32_ide/stm32cubeide_1.4.0/stm32cubeide/plugins/com.st.stm32cube.ide.mcu.externaltools.gnu-tools-for-stm32.7-2018-q2-update.win32_1.4.0.202007081208/tools/bin/../lib/gcc/arm-none-eabi/7.3.1/../../../../arm-none-eabi/lib/thumb/v7-m\libc_nano.a(lib_a-exit.o)
 .debug_frame   0x0000000000000000       0x28 e:/programs/stm32_ide/stm32cubeide_1.4.0/stm32cubeide/plugins/com.st.stm32cube.ide.mcu.externaltools.gnu-tools-for-stm32.7-2018-q2-update.win32_1.4.0.202007081208/tools/bin/../lib/gcc/arm-none-eabi/7.3.1/../../../../arm-none-eabi/lib/thumb/v7-m\libc_nano.a(lib_a-exit.o)
 .ARM.attributes
                0x0000000000000000       0x2d e:/programs/stm32_ide/stm32cubeide_1.4.0/stm32cubeide/plugins/com.st.stm32cube.ide.mcu.externaltools.gnu-tools-for-stm32.7-2018-q2-update.win32_1.4.0.202007081208/tools/bin/../lib/gcc/arm-none-eabi/7.3.1/../../../../arm-none-eabi/lib/thumb/v7-m\libc_nano.a(lib_a-exit.o)
 .text          0x0000000000000000        0x0 e:/programs/stm32_ide/stm32cubeide_1.4.0/stm32cubeide/plugins/com.st.stm32cube.ide.mcu.externaltools.gnu-tools-for-stm32.7-2018-q2-update.win32_1.4.0.202007081208/tools/bin/../lib/gcc/arm-none-eabi/7.3.1/../../../../arm-none-eabi/lib/thumb/v7-m\libc_nano.a(lib_a-impure.o)
 .data          0x0000000000000000        0x0 e:/programs/stm32_ide/stm32cubeide_1.4.0/stm32cubeide/plugins/com.st.stm32cube.ide.mcu.externaltools.gnu-tools-for-stm32.7-2018-q2-update.win32_1.4.0.202007081208/tools/bin/../lib/gcc/arm-none-eabi/7.3.1/../../../../arm-none-eabi/lib/thumb/v7-m\libc_nano.a(lib_a-impure.o)
 .bss           0x0000000000000000        0x0 e:/programs/stm32_ide/stm32cubeide_1.4.0/stm32cubeide/plugins/com.st.stm32cube.ide.mcu.externaltools.gnu-tools-for-stm32.7-2018-q2-update.win32_1.4.0.202007081208/tools/bin/../lib/gcc/arm-none-eabi/7.3.1/../../../../arm-none-eabi/lib/thumb/v7-m\libc_nano.a(lib_a-impure.o)
 .data._impure_ptr
                0x0000000000000000        0x4 e:/programs/stm32_ide/stm32cubeide_1.4.0/stm32cubeide/plugins/com.st.stm32cube.ide.mcu.externaltools.gnu-tools-for-stm32.7-2018-q2-update.win32_1.4.0.202007081208/tools/bin/../lib/gcc/arm-none-eabi/7.3.1/../../../../arm-none-eabi/lib/thumb/v7-m\libc_nano.a(lib_a-impure.o)
 .data.impure_data
                0x0000000000000000       0x60 e:/programs/stm32_ide/stm32cubeide_1.4.0/stm32cubeide/plugins/com.st.stm32cube.ide.mcu.externaltools.gnu-tools-for-stm32.7-2018-q2-update.win32_1.4.0.202007081208/tools/bin/../lib/gcc/arm-none-eabi/7.3.1/../../../../arm-none-eabi/lib/thumb/v7-m\libc_nano.a(lib_a-impure.o)
 .rodata._global_impure_ptr
                0x0000000000000000        0x4 e:/programs/stm32_ide/stm32cubeide_1.4.0/stm32cubeide/plugins/com.st.stm32cube.ide.mcu.externaltools.gnu-tools-for-stm32.7-2018-q2-update.win32_1.4.0.202007081208/tools/bin/../lib/gcc/arm-none-eabi/7.3.1/../../../../arm-none-eabi/lib/thumb/v7-m\libc_nano.a(lib_a-impure.o)
 .ARM.attributes
                0x0000000000000000       0x2d e:/programs/stm32_ide/stm32cubeide_1.4.0/stm32cubeide/plugins/com.st.stm32cube.ide.mcu.externaltools.gnu-tools-for-stm32.7-2018-q2-update.win32_1.4.0.202007081208/tools/bin/../lib/gcc/arm-none-eabi/7.3.1/../../../../arm-none-eabi/lib/thumb/v7-m\libc_nano.a(lib_a-impure.o)
 .text          0x0000000000000000        0x0 e:/programs/stm32_ide/stm32cubeide_1.4.0/stm32cubeide/plugins/com.st.stm32cube.ide.mcu.externaltools.gnu-tools-for-stm32.7-2018-q2-update.win32_1.4.0.202007081208/tools/bin/../lib/gcc/arm-none-eabi/7.3.1/../../../../arm-none-eabi/lib/thumb/v7-m\libc_nano.a(lib_a-init.o)
 .data          0x0000000000000000        0x0 e:/programs/stm32_ide/stm32cubeide_1.4.0/stm32cubeide/plugins/com.st.stm32cube.ide.mcu.externaltools.gnu-tools-for-stm32.7-2018-q2-update.win32_1.4.0.202007081208/tools/bin/../lib/gcc/arm-none-eabi/7.3.1/../../../../arm-none-eabi/lib/thumb/v7-m\libc_nano.a(lib_a-init.o)
 .bss           0x0000000000000000        0x0 e:/programs/stm32_ide/stm32cubeide_1.4.0/stm32cubeide/plugins/com.st.stm32cube.ide.mcu.externaltools.gnu-tools-for-stm32.7-2018-q2-update.win32_1.4.0.202007081208/tools/bin/../lib/gcc/arm-none-eabi/7.3.1/../../../../arm-none-eabi/lib/thumb/v7-m\libc_nano.a(lib_a-init.o)
 .text          0x0000000000000000        0x0 e:/programs/stm32_ide/stm32cubeide_1.4.0/stm32cubeide/plugins/com.st.stm32cube.ide.mcu.externaltools.gnu-tools-for-stm32.7-2018-q2-update.win32_1.4.0.202007081208/tools/bin/../lib/gcc/arm-none-eabi/7.3.1/../../../../arm-none-eabi/lib/thumb/v7-m\libc_nano.a(lib_a-memset.o)
 .data          0x0000000000000000        0x0 e:/programs/stm32_ide/stm32cubeide_1.4.0/stm32cubeide/plugins/com.st.stm32cube.ide.mcu.externaltools.gnu-tools-for-stm32.7-2018-q2-update.win32_1.4.0.202007081208/tools/bin/../lib/gcc/arm-none-eabi/7.3.1/../../../../arm-none-eabi/lib/thumb/v7-m\libc_nano.a(lib_a-memset.o)
 .bss           0x0000000000000000        0x0 e:/programs/stm32_ide/stm32cubeide_1.4.0/stm32cubeide/plugins/com.st.stm32cube.ide.mcu.externaltools.gnu-tools-for-stm32.7-2018-q2-update.win32_1.4.0.202007081208/tools/bin/../lib/gcc/arm-none-eabi/7.3.1/../../../../arm-none-eabi/lib/thumb/v7-m\libc_nano.a(lib_a-memset.o)
 .text.memset   0x0000000000000000       0x10 e:/programs/stm32_ide/stm32cubeide_1.4.0/stm32cubeide/plugins/com.st.stm32cube.ide.mcu.externaltools.gnu-tools-for-stm32.7-2018-q2-update.win32_1.4.0.202007081208/tools/bin/../lib/gcc/arm-none-eabi/7.3.1/../../../../arm-none-eabi/lib/thumb/v7-m\libc_nano.a(lib_a-memset.o)
 .debug_frame   0x0000000000000000       0x20 e:/programs/stm32_ide/stm32cubeide_1.4.0/stm32cubeide/plugins/com.st.stm32cube.ide.mcu.externaltools.gnu-tools-for-stm32.7-2018-q2-update.win32_1.4.0.202007081208/tools/bin/../lib/gcc/arm-none-eabi/7.3.1/../../../../arm-none-eabi/lib/thumb/v7-m\libc_nano.a(lib_a-memset.o)
 .ARM.attributes
                0x0000000000000000       0x2d e:/programs/stm32_ide/stm32cubeide_1.4.0/stm32cubeide/plugins/com.st.stm32cube.ide.mcu.externaltools.gnu-tools-for-stm32.7-2018-q2-update.win32_1.4.0.202007081208/tools/bin/../lib/gcc/arm-none-eabi/7.3.1/../../../../arm-none-eabi/lib/thumb/v7-m\libc_nano.a(lib_a-memset.o)
 .text          0x0000000000000000        0x0 e:/programs/stm32_ide/stm32cubeide_1.4.0/stm32cubeide/plugins/com.st.stm32cube.ide.mcu.externaltools.gnu-tools-for-stm32.7-2018-q2-update.win32_1.4.0.202007081208/tools/bin/../lib/gcc/arm-none-eabi/7.3.1/thumb/v7-m/crtend.o
 .data          0x0000000000000000        0x0 e:/programs/stm32_ide/stm32cubeide_1.4.0/stm32cubeide/plugins/com.st.stm32cube.ide.mcu.externaltools.gnu-tools-for-stm32.7-2018-q2-update.win32_1.4.0.202007081208/tools/bin/../lib/gcc/arm-none-eabi/7.3.1/thumb/v7-m/crtend.o
 .bss           0x0000000000000000        0x0 e:/programs/stm32_ide/stm32cubeide_1.4.0/stm32cubeide/plugins/com.st.stm32cube.ide.mcu.externaltools.gnu-tools-for-stm32.7-2018-q2-update.win32_1.4.0.202007081208/tools/bin/../lib/gcc/arm-none-eabi/7.3.1/thumb/v7-m/crtend.o
 .eh_frame      0x0000000000000000        0x4 e:/programs/stm32_ide/stm32cubeide_1.4.0/stm32cubeide/plugins/com.st.stm32cube.ide.mcu.externaltools.gnu-tools-for-stm32.7-2018-q2-update.win32_1.4.0.202007081208/tools/bin/../lib/gcc/arm-none-eabi/7.3.1/thumb/v7-m/crtend.o
 .ARM.attributes
                0x0000000000000000       0x2d e:/programs/stm32_ide/stm32cubeide_1.4.0/stm32cubeide/plugins/com.st.stm32cube.ide.mcu.externaltools.gnu-tools-for-stm32.7-2018-q2-update.win32_1.4.0.202007081208/tools/bin/../lib/gcc/arm-none-eabi/7.3.1/thumb/v7-m/crtend.o
 .text          0x0000000000000000        0x0 e:/programs/stm32_ide/stm32cubeide_1.4.0/stm32cubeide/plugins/com.st.stm32cube.ide.mcu.externaltools.gnu-tools-for-stm32.7-2018-q2-update.win32_1.4.0.202007081208/tools/bin/../lib/gcc/arm-none-eabi/7.3.1/thumb/v7-m/crtn.o
 .data          0x0000000000000000        0x0 e:/programs/stm32_ide/stm32cubeide_1.4.0/stm32cubeide/plugins/com.st.stm32cube.ide.mcu.externaltools.gnu-tools-for-stm32.7-2018-q2-update.win32_1.4.0.202007081208/tools/bin/../lib/gcc/arm-none-eabi/7.3.1/thumb/v7-m/crtn.o
 .bss           0x0000000000000000        0x0 e:/programs/stm32_ide/stm32cubeide_1.4.0/stm32cubeide/plugins/com.st.stm32cube.ide.mcu.externaltools.gnu-tools-for-stm32.7-2018-q2-update.win32_1.4.0.202007081208/tools/bin/../lib/gcc/arm-none-eabi/7.3.1/thumb/v7-m/crtn.o

Memory Configuration

Name             Origin             Length             Attributes
RAM              0x0000000020000000 0x0000000000002800 xrw
ROM              0x0000000008000000 0x0000000000008000 xr
*default*        0x0000000000000000 0xffffffffffffffff

Linker script and memory map

LOAD e:/programs/stm32_ide/stm32cubeide_1.4.0/stm32cubeide/plugins/com.st.stm32cube.ide.mcu.externaltools.gnu-tools-for-stm32.7-2018-q2-update.win32_1.4.0.202007081208/tools/bin/../lib/gcc/arm-none-eabi/7.3.1/thumb/v7-m/crti.o
LOAD e:/programs/stm32_ide/stm32cubeide_1.4.0/stm32cubeide/plugins/com.st.stm32cube.ide.mcu.externaltools.gnu-tools-for-stm32.7-2018-q2-update.win32_1.4.0.202007081208/tools/bin/../lib/gcc/arm-none-eabi/7.3.1/thumb/v7-m/crtbegin.o
LOAD e:/programs/stm32_ide/stm32cubeide_1.4.0/stm32cubeide/plugins/com.st.stm32cube.ide.mcu.externaltools.gnu-tools-for-stm32.7-2018-q2-update.win32_1.4.0.202007081208/tools/bin/../lib/gcc/arm-none-eabi/7.3.1/../../../../arm-none-eabi/lib/thumb/v7-m/crt0.o
LOAD HAL/Keypad_Driver.o
LOAD HAL/LCD.o
LOAD HAL/Seven_segment.o
LOAD STM32_F103C6_Drivers/STM32_F103_C6_EXTI.o
LOAD STM32_F103C6_Drivers/STM32_F103_C6_GPIO.o
LOAD STM32_F103C6_Drivers/STM32_F103_C6_RCC.o
LOAD STM32_F103C6_Drivers/STM32_F103_C6_USART.o
LOAD Src/main.o
LOAD Src/syscalls.o
LOAD Src/sysmem.o
LOAD Startup/startup_stm32f103c6tx.o
START GROUP
LOAD e:/programs/stm32_ide/stm32cubeide_1.4.0/stm32cubeide/plugins/com.st.stm32cube.ide.mcu.externaltools.gnu-tools-for-stm32.7-2018-q2-update.win32_1.4.0.202007081208/tools/bin/../lib/gcc/arm-none-eabi/7.3.1/../../../../arm-none-eabi/lib/thumb/v7-m\libc_nano.a
LOAD e:/programs/stm32_ide/stm32cubeide_1.4.0/stm32cubeide/plugins/com.st.stm32cube.ide.mcu.externaltools.gnu-tools-for-stm32.7-2018-q2-update.win32_1.4.0.202007081208/tools/bin/../lib/gcc/arm-none-eabi/7.3.1/../../../../arm-none-eabi/lib/thumb/v7-m\libm.a
END GROUP
START GROUP
LOAD e:/programs/stm32_ide/stm32cubeide_1.4.0/stm32cubeide/plugins/com.st.stm32cube.ide.mcu.externaltools.gnu-tools-for-stm32.7-2018-q2-update.win32_1.4.0.202007081208/tools/bin/../lib/gcc/arm-none-eabi/7.3.1/thumb/v7-m\libgcc.a
LOAD e:/programs/stm32_ide/stm32cubeide_1.4.0/stm32cubeide/plugins/com.st.stm32cube.ide.mcu.externaltools.gnu-tools-for-stm32.7-2018-q2-update.win32_1.4.0.202007081208/tools/bin/../lib/gcc/arm-none-eabi/7.3.1/../../../../arm-none-eabi/lib/thumb/v7-m\libg_nano.a
LOAD e:/programs/stm32_ide/stm32cubeide_1.4.0/stm32cubeide/plugins/com.st.stm32cube.ide.mcu.externaltools.gnu-tools-for-stm32.7-2018-q2-update.win32_1.4.0.202007081208/tools/bin/../lib/gcc/arm-none-eabi/7.3.1/../../../../arm-none-eabi/lib/thumb/v7-m\libc_nano.a
END GROUP
START GROUP
LOAD e:/programs/stm32_ide/stm32cubeide_1.4.0/stm32cubeide/plugins/com.st.stm32cube.ide.mcu.externaltools.gnu-tools-for-stm32.7-2018-q2-update.win32_1.4.0.202007081208/tools/bin/../lib/gcc/arm-none-eabi/7.3.1/thumb/v7-m\libgcc.a
LOAD e:/programs/stm32_ide/stm32cubeide_1.4.0/stm32cubeide/plugins/com.st.stm32cube.ide.mcu.externaltools.gnu-tools-for-stm32.7-2018-q2-update.win32_1.4.0.202007081208/tools/bin/../lib/gcc/arm-none-eabi/7.3.1/../../../../arm-none-eabi/lib/thumb/v7-m\libc_nano.a
LOAD e:/programs/stm32_ide/stm32cubeide_1.4.0/stm32cubeide/plugins/com.st.stm32cube.ide.mcu.externaltools.gnu-tools-for-stm32.7-2018-q2-update.win32_1.4.0.202007081208/tools/bin/../lib/gcc/arm-none-eabi/7.3.1/../../../../arm-none-eabi/lib/thumb/v7-m\libnosys.a
END GROUP
START GROUP
LOAD e:/programs/stm32_ide/stm32cubeide_1.4.0/stm32cubeide/plugins/com.st.stm32cube.ide.mcu.externaltools.gnu-tools-for-stm32.7-2018-q2-update.win32_1.4.0.202007081208/tools/bin/../lib/gcc/arm-none-eabi/7.3.1/thumb/v7-m\libgcc.a
LOAD e:/programs/stm32_ide/stm32cubeide_1.4.0/stm32cubeide/plugins/com.st.stm32cube.ide.mcu.externaltools.gnu-tools-for-stm32.7-2018-q2-update.win32_1.4.0.202007081208/tools/bin/../lib/gcc/arm-none-eabi/7.3.1/../../../../arm-none-eabi/lib/thumb/v7-m\libc_nano.a
LOAD e:/programs/stm32_ide/stm32cubeide_1.4.0/stm32cubeide/plugins/com.st.stm32cube.ide.mcu.externaltools.gnu-tools-for-stm32.7-2018-q2-update.win32_1.4.0.202007081208/tools/bin/../lib/gcc/arm-none-eabi/7.3.1/../../../../arm-none-eabi/lib/thumb/v7-m\libnosys.a
END GROUP
LOAD e:/programs/stm32_ide/stm32cubeide_1.4.0/stm32cubeide/plugins/com.st.stm32cube.ide.mcu.externaltools.gnu-tools-for-stm32.7-2018-q2-update.win32_1.4.0.202007081208/tools/bin/../lib/gcc/arm-none-eabi/7.3.1/thumb/v7-m/crtend.o
LOAD e:/programs/stm32_ide/stm32cubeide_1.4.0/stm32cubeide/plugins/com.st.stm32cube.ide.mcu.externaltools.gnu-tools-for-stm32.7-2018-q2-update.win32_1.4.0.202007081208/tools/bin/../lib/gcc/arm-none-eabi/7.3.1/thumb/v7-m/crtn.o
                0x0000000020002800                _estack = (ORIGIN (RAM) + LENGTH (RAM))
                0x0000000000000200                _Min_Heap_Size = 0x200
                0x0000000000000400                _Min_Stack_Size = 0x400

.isr_vector     0x0000000008000000      0x130
                0x0000000008000000                . = ALIGN (0x4)
 *(.isr_vector)
 .isr_vector    0x0000000008000000      0x130 Startup/startup_stm32f103c6tx.o
                0x0000000008000000                g_pfnVectors
                0x0000000008000130                . = ALIGN (0x4)

.text           0x0000000008000130      0x900
                0x0000000008000130                . = ALIGN (0x4)
 *(.text)
 .text          0x0000000008000130       0x40 e:/programs/stm32_ide/stm32cubeide_1.4.0/stm32cubeide/plugins/com.st.stm32cube.ide.mcu.externaltools.gnu-tools-for-stm32.7-2018-q2-update.win32_1.4.0.202007081208/tools/bin/../lib/gcc/arm-none-eabi/7.3.1/thumb/v7-m/crtbegin.o
 *(.text*)
 .text.EXTI0_IRQHandler
                0x0000000008000170       0x24 STM32_F103C6_Drivers/STM32_F103_C6_EXTI.o
                0x0000000008000170                EXTI0_IRQHandler
 .text.EXTI1_IRQHandler
                0x0000000008000194       0x24 STM32_F103C6_Drivers/STM32_F103_C6_EXTI.o
                0x0000000008000194                EXTI1_IRQHandler
 .text.EXTI2_IRQHandler
                0x00000000080001b8       0x24 STM32_F103C6_Drivers/STM32_F103_C6_EXTI.o
                0x00000000080001b8                EXTI2_IRQHandler
 .text.EXTI3_IRQHandler
                0x00000000080001dc       0x24 STM32_F103C6_Drivers/STM32_F103_C6_EXTI.o
                0x00000000080001dc                EXTI3_IRQHandler
 .text.EXTI4_IRQHandler
                0x0000000008000200       0x24 STM32_F103C6_Drivers/STM32_F103_C6_EXTI.o
                0x0000000008000200                EXTI4_IRQHandler
 .text.EXTI9_5_IRQHandler
                0x0000000008000224       0xa8 STM32_F103C6_Drivers/STM32_F103_C6_EXTI.o
                0x0000000008000224                EXTI9_5_IRQHandler
 .text.EXTI15_10_IRQHandler
                0x00000000080002cc       0xc4 STM32_F103C6_Drivers/STM32_F103_C6_EXTI.o
                0x00000000080002cc                EXTI15_10_IRQHandler
 .text.Get_CRLH_Position
                0x0000000008000390       0xc6 STM32_F103C6_Drivers/STM32_F103_C6_GPIO.o
                0x0000000008000390                Get_CRLH_Position
 .text.MCAL_GPIO_init
                0x0000000008000456       0xfe STM32_F103C6_Drivers/STM32_F103_C6_GPIO.o
                0x0000000008000456                MCAL_GPIO_init
 .text.MCAL_RCC_GetSysCLK_Freq
                0x0000000008000554       0x3c STM32_F103C6_Drivers/STM32_F103_C6_RCC.o
                0x0000000008000554                MCAL_RCC_GetSysCLK_Freq
 .text.MCAL_RCC_GetHCLK_Freq
                0x0000000008000590       0x28 STM32_F103C6_Drivers/STM32_F103_C6_RCC.o
                0x0000000008000590                MCAL_RCC_GetHCLK_Freq
 .text.MCAL_RCC_GetPCLK1_Freq
                0x00000000080005b8       0x28 STM32_F103C6_Drivers/STM32_F103_C6_RCC.o
                0x00000000080005b8                MCAL_RCC_GetPCLK1_Freq
 .text.MCAL_RCC_GetPCLK2_Freq
                0x00000000080005e0       0x28 STM32_F103C6_Drivers/STM32_F103_C6_RCC.o
                0x00000000080005e0                MCAL_RCC_GetPCLK2_Freq
 .text.MCAL_UART_Init
                0x0000000008000608      0x184 STM32_F103C6_Drivers/STM32_F103_C6_USART.o
                0x0000000008000608                MCAL_UART_Init
 .text.MCAL_UART_Set_GPIO_Pins
                0x000000000800078c       0xc8 STM32_F103C6_Drivers/STM32_F103_C6_USART.o
                0x000000000800078c                MCAL_UART_Set_GPIO_Pins
 .text.MCAL_UART_Send_Data
                0x0000000008000854       0x2e STM32_F103C6_Drivers/STM32_F103_C6_USART.o
                0x0000000008000854                MCAL_UART_Send_Data
 .text.MCAL_UART_Recieve_Data
                0x0000000008000882       0x2c STM32_F103C6_Drivers/STM32_F103_C6_USART.o
                0x0000000008000882                MCAL_UART_Recieve_Data
 *fill*         0x00000000080008ae        0x2 
 .text.USART1_IRQHandler
                0x00000000080008b0       0x14 STM32_F103C6_Drivers/STM32_F103_C6_USART.o
                0x00000000080008b0                USART1_IRQHandler
 .text.USART2_IRQHandler
                0x00000000080008c4       0x14 STM32_F103C6_Drivers/STM32_F103_C6_USART.o
                0x00000000080008c4                USART2_IRQHandler
 .text.USART3_IRQHandler
                0x00000000080008d8       0x14 STM32_F103C6_Drivers/STM32_F103_C6_USART.o
                0x00000000080008d8                USART3_IRQHandler
 .text.clock_init
                0x00000000080008ec       0x34 Src/main.o
                0x00000000080008ec                clock_init
 .text.main     0x0000000008000920       0x5c Src/main.o
                0x0000000008000920                main
 .text.Reset_Handler
                0x000000000800097c       0x50 Startup/startup_stm32f103c6tx.o
                0x000000000800097c                Reset_Handler
 .text.Default_Handler
                0x00000000080009cc        0x2 Startup/startup_stm32f103c6tx.o
                0x00000000080009cc                TIM8_TRG_COM_IRQHandler
                0x00000000080009cc                TIM8_CC_IRQHandler
                0x00000000080009cc                DebugMon_Handler
                0x00000000080009cc                TIM1_CC_IRQHandler
                0x00000000080009cc                HardFault_Handler
                0x00000000080009cc                TIM6_IRQHandler
                0x00000000080009cc                SysTick_Handler
                0x00000000080009cc                PVD_IRQHandler
                0x00000000080009cc                SDIO_IRQHandler
                0x00000000080009cc                PendSV_Handler
                0x00000000080009cc                NMI_Handler
                0x00000000080009cc                USB_HP_CAN_TX_IRQHandler
                0x00000000080009cc                I2C2_EV_IRQHandler
                0x00000000080009cc                UsageFault_Handler
                0x00000000080009cc                ADC1_2_IRQHandler
                0x00000000080009cc                SPI1_IRQHandler
                0x00000000080009cc                CAN_SCE_IRQHandler
                0x00000000080009cc                TAMPER_IRQHandler
                0x00000000080009cc                TIM8_UP_IRQHandler
                0x00000000080009cc                DMA2_Channel2_IRQHandler
                0x00000000080009cc                DMA1_Channel4_IRQHandler
                0x00000000080009cc                RTC_IRQHandler
                0x00000000080009cc                DMA1_Channel7_IRQHandler
                0x00000000080009cc                UART5_IRQHandler
                0x00000000080009cc                ADC3_IRQHandler
                0x00000000080009cc                TIM4_IRQHandler
                0x00000000080009cc                CAN_RX1_IRQHandler
                0x00000000080009cc                DMA2_Channel1_IRQHandler
                0x00000000080009cc                I2C1_EV_IRQHandler
                0x00000000080009cc                DMA1_Channel6_IRQHandler
                0x00000000080009cc                UART4_IRQHandler
                0x00000000080009cc                TIM3_IRQHandler
                0x00000000080009cc                RCC_IRQHandler
                0x00000000080009cc                TIM1_TRG_COM_IRQHandler
                0x00000000080009cc                DMA1_Channel1_IRQHandler
                0x00000000080009cc                Default_Handler
                0x00000000080009cc                TIM7_IRQHandler
                0x00000000080009cc                TIM5_IRQHandler
                0x00000000080009cc                SPI2_IRQHandler
                0x00000000080009cc                USB_LP_CAN_RX0_IRQHandler
                0x00000000080009cc                MemManage_Handler
                0x00000000080009cc                SVC_Handler
                0x00000000080009cc                DMA1_Channel5_IRQHandler
                0x00000000080009cc                DMA1_Channel3_IRQHandler
                0x00000000080009cc                FSMC_IRQHandler
                0x00000000080009cc                TIM1_UP_IRQHandler
                0x00000000080009cc                WWDG_IRQHandler
                0x00000000080009cc                TIM2_IRQHandler
                0x00000000080009cc                TIM1_BRK_IRQHandler
                0x00000000080009cc                RTCAlarm_IRQHandler
                0x00000000080009cc                DMA2_Channel4_5_IRQHandler
                0x00000000080009cc                I2C2_ER_IRQHandler
                0x00000000080009cc                DMA1_Channel2_IRQHandler
                0x00000000080009cc                TIM8_BRK_IRQHandler
                0x00000000080009cc                FLASH_IRQHandler
                0x00000000080009cc                BusFault_Handler
                0x00000000080009cc                SPI3_IRQHandler
                0x00000000080009cc                I2C1_ER_IRQHandler
                0x00000000080009cc                DMA2_Channel3_IRQHandler
 *fill*         0x00000000080009ce        0x2 
 .text.__libc_init_array
                0x00000000080009d0       0x48 e:/programs/stm32_ide/stm32cubeide_1.4.0/stm32cubeide/plugins/com.st.stm32cube.ide.mcu.externaltools.gnu-tools-for-stm32.7-2018-q2-update.win32_1.4.0.202007081208/tools/bin/../lib/gcc/arm-none-eabi/7.3.1/../../../../arm-none-eabi/lib/thumb/v7-m\libc_nano.a(lib_a-init.o)
                0x00000000080009d0                __libc_init_array
 *(.glue_7)
 .glue_7        0x0000000008000a18        0x0 linker stubs
 *(.glue_7t)
 .glue_7t       0x0000000008000a18        0x0 linker stubs
 *(.eh_frame)
 .eh_frame      0x0000000008000a18        0x0 e:/programs/stm32_ide/stm32cubeide_1.4.0/stm32cubeide/plugins/com.st.stm32cube.ide.mcu.externaltools.gnu-tools-for-stm32.7-2018-q2-update.win32_1.4.0.202007081208/tools/bin/../lib/gcc/arm-none-eabi/7.3.1/thumb/v7-m/crtbegin.o
 *(.init)
 .init          0x0000000008000a18        0x4 e:/programs/stm32_ide/stm32cubeide_1.4.0/stm32cubeide/plugins/com.st.stm32cube.ide.mcu.externaltools.gnu-tools-for-stm32.7-2018-q2-update.win32_1.4.0.202007081208/tools/bin/../lib/gcc/arm-none-eabi/7.3.1/thumb/v7-m/crti.o
                0x0000000008000a18                _init
 .init          0x0000000008000a1c        0x8 e:/programs/stm32_ide/stm32cubeide_1.4.0/stm32cubeide/plugins/com.st.stm32cube.ide.mcu.externaltools.gnu-tools-for-stm32.7-2018-q2-update.win32_1.4.0.202007081208/tools/bin/../lib/gcc/arm-none-eabi/7.3.1/thumb/v7-m/crtn.o
 *(.fini)
 .fini          0x0000000008000a24        0x4 e:/programs/stm32_ide/stm32cubeide_1.4.0/stm32cubeide/plugins/com.st.stm32cube.ide.mcu.externaltools.gnu-tools-for-stm32.7-2018-q2-update.win32_1.4.0.202007081208/tools/bin/../lib/gcc/arm-none-eabi/7.3.1/thumb/v7-m/crti.o
                0x0000000008000a24                _fini
 .fini          0x0000000008000a28        0x8 e:/programs/stm32_ide/stm32cubeide_1.4.0/stm32cubeide/plugins/com.st.stm32cube.ide.mcu.externaltools.gnu-tools-for-stm32.7-2018-q2-update.win32_1.4.0.202007081208/tools/bin/../lib/gcc/arm-none-eabi/7.3.1/thumb/v7-m/crtn.o
                0x0000000008000a30                . = ALIGN (0x4)
                0x0000000008000a30                _etext = .

.vfp11_veneer   0x0000000008000a30        0x0
 .vfp11_veneer  0x0000000008000a30        0x0 linker stubs

.v4_bx          0x0000000008000a30        0x0
 .v4_bx         0x0000000008000a30        0x0 linker stubs

.iplt           0x0000000008000a30        0x0
 .iplt          0x0000000008000a30        0x0 e:/programs/stm32_ide/stm32cubeide_1.4.0/stm32cubeide/plugins/com.st.stm32cube.ide.mcu.externaltools.gnu-tools-for-stm32.7-2018-q2-update.win32_1.4.0.202007081208/tools/bin/../lib/gcc/arm-none-eabi/7.3.1/thumb/v7-m/crtbegin.o

.rodata         0x0000000008000a30        0x8
                0x0000000008000a30                . = ALIGN (0x4)
 *(.rodata)
 *(.rodata*)
 .rodata.APB_Prescaler_table
                0x0000000008000a30        0x8 STM32_F103C6_Drivers/STM32_F103_C6_RCC.o
                0x0000000008000a30                APB_Prescaler_table
                0x0000000008000a38                . = ALIGN (0x4)

.rel.dyn        0x0000000008000a38        0x0
 .rel.iplt      0x0000000008000a38        0x0 e:/programs/stm32_ide/stm32cubeide_1.4.0/stm32cubeide/plugins/com.st.stm32cube.ide.mcu.externaltools.gnu-tools-for-stm32.7-2018-q2-update.win32_1.4.0.202007081208/tools/bin/../lib/gcc/arm-none-eabi/7.3.1/thumb/v7-m/crtbegin.o

.ARM.extab      0x0000000008000a38        0x0
                0x0000000008000a38                . = ALIGN (0x4)
 *(.ARM.extab* .gnu.linkonce.armextab.*)
                0x0000000008000a38                . = ALIGN (0x4)

.ARM            0x0000000008000a38        0x0
                0x0000000008000a38                . = ALIGN (0x4)
                0x0000000008000a38                __exidx_start = .
 *(.ARM.exidx*)
                0x0000000008000a38                __exidx_end = .
                0x0000000008000a38                . = ALIGN (0x4)

.preinit_array  0x0000000008000a38        0x0
                0x0000000008000a38                . = ALIGN (0x4)
                0x0000000008000a38                PROVIDE (__preinit_array_start = .)
 *(.preinit_array*)
                0x0000000008000a38                PROVIDE (__preinit_array_end = .)
                0x0000000008000a38                . = ALIGN (0x4)

.init_array     0x0000000008000a38        0x4
                0x0000000008000a38                . = ALIGN (0x4)
                0x0000000008000a38                PROVIDE (__init_array_start = .)
 *(SORT_BY_NAME(.init_array.*))
 *(.init_array*)
 .init_array    0x0000000008000a38        0x4 e:/programs/stm32_ide/stm32cubeide_1.4.0/stm32cubeide/plugins/com.st.stm32cube.ide.mcu.externaltools.gnu-tools-for-stm32.7-2018-q2-update.win32_1.4.0.202007081208/tools/bin/../lib/gcc/arm-none-eabi/7.3.1/thumb/v7-m/crtbegin.o
                0x0000000008000a3c                PROVIDE (__init_array_end = .)
                0x0000000008000a3c                . = ALIGN (0x4)

.fini_array     0x0000000008000a3c        0x4
                0x0000000008000a3c                . = ALIGN (0x4)
                [!provide]                        PROVIDE (__fini_array_start = .)
 *(SORT_BY_NAME(.fini_array.*))
 *(.fini_array*)
 .fini_array    0x0000000008000a3c        0x4 e:/programs/stm32_ide/stm32cubeide_1.4.0/stm32cubeide/plugins/com.st.stm32cube.ide.mcu.externaltools.gnu-tools-for-stm32.7-2018-q2-update.win32_1.4.0.202007081208/tools/bin/../lib/gcc/arm-none-eabi/7.3.1/thumb/v7-m/crtbegin.o
                [!provide]                        PROVIDE (__fini_array_end = .)
                0x0000000008000a40                . = ALIGN (0x4)
                0x0000000008000a40                _sidata = LOADADDR (.data)

.data           0x0000000020000000        0x0 load address 0x0000000008000a40
                0x0000000020000000                . = ALIGN (0x4)
                0x0000000020000000                _sdata = .
 *(.data)
 *(.data*)
                0x0000000020000000                . = ALIGN (0x4)
                0x0000000020000000                _edata = .

.igot.plt       0x0000000020000000        0x0 load address 0x0000000008000a40
 .igot.plt      0x0000000020000000        0x0 e:/programs/stm32_ide/stm32cubeide_1.4.0/stm32cubeide/plugins/com.st.stm32cube.ide.mcu.externaltools.gnu-tools-for-stm32.7-2018-q2-update.win32_1.4.0.202007081208/tools/bin/../lib/gcc/arm-none-eabi/7.3.1/thumb/v7-m/crtbegin.o
                0x0000000020000000                . = ALIGN (0x4)

.bss            0x0000000020000000       0x5c load address 0x0000000008000a40
                0x0000000020000000                _sbss = .
                0x0000000020000000                __bss_start__ = _sbss
 *(.bss)
 .bss           0x0000000020000000       0x1c e:/programs/stm32_ide/stm32cubeide_1.4.0/stm32cubeide/plugins/com.st.stm32cube.ide.mcu.externaltools.gnu-tools-for-stm32.7-2018-q2-update.win32_1.4.0.202007081208/tools/bin/../lib/gcc/arm-none-eabi/7.3.1/thumb/v7-m/crtbegin.o
 *(.bss*)
 .bss.Global_UART_Config
                0x000000002000001c        0x4 STM32_F103C6_Drivers/STM32_F103_C6_USART.o
                0x000000002000001c                Global_UART_Config
 *(COMMON)
 COMMON         0x0000000020000020       0x3c STM32_F103C6_Drivers/STM32_F103_C6_EXTI.o
                0x0000000020000020                GP_IRQ_CallBack
                0x000000002000005c                . = ALIGN (0x4)
                0x000000002000005c                _ebss = .
                0x000000002000005c                __bss_end__ = _ebss

._user_heap_stack
                0x000000002000005c      0x604 load address 0x0000000008000a40
                0x0000000020000060                . = ALIGN (0x8)
 *fill*         0x000000002000005c        0x4 
                [!provide]                        PROVIDE (end = .)
                0x0000000020000060                PROVIDE (_end = .)
                0x0000000020000260                . = (. + _Min_Heap_Size)
 *fill*         0x0000000020000060      0x200 
                0x0000000020000660                . = (. + _Min_Stack_Size)
 *fill*         0x0000000020000260      0x400 
                0x0000000020000660                . = ALIGN (0x8)

/DISCARD/
 libc.a(*)
 libm.a(*)
 libgcc.a(*)

.ARM.attributes
                0x0000000000000000       0x29
 *(.ARM.attributes)
 .ARM.attributes
                0x0000000000000000       0x1d e:/programs/stm32_ide/stm32cubeide_1.4.0/stm32cubeide/plugins/com.st.stm32cube.ide.mcu.externaltools.gnu-tools-for-stm32.7-2018-q2-update.win32_1.4.0.202007081208/tools/bin/../lib/gcc/arm-none-eabi/7.3.1/thumb/v7-m/crti.o
 .ARM.attributes
                0x000000000000001d       0x2d e:/programs/stm32_ide/stm32cubeide_1.4.0/stm32cubeide/plugins/com.st.stm32cube.ide.mcu.externaltools.gnu-tools-for-stm32.7-2018-q2-update.win32_1.4.0.202007081208/tools/bin/../lib/gcc/arm-none-eabi/7.3.1/thumb/v7-m/crtbegin.o
 .ARM.attributes
                0x000000000000004a       0x33 STM32_F103C6_Drivers/STM32_F103_C6_EXTI.o
 .ARM.attributes
                0x000000000000007d       0x33 STM32_F103C6_Drivers/STM32_F103_C6_GPIO.o
 .ARM.attributes
                0x00000000000000b0       0x33 STM32_F103C6_Drivers/STM32_F103_C6_RCC.o
 .ARM.attributes
                0x00000000000000e3       0x33 STM32_F103C6_Drivers/STM32_F103_C6_USART.o
 .ARM.attributes
                0x0000000000000116       0x33 Src/main.o
 .ARM.attributes
                0x0000000000000149       0x21 Startup/startup_stm32f103c6tx.o
 .ARM.attributes
                0x000000000000016a       0x2d e:/programs/stm32_ide/stm32cubeide_1.4.0/stm32cubeide/plugins/com.st.stm32cube.ide.mcu.externaltools.gnu-tools-for-stm32.7-2018-q2-update.win32_1.4.0.202007081208/tools/bin/../lib/gcc/arm-none-eabi/7.3.1/../../../../arm-none-eabi/lib/thumb/v7-m\libc_nano.a(lib_a-init.o)
 .ARM.attributes
                0x0000000000000197       0x1d e:/programs/stm32_ide/stm32cubeide_1.4.0/stm32cubeide/plugins/com.st.stm32cube.ide.mcu.externaltools.gnu-tools-for-stm32.7-2018-q2-update.win32_1.4.0.202007081208/tools/bin/../lib/gcc/arm-none-eabi/7.3.1/thumb/v7-m/crtn.o
OUTPUT(Drivers.elf elf32-littlearm)

.debug_info     0x0000000000000000     0x4059
 .debug_info    0x0000000000000000      0xdba STM32_F103C6_Drivers/STM32_F103_C6_EXTI.o
 .debug_info    0x0000000000000dba      0xd6f STM32_F103C6_Drivers/STM32_F103_C6_GPIO.o
 .debug_info    0x0000000000001b29      0xb25 STM32_F103C6_Drivers/STM32_F103_C6_RCC.o
 .debug_info    0x000000000000264e      0xdf0 STM32_F103C6_Drivers/STM32_F103_C6_USART.o
 .debug_info    0x000000000000343e      0xbf9 Src/main.o
 .debug_info    0x0000000000004037       0x22 Startup/startup_stm32f103c6tx.o

.debug_abbrev   0x0000000000000000      0xa17
 .debug_abbrev  0x0000000000000000      0x228 STM32_F103C6_Drivers/STM32_F103_C6_EXTI.o
 .debug_abbrev  0x0000000000000228      0x218 STM32_F103C6_Drivers/STM32_F103_C6_GPIO.o
 .debug_abbrev  0x0000000000000440      0x19b STM32_F103C6_Drivers/STM32_F103_C6_RCC.o
 .debug_abbrev  0x00000000000005db      0x23d STM32_F103C6_Drivers/STM32_F103_C6_USART.o
 .debug_abbrev  0x0000000000000818      0x1ed Src/main.o
 .debug_abbrev  0x0000000000000a05       0x12 Startup/startup_stm32f103c6tx.o

.debug_loc      0x0000000000000000      0x9f8
 .debug_loc     0x0000000000000000      0x320 STM32_F103C6_Drivers/STM32_F103_C6_EXTI.o
 .debug_loc     0x0000000000000320      0x330 STM32_F103C6_Drivers/STM32_F103_C6_GPIO.o
 .debug_loc     0x0000000000000650       0xc8 STM32_F103C6_Drivers/STM32_F103_C6_RCC.o
 .debug_loc     0x0000000000000718      0x238 STM32_F103C6_Drivers/STM32_F103_C6_USART.o
 .debug_loc     0x0000000000000950       0xa8 Src/main.o

.debug_aranges  0x0000000000000000      0x1c8
 .debug_aranges
                0x0000000000000000       0x80 STM32_F103C6_Drivers/STM32_F103_C6_EXTI.o
 .debug_aranges
                0x0000000000000080       0x60 STM32_F103C6_Drivers/STM32_F103_C6_GPIO.o
 .debug_aranges
                0x00000000000000e0       0x38 STM32_F103C6_Drivers/STM32_F103_C6_RCC.o
 .debug_aranges
                0x0000000000000118       0x58 STM32_F103C6_Drivers/STM32_F103_C6_USART.o
 .debug_aranges
                0x0000000000000170       0x30 Src/main.o
 .debug_aranges
                0x00000000000001a0       0x28 Startup/startup_stm32f103c6tx.o

.debug_ranges   0x0000000000000000      0x170
 .debug_ranges  0x0000000000000000       0x70 STM32_F103C6_Drivers/STM32_F103_C6_EXTI.o
 .debug_ranges  0x0000000000000070       0x50 STM32_F103C6_Drivers/STM32_F103_C6_GPIO.o
 .debug_ranges  0x00000000000000c0       0x28 STM32_F103C6_Drivers/STM32_F103_C6_RCC.o
 .debug_ranges  0x00000000000000e8       0x48 STM32_F103C6_Drivers/STM32_F103_C6_USART.o
 .debug_ranges  0x0000000000000130       0x20 Src/main.o
 .debug_ranges  0x0000000000000150       0x20 Startup/startup_stm32f103c6tx.o

.debug_macro    0x0000000000000000      0xb50
 .debug_macro   0x0000000000000000      0x158 STM32_F103C6_Drivers/STM32_F103_C6_EXTI.o
 .debug_macro   0x0000000000000158      0x21b STM32_F103C6_Drivers/STM32_F103_C6_EXTI.o
 .debug_macro   0x0000000000000373      0x13f STM32_F103C6_Drivers/STM32_F103_C6_GPIO.o
 .debug_macro   0x00000000000004b2      0x14c STM32_F103C6_Drivers/STM32_F103_C6_RCC.o
 .debug_macro   0x00000000000005fe       0xd0 STM32_F103C6_Drivers/STM32_F103_C6_RCC.o
 .debug_macro   0x00000000000006ce       0x10 STM32_F103C6_Drivers/STM32_F103_C6_RCC.o
 .debug_macro   0x00000000000006de      0x157 STM32_F103C6_Drivers/STM32_F103_C6_USART.o
 .debug_macro   0x0000000000000835       0xd6 STM32_F103C6_Drivers/STM32_F103_C6_USART.o
 .debug_macro   0x000000000000090b      0x18f Src/main.o
 .debug_macro   0x0000000000000a9a       0xa0 Src/main.o
 .debug_macro   0x0000000000000b3a       0x16 Src/main.o

.debug_line     0x0000000000000000     0x27a0
 .debug_line    0x0000000000000000      0x890 STM32_F103C6_Drivers/STM32_F103_C6_EXTI.o
 .debug_line    0x0000000000000890      0x7f0 STM32_F103C6_Drivers/STM32_F103_C6_GPIO.o
 .debug_line    0x0000000000001080      0x712 STM32_F103C6_Drivers/STM32_F103_C6_RCC.o
 .debug_line    0x0000000000001792      0x7d7 STM32_F103C6_Drivers/STM32_F103_C6_USART.o
 .debug_line    0x0000000000001f69      0x7b3 Src/main.o
 .debug_line    0x000000000000271c       0x84 Startup/startup_stm32f103c6tx.o

.debug_str      0x0000000000000000     0x9fa8
 .debug_str     0x0000000000000000     0x9201 STM32_F103C6_Drivers/STM32_F103_C6_EXTI.o
                                       0x9462 (size before relaxing)
 .debug_str     0x0000000000009201      0x166 STM32_F103C6_Drivers/STM32_F103_C6_GPIO.o
                                       0x804c (size before relaxing)
 .debug_str     0x0000000000009367      0x102 STM32_F103C6_Drivers/STM32_F103_C6_RCC.o
                                       0x7fc5 (size before relaxing)
 .debug_str     0x0000000000009469      0x764 STM32_F103C6_Drivers/STM32_F103_C6_USART.o
                                       0x86e2 (size before relaxing)
 .debug_str     0x0000000000009bcd      0x3aa Src/main.o
                                       0x9c2c (size before relaxing)
 .debug_str     0x0000000000009f77       0x31 Startup/startup_stm32f103c6tx.o
                                         0x82 (size before relaxing)

.comment        0x0000000000000000       0x7b
 .comment       0x0000000000000000       0x7b STM32_F103C6_Drivers/STM32_F103_C6_EXTI.o
                                         0x7c (size before relaxing)
 .comment       0x000000000000007b       0x7c STM32_F103C6_Drivers/STM32_F103_C6_GPIO.o
 .comment       0x000000000000007b       0x7c STM32_F103C6_Drivers/STM32_F103_C6_RCC.o
 .comment       0x000000000000007b       0x7c STM32_F103C6_Drivers/STM32_F103_C6_USART.o
 .comment       0x000000000000007b       0x7c Src/main.o

.debug_frame    0x0000000000000000      0x568
 .debug_frame   0x0000000000000000      0x1b0 STM32_F103C6_Drivers/STM32_F103_C6_EXTI.o
 .debug_frame   0x00000000000001b0      0x178 STM32_F103C6_Drivers/STM32_F103_C6_GPIO.o
 .debug_frame   0x0000000000000328       0x84 STM32_F103C6_Drivers/STM32_F103_C6_RCC.o
 .debug_frame   0x00000000000003ac      0x124 STM32_F103C6_Drivers/STM32_F103_C6_USART.o
 .debug_frame   0x00000000000004d0       0x6c Src/main.o
 .debug_frame   0x000000000000053c       0x2c e:/programs/stm32_ide/stm32cubeide_1.4.0/stm32cubeide/plugins/com.st.stm32cube.ide.mcu.externaltools.gnu-tools-for-stm32.7-2018-q2-update.win32_1.4.0.202007081208/tools/bin/../lib/gcc/arm-none-eabi/7.3.1/../../../../arm-none-eabi/lib/thumb/v7-m\libc_nano.a(lib_a-init.o)
