23:39:56 **** Incremental Build of configuration Debug for project Unit6_Lesson3_Lab1 ****
make -j6 all 
arm-none-eabi-gcc "../Src/main.c" -mcpu=cortex-m3 -std=gnu11 -g3 -DSTM32F100C6Tx -DSTM32 -DSTM32F1 -DDEBUG -c -I../Inc -O0 -ffunction-sections -fdata-sections -Wall -fstack-usage -MMD -MP -MF"Src/main.d" -MT"Src/main.o" --specs=nano.specs -mfloat-abi=soft -mthumb -o "Src/main.o"
../Src/main.c:29:9: warning: type defaults to 'int' in declaration of 'volatileunsignedintvuint32_t' [-Wimplicit-int]
 typedef volatileunsignedintvuint32_t;
         ^~~~~~~~~~~~~~~~~~~~~~~~~~~~
arm-none-eabi-gcc -o "Unit6_Lesson3_Lab1.elf" @"objects.list"   -mcpu=cortex-m3 -T"E:\Courses\Embedded_Systems_Course\Embedded_Systems_Online_Diploma\Unit6\Lesson3\Lab1\Unit6_Lesson3_Lab1\STM32F100C6TX_FLASH.ld" --specs=nosys.specs -Wl,-Map="Unit6_Lesson3_Lab1.map" -Wl,--gc-sections -static --specs=nano.specs -mfloat-abi=soft -mthumb -Wl,--start-group -lc -lm -Wl,--end-group
Finished building target: Unit6_Lesson3_Lab1.elf
 
arm-none-eabi-size   Unit6_Lesson3_Lab1.elf 
arm-none-eabi-objdump -h -S  Unit6_Lesson3_Lab1.elf  > "Unit6_Lesson3_Lab1.list"
arm-none-eabi-objcopy  -O binary  Unit6_Lesson3_Lab1.elf  "Unit6_Lesson3_Lab1.bin"
   text	   data	    bss	    dec	    hex	filename
    656	      8	   1568	   2232	    8b8	Unit6_Lesson3_Lab1.elf
Finished building: default.size.stdout
 
Finished building: Unit6_Lesson3_Lab1.bin
Finished building: Unit6_Lesson3_Lab1.list
 
 

23:39:57 Build Finished. 0 errors, 1 warnings. (took 750ms)

