STM32_F103_C6_EXTI.c:28:6:Enable_NVIC	16	static
STM32_F103_C6_EXTI.c:64:6:Disable_NVIC	16	static
STM32_F103_C6_EXTI.c:105:6:Update_EXTI	24	static
STM32_F103_C6_EXTI.c:165:6:MCAL_EXTI_GPIO_init	16	static
STM32_F103_C6_EXTI.c:178:6:MCAL_EXTI_GPIO_DeInit	4	static
STM32_F103_C6_EXTI.c:207:6:MCAL_EXTI_Update	16	static
STM32_F103_C6_EXTI.c:217:6:EXTI0_IRQHandler	8	static
STM32_F103_C6_EXTI.c:225:6:EXTI1_IRQHandler	8	static
STM32_F103_C6_EXTI.c:234:6:EXTI2_IRQHandler	8	static
STM32_F103_C6_EXTI.c:243:6:EXTI3_IRQHandler	8	static
STM32_F103_C6_EXTI.c:252:6:EXTI4_IRQHandler	8	static
STM32_F103_C6_EXTI.c:261:6:EXTI9_5_IRQHandler	8	static
STM32_F103_C6_EXTI.c:269:6:EXTI15_10_IRQHandler	8	static
