01:04:00 **** Build of configuration Debug for project Toggle_LED ****
make -j6 all 
arm-none-eabi-gcc -mcpu=cortex-m3 -g3 -c -x assembler-with-cpp -MMD -MP -MF"Startup/startup_stm32f103c6tx.d" -MT"Startup/startup_stm32f103c6tx.o" --specs=nano.specs -mfloat-abi=soft -mthumb -o "Startup/startup_stm32f103c6tx.o" "../Startup/startup_stm32f103c6tx.s"
arm-none-eabi-gcc "../Src/main.c" -mcpu=cortex-m3 -std=gnu11 -g3 -DSTM32 -DSTM32F1 -DSTM32F103C6Tx -DDEBUG -c -I../Inc -O0 -ffunction-sections -fdata-sections -Wall -fstack-usage -MMD -MP -MF"Src/main.d" -MT"Src/main.o" --specs=nano.specs -mfloat-abi=soft -mthumb -o "Src/main.o"
arm-none-eabi-gcc "../Src/syscalls.c" -mcpu=cortex-m3 -std=gnu11 -g3 -DSTM32 -DSTM32F1 -DSTM32F103C6Tx -DDEBUG -c -I../Inc -O0 -ffunction-sections -fdata-sections -Wall -fstack-usage -MMD -MP -MF"Src/syscalls.d" -MT"Src/syscalls.o" --specs=nano.specs -mfloat-abi=soft -mthumb -o "Src/syscalls.o"
arm-none-eabi-gcc "../Src/sysmem.c" -mcpu=cortex-m3 -std=gnu11 -g3 -DSTM32 -DSTM32F1 -DSTM32F103C6Tx -DDEBUG -c -I../Inc -O0 -ffunction-sections -fdata-sections -Wall -fstack-usage -MMD -MP -MF"Src/sysmem.d" -MT"Src/sysmem.o" --specs=nano.specs -mfloat-abi=soft -mthumb -o "Src/sysmem.o"
arm-none-eabi-gcc -o "Toggle_LED.elf" @"objects.list"   -mcpu=cortex-m3 -T"E:\Courses\Embedded_Systems_Course\Assignments\Lesson_1\Toggle_LED\STM32F103C6TX_FLASH.ld" --specs=nosys.specs -Wl,-Map="Toggle_LED.map" -Wl,--gc-sections -static --specs=nano.specs -mfloat-abi=soft -mthumb -Wl,--start-group -lc -lm -Wl,--end-group
Finished building target: Toggle_LED.elf
 
arm-none-eabi-size   Toggle_LED.elf 
arm-none-eabi-objdump -h -S  Toggle_LED.elf  > "Toggle_LED.list"
arm-none-eabi-objcopy  -O binary  Toggle_LED.elf  "Toggle_LED.bin"
   text	   data	    bss	    dec	    hex	filename
    668	      8	   1568	   2244	    8c4	Toggle_LED.elf
Finished building: default.size.stdout
 
Finished building: Toggle_LED.bin
Finished building: Toggle_LED.list
 
 
01:04:15 **** Incremental Build of configuration Debug for project Toggle_LED ****
make -j6 all 
arm-none-eabi-gcc "../Src/main.c" -mcpu=cortex-m3 -std=gnu11 -g3 -DSTM32 -DSTM32F1 -DSTM32F103C6Tx -DDEBUG -c -I../Inc -O0 -ffunction-sections -fdata-sections -Wall -fstack-usage -MMD -MP -MF"Src/main.d" -MT"Src/main.o" --specs=nano.specs -mfloat-abi=soft -mthumb -o "Src/main.o"
arm-none-eabi-gcc -o "Toggle_LED.elf" @"objects.list"   -mcpu=cortex-m3 -T"E:\Courses\Embedded_Systems_Course\Assignments\Lesson_1\Toggle_LED\STM32F103C6TX_FLASH.ld" --specs=nosys.specs -Wl,-Map="Toggle_LED.map" -Wl,--gc-sections -static --specs=nano.specs -mfloat-abi=soft -mthumb -Wl,--start-group -lc -lm -Wl,--end-group
Finished building target: Toggle_LED.elf
 
arm-none-eabi-objdump -h -S  Toggle_LED.elf  > "Toggle_LED.list"
arm-none-eabi-objcopy  -O binary  Toggle_LED.elf  "Toggle_LED.bin"
arm-none-eabi-size   Toggle_LED.elf 
   text	   data	    bss	    dec	    hex	filename
    668	      8	   1568	   2244	    8c4	Toggle_LED.elf
Finished building: default.size.stdout
 
Finished building: Toggle_LED.bin
Finished building: Toggle_LED.list
 
 
01:06:15 **** Incremental Build of configuration Debug for project Toggle_LED ****
make -j6 all 
arm-none-eabi-size   Toggle_LED.elf 
arm-none-eabi-objcopy  -O ihex  Toggle_LED.elf  "Toggle_LED.hex"
   text	   data	    bss	    dec	    hex	filename
    668	      8	   1568	   2244	    8c4	Toggle_LED.elf
Finished building: default.size.stdout
 
Finished building: Toggle_LED.hex
 
01:19:29 **** Incremental Build of configuration Debug for project Toggle_LED ****
make -j6 all 
arm-none-eabi-gcc "../Src/main.c" -mcpu=cortex-m3 -std=gnu11 -g3 -DSTM32 -DSTM32F1 -DSTM32F103C6Tx -DDEBUG -c -I../Inc -O0 -ffunction-sections -fdata-sections -Wall -fstack-usage -MMD -MP -MF"Src/main.d" -MT"Src/main.o" --specs=nano.specs -mfloat-abi=soft -mthumb -o "Src/main.o"
arm-none-eabi-gcc -o "Toggle_LED.elf" @"objects.list"   -mcpu=cortex-m3 -T"E:\Courses\Embedded_Systems_Course\Assignments\Lesson_1\Toggle_LED\STM32F103C6TX_FLASH.ld" --specs=nosys.specs -Wl,-Map="Toggle_LED.map" -Wl,--gc-sections -static --specs=nano.specs -mfloat-abi=soft -mthumb -Wl,--start-group -lc -lm -Wl,--end-group
Finished building target: Toggle_LED.elf
 
arm-none-eabi-objdump -h -S  Toggle_LED.elf  > "Toggle_LED.list"
arm-none-eabi-objcopy  -O ihex  Toggle_LED.elf  "Toggle_LED.hex"
arm-none-eabi-objcopy  -O binary  Toggle_LED.elf  "Toggle_LED.bin"
arm-none-eabi-size   Toggle_LED.elf 
   text	   data	    bss	    dec	    hex	filename
    668	      8	   1568	   2244	    8c4	Toggle_LED.elf
Finished building: default.size.stdout
Finished building: Toggle_LED.bin
Finished building: Toggle_LED.list
 
 
Finished building: Toggle_LED.hex
 
 
01:21:53 **** Incremental Build of configuration Debug for project Toggle_LED ****
make -j6 all 
arm-none-eabi-gcc "../Src/main.c" -mcpu=cortex-m3 -std=gnu11 -g3 -DSTM32 -DSTM32F1 -DSTM32F103C6Tx -DDEBUG -c -I../Inc -O0 -ffunction-sections -fdata-sections -Wall -fstack-usage -MMD -MP -MF"Src/main.d" -MT"Src/main.o" --specs=nano.specs -mfloat-abi=soft -mthumb -o "Src/main.o"
../Src/main.c: In function 'main':
../Src/main.c:28:32: error: unknown type name 'uint32'
 #define RCC_APB2ENR *(volatile uint32 *)(RCC_Base_Address+0x18)
                                ^
../Src/main.c:35:2: note: in expansion of macro 'RCC_APB2ENR'
  RCC_APB2ENR |= 1<<2;
  ^~~~~~~~~~~
../Src/main.c:29:33: error: unknown type name 'uint32'
 #define GPIO_CRH_Add *(volatile uint32 *)(GPIO_PA_Base_Address+0x04)
                                 ^
../Src/main.c:36:2: note: in expansion of macro 'GPIO_CRH_Add'
  GPIO_CRH_Add &= 0xFF0FFFFF;
  ^~~~~~~~~~~~
../Src/main.c:29:33: error: unknown type name 'uint32'
 #define GPIO_CRH_Add *(volatile uint32 *)(GPIO_PA_Base_Address+0x04)
                                 ^
../Src/main.c:37:2: note: in expansion of macro 'GPIO_CRH_Add'
  GPIO_CRH_Add |= 0x00200000;
  ^~~~~~~~~~~~
../Src/main.c:30:33: error: unknown type name 'uint32'
 #define GPIO_ODR_Add *(volatile uint32 *)(GPIO_PA_Base_Address+0x0C)
                                 ^
../Src/main.c:41:3: note: in expansion of macro 'GPIO_ODR_Add'
   GPIO_ODR_Add |= 1<<13;
   ^~~~~~~~~~~~
../Src/main.c:29:33: error: unknown type name 'uint32'
 #define GPIO_CRH_Add *(volatile uint32 *)(GPIO_PA_Base_Address+0x04)
                                 ^
../Src/main.c:43:4: note: in expansion of macro 'GPIO_CRH_Add'
    GPIO_CRH_Add &=~(1<<13);
    ^~~~~~~~~~~~
make: *** [Src/subdir.mk:24: Src/main.o] Error 1
"make -j6 all" terminated with exit code 2. Build might be incomplete.
01:22:01 **** Incremental Build of configuration Debug for project Toggle_LED ****
make -j6 all 
arm-none-eabi-gcc "../Src/main.c" -mcpu=cortex-m3 -std=gnu11 -g3 -DSTM32 -DSTM32F1 -DSTM32F103C6Tx -DDEBUG -c -I../Inc -O0 -ffunction-sections -fdata-sections -Wall -fstack-usage -MMD -MP -MF"Src/main.d" -MT"Src/main.o" --specs=nano.specs -mfloat-abi=soft -mthumb -o "Src/main.o"
arm-none-eabi-gcc -o "Toggle_LED.elf" @"objects.list"   -mcpu=cortex-m3 -T"E:\Courses\Embedded_Systems_Course\Assignments\Lesson_1\Toggle_LED\STM32F103C6TX_FLASH.ld" --specs=nosys.specs -Wl,-Map="Toggle_LED.map" -Wl,--gc-sections -static --specs=nano.specs -mfloat-abi=soft -mthumb -Wl,--start-group -lc -lm -Wl,--end-group
Finished building target: Toggle_LED.elf
 
arm-none-eabi-objdump -h -S  Toggle_LED.elf  > "Toggle_LED.list"
arm-none-eabi-objcopy  -O ihex  Toggle_LED.elf  "Toggle_LED.hex"
arm-none-eabi-objcopy  -O binary  Toggle_LED.elf  "Toggle_LED.bin"
arm-none-eabi-size   Toggle_LED.elf 
   text	   data	    bss	    dec	    hex	filename
    668	      8	   1568	   2244	    8c4	Toggle_LED.elf
Finished building: default.size.stdout
 
Finished building: Toggle_LED.hex
Finished building: Toggle_LED.bin
Finished building: Toggle_LED.list
 
 
 
01:23:19 **** Incremental Build of configuration Debug for project Toggle_LED ****
make -j6 all 
arm-none-eabi-gcc "../Src/main.c" -mcpu=cortex-m3 -std=gnu11 -g3 -DSTM32 -DSTM32F1 -DSTM32F103C6Tx -DDEBUG -c -I../Inc -O0 -ffunction-sections -fdata-sections -Wall -fstack-usage -MMD -MP -MF"Src/main.d" -MT"Src/main.o" --specs=nano.specs -mfloat-abi=soft -mthumb -o "Src/main.o"
arm-none-eabi-gcc -o "Toggle_LED.elf" @"objects.list"   -mcpu=cortex-m3 -T"E:\Courses\Embedded_Systems_Course\Assignments\Lesson_1\Toggle_LED\STM32F103C6TX_FLASH.ld" --specs=nosys.specs -Wl,-Map="Toggle_LED.map" -Wl,--gc-sections -static --specs=nano.specs -mfloat-abi=soft -mthumb -Wl,--start-group -lc -lm -Wl,--end-group
Finished building target: Toggle_LED.elf
 
arm-none-eabi-objdump -h -S  Toggle_LED.elf  > "Toggle_LED.list"
arm-none-eabi-objcopy  -O ihex  Toggle_LED.elf  "Toggle_LED.hex"
arm-none-eabi-objcopy  -O binary  Toggle_LED.elf  "Toggle_LED.bin"
arm-none-eabi-size   Toggle_LED.elf 
   text	   data	    bss	    dec	    hex	filename
   1888	      8	   1568	   3464	    d88	Toggle_LED.elf
Finished building: default.size.stdout
Finished building: Toggle_LED.hex
Finished building: Toggle_LED.list
Finished building: Toggle_LED.bin
 
 
 
 
01:24:03 **** Incremental Build of configuration Debug for project Toggle_LED ****
make -j6 all 
arm-none-eabi-gcc "../Src/main.c" -mcpu=cortex-m3 -std=gnu11 -g3 -DSTM32 -DSTM32F1 -DSTM32F103C6Tx -DDEBUG -c -I../Inc -O0 -ffunction-sections -fdata-sections -Wall -fstack-usage -MMD -MP -MF"Src/main.d" -MT"Src/main.o" --specs=nano.specs -mfloat-abi=soft -mthumb -o "Src/main.o"
arm-none-eabi-gcc -o "Toggle_LED.elf" @"objects.list"   -mcpu=cortex-m3 -T"E:\Courses\Embedded_Systems_Course\Assignments\Lesson_1\Toggle_LED\STM32F103C6TX_FLASH.ld" --specs=nosys.specs -Wl,-Map="Toggle_LED.map" -Wl,--gc-sections -static --specs=nano.specs -mfloat-abi=soft -mthumb -Wl,--start-group -lc -lm -Wl,--end-group
Finished building target: Toggle_LED.elf
 
arm-none-eabi-objdump -h -S  Toggle_LED.elf  > "Toggle_LED.list"
arm-none-eabi-objcopy  -O ihex  Toggle_LED.elf  "Toggle_LED.hex"
arm-none-eabi-objcopy  -O binary  Toggle_LED.elf  "Toggle_LED.bin"
arm-none-eabi-size   Toggle_LED.elf 
   text	   data	    bss	    dec	    hex	filename
    672	      8	   1568	   2248	    8c8	Toggle_LED.elf
Finished building: default.size.stdout
 
Finished building: Toggle_LED.hex
Finished building: Toggle_LED.list
Finished building: Toggle_LED.bin
 
 
 
01:25:41 **** Incremental Build of configuration Debug for project Toggle_LED ****
make -j6 all 
arm-none-eabi-gcc "../Src/main.c" -mcpu=cortex-m3 -std=gnu11 -g3 -DSTM32 -DSTM32F1 -DSTM32F103C6Tx -DDEBUG -c -I../Inc -O0 -ffunction-sections -fdata-sections -Wall -fstack-usage -MMD -MP -MF"Src/main.d" -MT"Src/main.o" --specs=nano.specs -mfloat-abi=soft -mthumb -o "Src/main.o"
arm-none-eabi-gcc -o "Toggle_LED.elf" @"objects.list"   -mcpu=cortex-m3 -T"E:\Courses\Embedded_Systems_Course\Assignments\Lesson_1\Toggle_LED\STM32F103C6TX_FLASH.ld" --specs=nosys.specs -Wl,-Map="Toggle_LED.map" -Wl,--gc-sections -static --specs=nano.specs -mfloat-abi=soft -mthumb -Wl,--start-group -lc -lm -Wl,--end-group
Finished building target: Toggle_LED.elf
 
arm-none-eabi-objdump -h -S  Toggle_LED.elf  > "Toggle_LED.list"
arm-none-eabi-objcopy  -O ihex  Toggle_LED.elf  "Toggle_LED.hex"
arm-none-eabi-objcopy  -O binary  Toggle_LED.elf  "Toggle_LED.bin"
arm-none-eabi-size   Toggle_LED.elf 
   text	   data	    bss	    dec	    hex	filename
    672	      8	   1568	   2248	    8c8	Toggle_LED.elf
Finished building: default.size.stdout
 
Finished building: Toggle_LED.bin
Finished building: Toggle_LED.hex
Finished building: Toggle_LED.list
 
 
 
01:26:38 **** Incremental Build of configuration Debug for project Toggle_LED ****
make -j6 all 
arm-none-eabi-gcc "../Src/main.c" -mcpu=cortex-m3 -std=gnu11 -g3 -DSTM32 -DSTM32F1 -DSTM32F103C6Tx -DDEBUG -c -I../Inc -O0 -ffunction-sections -fdata-sections -Wall -fstack-usage -MMD -MP -MF"Src/main.d" -MT"Src/main.o" --specs=nano.specs -mfloat-abi=soft -mthumb -o "Src/main.o"
arm-none-eabi-gcc -o "Toggle_LED.elf" @"objects.list"   -mcpu=cortex-m3 -T"E:\Courses\Embedded_Systems_Course\Assignments\Lesson_1\Toggle_LED\STM32F103C6TX_FLASH.ld" --specs=nosys.specs -Wl,-Map="Toggle_LED.map" -Wl,--gc-sections -static --specs=nano.specs -mfloat-abi=soft -mthumb -Wl,--start-group -lc -lm -Wl,--end-group
Finished building target: Toggle_LED.elf
 
arm-none-eabi-objdump -h -S  Toggle_LED.elf  > "Toggle_LED.list"
arm-none-eabi-objcopy  -O ihex  Toggle_LED.elf  "Toggle_LED.hex"
arm-none-eabi-objcopy  -O binary  Toggle_LED.elf  "Toggle_LED.bin"
arm-none-eabi-size   Toggle_LED.elf 
   text	   data	    bss	    dec	    hex	filename
    672	      8	   1568	   2248	    8c8	Toggle_LED.elf
Finished building: default.size.stdout
 
Finished building: Toggle_LED.bin
Finished building: Toggle_LED.hex
Finished building: Toggle_LED.list
 
 
 
01:26:59 **** Incremental Build of configuration Debug for project Toggle_LED ****
make -j6 all 
arm-none-eabi-gcc "../Src/main.c" -mcpu=cortex-m3 -std=gnu11 -g3 -DSTM32 -DSTM32F1 -DSTM32F103C6Tx -DDEBUG -c -I../Inc -O0 -ffunction-sections -fdata-sections -Wall -fstack-usage -MMD -MP -MF"Src/main.d" -MT"Src/main.o" --specs=nano.specs -mfloat-abi=soft -mthumb -o "Src/main.o"
arm-none-eabi-gcc -o "Toggle_LED.elf" @"objects.list"   -mcpu=cortex-m3 -T"E:\Courses\Embedded_Systems_Course\Assignments\Lesson_1\Toggle_LED\STM32F103C6TX_FLASH.ld" --specs=nosys.specs -Wl,-Map="Toggle_LED.map" -Wl,--gc-sections -static --specs=nano.specs -mfloat-abi=soft -mthumb -Wl,--start-group -lc -lm -Wl,--end-group
Finished building target: Toggle_LED.elf
 
arm-none-eabi-objdump -h -S  Toggle_LED.elf  > "Toggle_LED.list"
arm-none-eabi-objcopy  -O ihex  Toggle_LED.elf  "Toggle_LED.hex"
arm-none-eabi-objcopy  -O binary  Toggle_LED.elf  "Toggle_LED.bin"
arm-none-eabi-size   Toggle_LED.elf 
   text	   data	    bss	    dec	    hex	filename
    672	      8	   1568	   2248	    8c8	Toggle_LED.elf
Finished building: default.size.stdout
 
Finished building: Toggle_LED.hex
Finished building: Toggle_LED.list
Finished building: Toggle_LED.bin
 
 
 
01:27:56 **** Incremental Build of configuration Debug for project Toggle_LED ****
make -j6 all 
arm-none-eabi-gcc "../Src/main.c" -mcpu=cortex-m3 -std=gnu11 -g3 -DSTM32 -DSTM32F1 -DSTM32F103C6Tx -DDEBUG -c -I../Inc -O0 -ffunction-sections -fdata-sections -Wall -fstack-usage -MMD -MP -MF"Src/main.d" -MT"Src/main.o" --specs=nano.specs -mfloat-abi=soft -mthumb -o "Src/main.o"
arm-none-eabi-gcc -o "Toggle_LED.elf" @"objects.list"   -mcpu=cortex-m3 -T"E:\Courses\Embedded_Systems_Course\Assignments\Lesson_1\Toggle_LED\STM32F103C6TX_FLASH.ld" --specs=nosys.specs -Wl,-Map="Toggle_LED.map" -Wl,--gc-sections -static --specs=nano.specs -mfloat-abi=soft -mthumb -Wl,--start-group -lc -lm -Wl,--end-group
Finished building target: Toggle_LED.elf
 
arm-none-eabi-objdump -h -S  Toggle_LED.elf  > "Toggle_LED.list"
arm-none-eabi-objcopy  -O ihex  Toggle_LED.elf  "Toggle_LED.hex"
arm-none-eabi-objcopy  -O binary  Toggle_LED.elf  "Toggle_LED.bin"
arm-none-eabi-size   Toggle_LED.elf 
   text	   data	    bss	    dec	    hex	filename
    672	      8	   1568	   2248	    8c8	Toggle_LED.elf
Finished building: default.size.stdout
 
Finished building: Toggle_LED.hex
Finished building: Toggle_LED.bin
Finished building: Toggle_LED.list
 
 
 
01:28:33 **** Incremental Build of configuration Debug for project Toggle_LED ****
make -j6 all 
arm-none-eabi-gcc "../Src/main.c" -mcpu=cortex-m3 -std=gnu11 -g3 -DSTM32 -DSTM32F1 -DSTM32F103C6Tx -DDEBUG -c -I../Inc -O0 -ffunction-sections -fdata-sections -Wall -fstack-usage -MMD -MP -MF"Src/main.d" -MT"Src/main.o" --specs=nano.specs -mfloat-abi=soft -mthumb -o "Src/main.o"
arm-none-eabi-gcc -o "Toggle_LED.elf" @"objects.list"   -mcpu=cortex-m3 -T"E:\Courses\Embedded_Systems_Course\Assignments\Lesson_1\Toggle_LED\STM32F103C6TX_FLASH.ld" --specs=nosys.specs -Wl,-Map="Toggle_LED.map" -Wl,--gc-sections -static --specs=nano.specs -mfloat-abi=soft -mthumb -Wl,--start-group -lc -lm -Wl,--end-group
Finished building target: Toggle_LED.elf
 
arm-none-eabi-objdump -h -S  Toggle_LED.elf  > "Toggle_LED.list"
arm-none-eabi-objcopy  -O ihex  Toggle_LED.elf  "Toggle_LED.hex"
arm-none-eabi-objcopy  -O binary  Toggle_LED.elf  "Toggle_LED.bin"
arm-none-eabi-size   Toggle_LED.elf 
   text	   data	    bss	    dec	    hex	filename
    668	      8	   1568	   2244	    8c4	Toggle_LED.elf
Finished building: default.size.stdout
 
Finished building: Toggle_LED.hex
Finished building: Toggle_LED.bin
Finished building: Toggle_LED.list
 
 
 
01:29:31 **** Incremental Build of configuration Debug for project Toggle_LED ****
make -j6 all 
arm-none-eabi-gcc "../Src/main.c" -mcpu=cortex-m3 -std=gnu11 -g3 -DSTM32 -DSTM32F1 -DSTM32F103C6Tx -DDEBUG -c -I../Inc -O0 -ffunction-sections -fdata-sections -Wall -fstack-usage -MMD -MP -MF"Src/main.d" -MT"Src/main.o" --specs=nano.specs -mfloat-abi=soft -mthumb -o "Src/main.o"
arm-none-eabi-gcc -o "Toggle_LED.elf" @"objects.list"   -mcpu=cortex-m3 -T"E:\Courses\Embedded_Systems_Course\Assignments\Lesson_1\Toggle_LED\STM32F103C6TX_FLASH.ld" --specs=nosys.specs -Wl,-Map="Toggle_LED.map" -Wl,--gc-sections -static --specs=nano.specs -mfloat-abi=soft -mthumb -Wl,--start-group -lc -lm -Wl,--end-group
Finished building target: Toggle_LED.elf
 
arm-none-eabi-objdump -h -S  Toggle_LED.elf  > "Toggle_LED.list"
arm-none-eabi-objcopy  -O ihex  Toggle_LED.elf  "Toggle_LED.hex"
arm-none-eabi-objcopy  -O binary  Toggle_LED.elf  "Toggle_LED.bin"
arm-none-eabi-size   Toggle_LED.elf 
   text	   data	    bss	    dec	    hex	filename
    668	      8	   1568	   2244	    8c4	Toggle_LED.elf
Finished building: default.size.stdout
Finished building: Toggle_LED.list
 
Finished building: Toggle_LED.bin
Finished building: Toggle_LED.hex
 
 
 
01:30:04 **** Incremental Build of configuration Debug for project Toggle_LED ****
make -j6 all 
arm-none-eabi-gcc "../Src/main.c" -mcpu=cortex-m3 -std=gnu11 -g3 -DSTM32 -DSTM32F1 -DSTM32F103C6Tx -DDEBUG -c -I../Inc -O0 -ffunction-sections -fdata-sections -Wall -fstack-usage -MMD -MP -MF"Src/main.d" -MT"Src/main.o" --specs=nano.specs -mfloat-abi=soft -mthumb -o "Src/main.o"
arm-none-eabi-gcc -o "Toggle_LED.elf" @"objects.list"   -mcpu=cortex-m3 -T"E:\Courses\Embedded_Systems_Course\Assignments\Lesson_1\Toggle_LED\STM32F103C6TX_FLASH.ld" --specs=nosys.specs -Wl,-Map="Toggle_LED.map" -Wl,--gc-sections -static --specs=nano.specs -mfloat-abi=soft -mthumb -Wl,--start-group -lc -lm -Wl,--end-group
Finished building target: Toggle_LED.elf
 
arm-none-eabi-objdump -h -S  Toggle_LED.elf  > "Toggle_LED.list"
arm-none-eabi-objcopy  -O ihex  Toggle_LED.elf  "Toggle_LED.hex"
arm-none-eabi-objcopy  -O binary  Toggle_LED.elf  "Toggle_LED.bin"
arm-none-eabi-size   Toggle_LED.elf 
   text	   data	    bss	    dec	    hex	filename
    668	      8	   1568	   2244	    8c4	Toggle_LED.elf
Finished building: default.size.stdout
 
Finished building: Toggle_LED.hex
Finished building: Toggle_LED.bin
Finished building: Toggle_LED.list
 
 
 
01:30:43 **** Incremental Build of configuration Debug for project Toggle_LED ****
make -j6 all 
arm-none-eabi-gcc "../Src/main.c" -mcpu=cortex-m3 -std=gnu11 -g3 -DSTM32 -DSTM32F1 -DSTM32F103C6Tx -DDEBUG -c -I../Inc -O0 -ffunction-sections -fdata-sections -Wall -fstack-usage -MMD -MP -MF"Src/main.d" -MT"Src/main.o" --specs=nano.specs -mfloat-abi=soft -mthumb -o "Src/main.o"
arm-none-eabi-gcc -o "Toggle_LED.elf" @"objects.list"   -mcpu=cortex-m3 -T"E:\Courses\Embedded_Systems_Course\Assignments\Lesson_1\Toggle_LED\STM32F103C6TX_FLASH.ld" --specs=nosys.specs -Wl,-Map="Toggle_LED.map" -Wl,--gc-sections -static --specs=nano.specs -mfloat-abi=soft -mthumb -Wl,--start-group -lc -lm -Wl,--end-group
Finished building target: Toggle_LED.elf
 
arm-none-eabi-objdump -h -S  Toggle_LED.elf  > "Toggle_LED.list"
arm-none-eabi-objcopy  -O ihex  Toggle_LED.elf  "Toggle_LED.hex"
arm-none-eabi-objcopy  -O binary  Toggle_LED.elf  "Toggle_LED.bin"
arm-none-eabi-size   Toggle_LED.elf 
   text	   data	    bss	    dec	    hex	filename
    680	      8	   1568	   2256	    8d0	Toggle_LED.elf
Finished building: default.size.stdout
 
Finished building: Toggle_LED.bin
Finished building: Toggle_LED.hex
Finished building: Toggle_LED.list
 
 
 
01:32:39 **** Incremental Build of configuration Debug for project Toggle_LED ****
make -j6 all 
arm-none-eabi-gcc "../Src/main.c" -mcpu=cortex-m3 -std=gnu11 -g3 -DSTM32 -DSTM32F1 -DSTM32F103C6Tx -DDEBUG -c -I../Inc -O0 -ffunction-sections -fdata-sections -Wall -fstack-usage -MMD -MP -MF"Src/main.d" -MT"Src/main.o" --specs=nano.specs -mfloat-abi=soft -mthumb -o "Src/main.o"
arm-none-eabi-gcc -o "Toggle_LED.elf" @"objects.list"   -mcpu=cortex-m3 -T"E:\Courses\Embedded_Systems_Course\Assignments\Lesson_1\Toggle_LED\STM32F103C6TX_FLASH.ld" --specs=nosys.specs -Wl,-Map="Toggle_LED.map" -Wl,--gc-sections -static --specs=nano.specs -mfloat-abi=soft -mthumb -Wl,--start-group -lc -lm -Wl,--end-group
Finished building target: Toggle_LED.elf
 
arm-none-eabi-objdump -h -S  Toggle_LED.elf  > "Toggle_LED.list"
arm-none-eabi-objcopy  -O ihex  Toggle_LED.elf  "Toggle_LED.hex"
arm-none-eabi-objcopy  -O binary  Toggle_LED.elf  "Toggle_LED.bin"
arm-none-eabi-size   Toggle_LED.elf 
   text	   data	    bss	    dec	    hex	filename
    668	      8	   1568	   2244	    8c4	Toggle_LED.elf
Finished building: default.size.stdout
 
Finished building: Toggle_LED.hex
Finished building: Toggle_LED.list
Finished building: Toggle_LED.bin
 
 
 
01:33:16 **** Incremental Build of configuration Debug for project Toggle_LED ****
make -j6 all 
arm-none-eabi-size   Toggle_LED.elf 
   text	   data	    bss	    dec	    hex	filename
    668	      8	   1568	   2244	    8c4	Toggle_LED.elf
Finished building: default.size.stdout
 
01:33:19 **** Incremental Build of configuration Debug for project Toggle_LED ****
make -j6 all 
arm-none-eabi-gcc "../Src/main.c" -mcpu=cortex-m3 -std=gnu11 -g3 -DSTM32 -DSTM32F1 -DSTM32F103C6Tx -DDEBUG -c -I../Inc -O0 -ffunction-sections -fdata-sections -Wall -fstack-usage -MMD -MP -MF"Src/main.d" -MT"Src/main.o" --specs=nano.specs -mfloat-abi=soft -mthumb -o "Src/main.o"
arm-none-eabi-gcc -o "Toggle_LED.elf" @"objects.list"   -mcpu=cortex-m3 -T"E:\Courses\Embedded_Systems_Course\Assignments\Lesson_1\Toggle_LED\STM32F103C6TX_FLASH.ld" --specs=nosys.specs -Wl,-Map="Toggle_LED.map" -Wl,--gc-sections -static --specs=nano.specs -mfloat-abi=soft -mthumb -Wl,--start-group -lc -lm -Wl,--end-group
Finished building target: Toggle_LED.elf
 
arm-none-eabi-objdump -h -S  Toggle_LED.elf  > "Toggle_LED.list"
arm-none-eabi-objcopy  -O ihex  Toggle_LED.elf  "Toggle_LED.hex"
arm-none-eabi-objcopy  -O binary  Toggle_LED.elf  "Toggle_LED.bin"
arm-none-eabi-size   Toggle_LED.elf 
   text	   data	    bss	    dec	    hex	filename
   1888	      8	   1568	   3464	    d88	Toggle_LED.elf
Finished building: default.size.stdout
 
Finished building: Toggle_LED.list
Finished building: Toggle_LED.hex
Finished building: Toggle_LED.bin
 
 
 
01:33:47 **** Incremental Build of configuration Debug for project Toggle_LED ****
make -j6 all 
arm-none-eabi-gcc "../Src/main.c" -mcpu=cortex-m3 -std=gnu11 -g3 -DSTM32 -DSTM32F1 -DSTM32F103C6Tx -DDEBUG -c -I../Inc -O0 -ffunction-sections -fdata-sections -Wall -fstack-usage -MMD -MP -MF"Src/main.d" -MT"Src/main.o" --specs=nano.specs -mfloat-abi=soft -mthumb -o "Src/main.o"
arm-none-eabi-gcc -o "Toggle_LED.elf" @"objects.list"   -mcpu=cortex-m3 -T"E:\Courses\Embedded_Systems_Course\Assignments\Lesson_1\Toggle_LED\STM32F103C6TX_FLASH.ld" --specs=nosys.specs -Wl,-Map="Toggle_LED.map" -Wl,--gc-sections -static --specs=nano.specs -mfloat-abi=soft -mthumb -Wl,--start-group -lc -lm -Wl,--end-group
Finished building target: Toggle_LED.elf
 
arm-none-eabi-objdump -h -S  Toggle_LED.elf  > "Toggle_LED.list"
arm-none-eabi-objcopy  -O ihex  Toggle_LED.elf  "Toggle_LED.hex"
arm-none-eabi-objcopy  -O binary  Toggle_LED.elf  "Toggle_LED.bin"
arm-none-eabi-size   Toggle_LED.elf 
   text	   data	    bss	    dec	    hex	filename
    668	      8	   1568	   2244	    8c4	Toggle_LED.elf
Finished building: default.size.stdout
 
Finished building: Toggle_LED.hex
Finished building: Toggle_LED.bin
Finished building: Toggle_LED.list
 
 
 
01:34:37 **** Incremental Build of configuration Debug for project Toggle_LED ****
make -j6 all 
arm-none-eabi-gcc "../Src/main.c" -mcpu=cortex-m3 -std=gnu11 -g3 -DSTM32 -DSTM32F1 -DSTM32F103C6Tx -DDEBUG -c -I../Inc -O0 -ffunction-sections -fdata-sections -Wall -fstack-usage -MMD -MP -MF"Src/main.d" -MT"Src/main.o" --specs=nano.specs -mfloat-abi=soft -mthumb -o "Src/main.o"
arm-none-eabi-gcc -o "Toggle_LED.elf" @"objects.list"   -mcpu=cortex-m3 -T"E:\Courses\Embedded_Systems_Course\Assignments\Lesson_1\Toggle_LED\STM32F103C6TX_FLASH.ld" --specs=nosys.specs -Wl,-Map="Toggle_LED.map" -Wl,--gc-sections -static --specs=nano.specs -mfloat-abi=soft -mthumb -Wl,--start-group -lc -lm -Wl,--end-group
Finished building target: Toggle_LED.elf
 
arm-none-eabi-objdump -h -S  Toggle_LED.elf  > "Toggle_LED.list"
arm-none-eabi-objcopy  -O ihex  Toggle_LED.elf  "Toggle_LED.hex"
arm-none-eabi-objcopy  -O binary  Toggle_LED.elf  "Toggle_LED.bin"
arm-none-eabi-size   Toggle_LED.elf 
   text	   data	    bss	    dec	    hex	filename
    668	      8	   1568	   2244	    8c4	Toggle_LED.elf
Finished building: default.size.stdout
 
Finished building: Toggle_LED.list
Finished building: Toggle_LED.hex
Finished building: Toggle_LED.bin
 
 
 
