01:34:37 **** Incremental Build of configuration Debug for project Toggle_LED ****
make -j6 all 
arm-none-eabi-gcc "../Src/main.c" -mcpu=cortex-m3 -std=gnu11 -g3 -DSTM32 -DSTM32F1 -DSTM32F103C6Tx -DDEBUG -c -I../Inc -O0 -ffunction-sections -fdata-sections -Wall -fstack-usage -MMD -MP -MF"Src/main.d" -MT"Src/main.o" --specs=nano.specs -mfloat-abi=soft -mthumb -o "Src/main.o"
arm-none-eabi-gcc -o "Toggle_LED.elf" @"objects.list"   -mcpu=cortex-m3 -T"E:\Courses\Embedded_Systems_Course\Assignments\Lesson_1\Toggle_LED\STM32F103C6TX_FLASH.ld" --specs=nosys.specs -Wl,-Map="Toggle_LED.map" -Wl,--gc-sections -static --specs=nano.specs -mfloat-abi=soft -mthumb -Wl,--start-group -lc -lm -Wl,--end-group
Finished building target: Toggle_LED.elf
 
arm-none-eabi-objdump -h -S  Toggle_LED.elf  > "Toggle_LED.list"
arm-none-eabi-objcopy  -O ihex  Toggle_LED.elf  "Toggle_LED.hex"
arm-none-eabi-objcopy  -O binary  Toggle_LED.elf  "Toggle_LED.bin"
arm-none-eabi-size   Toggle_LED.elf 
   text	   data	    bss	    dec	    hex	filename
    668	      8	   1568	   2244	    8c4	Toggle_LED.elf
Finished building: default.size.stdout
 
Finished building: Toggle_LED.list
Finished building: Toggle_LED.hex
Finished building: Toggle_LED.bin
 
 
 

01:34:38 Build Finished. 0 errors, 0 warnings. (took 420ms)

