
Allocating common symbols
Common symbol       size              file

pressure_value      0x4               main.o

Memory Configuration

Name             Origin             Length             Attributes
flash            0x08000000         0x00020000         xr
sram             0x20000000         0x00005000         xrw
*default*        0x00000000         0xffffffff

Linker script and memory map


.text           0x08000000      0x1e8
 *(.vectors*)
 .vectors       0x08000000       0x1c startup.o
                0x08000000                Vectors
 *(.text*)
 .text          0x0800001c       0x7c Alarm_Manager.o
                0x0800001c                Alarm_ON
                0x0800004c                Alarm_OFF
                0x08000078                Delay
 .text          0x08000098       0x50 Init.o
                0x08000098                init
 .text          0x080000e8       0x28 main.o
                0x080000e8                main
 .text          0x08000110       0x48 Pressure_Sensor_Driver.o
                0x08000110                getPressureVal
                0x08000128                check_Pressure_val
 .text          0x08000158       0x90 startup.o
                0x08000158                NMI_Handler
                0x08000158                UsageFault_Handler
                0x08000158                Default_Handler
                0x08000158                MemManage_Handler
                0x08000158                BusFault_Handler
                0x08000158                HardFault_Handler
                0x08000164                Rest_Handler
 *(.rodata)
                0x080001e8                . = ALIGN (0x4)
                0x080001e8                _E_text = .

.glue_7         0x080001e8        0x0
 .glue_7        0x080001e8        0x0 linker stubs

.glue_7t        0x080001e8        0x0
 .glue_7t       0x080001e8        0x0 linker stubs

.vfp11_veneer   0x080001e8        0x0
 .vfp11_veneer  0x080001e8        0x0 linker stubs

.v4_bx          0x080001e8        0x0
 .v4_bx         0x080001e8        0x0 linker stubs

.iplt           0x080001e8        0x0
 .iplt          0x080001e8        0x0 Alarm_Manager.o

.rel.dyn        0x080001e8        0x0
 .rel.iplt      0x080001e8        0x0 Alarm_Manager.o

.data           0x20000000        0x4 load address 0x080001e8
                0x20000000                _s_data = .
 *(.data)
 .data          0x20000000        0x4 Alarm_Manager.o
                0x20000000                RegODR
 .data          0x20000004        0x0 Init.o
 .data          0x20000004        0x0 main.o
 .data          0x20000004        0x0 Pressure_Sensor_Driver.o
 .data          0x20000004        0x0 startup.o
                0x20000004                _E_data = .

.igot.plt       0x20000004        0x0 load address 0x080001ec
 .igot.plt      0x20000004        0x0 Alarm_Manager.o

.bss            0x20000004     0x1004 load address 0x080001ec
                0x20000004                _s_bss = .
 *(.bss*)
 .bss           0x20000004        0x0 Alarm_Manager.o
 .bss           0x20000004        0x0 Init.o
 .bss           0x20000004        0x0 main.o
 .bss           0x20000004        0x0 Pressure_Sensor_Driver.o
 .bss           0x20000004        0x0 startup.o
                0x20000004                _E_bss = .
                0x20000004                . = ALIGN (0x4)
                0x20001004                . = (. + 0x1000)
 *fill*         0x20000004     0x1000 
                0x20001004                stack_top = .
 COMMON         0x20001004        0x4 main.o
                0x20001004                pressure_value
LOAD Alarm_Manager.o
LOAD Init.o
LOAD main.o
LOAD Pressure_Sensor_Driver.o
LOAD startup.o
OUTPUT(Pressure_Controller_Alarm.elf elf32-littlearm)

.debug_info     0x00000000     0x293e
 .debug_info    0x00000000      0xa60 Alarm_Manager.o
 .debug_info    0x00000a60      0x9a0 Init.o
 .debug_info    0x00001400      0x9ba main.o
 .debug_info    0x00001dba      0x9f4 Pressure_Sensor_Driver.o
 .debug_info    0x000027ae      0x190 startup.o

.debug_abbrev   0x00000000      0x78c
 .debug_abbrev  0x00000000      0x1e2 Alarm_Manager.o
 .debug_abbrev  0x000001e2      0x176 Init.o
 .debug_abbrev  0x00000358      0x1a3 main.o
 .debug_abbrev  0x000004fb      0x1bb Pressure_Sensor_Driver.o
 .debug_abbrev  0x000006b6       0xd6 startup.o

.debug_loc      0x00000000      0x228
 .debug_loc     0x00000000       0xcc Alarm_Manager.o
 .debug_loc     0x000000cc       0x44 Init.o
 .debug_loc     0x00000110       0x2c main.o
 .debug_loc     0x0000013c       0x70 Pressure_Sensor_Driver.o
 .debug_loc     0x000001ac       0x7c startup.o

.debug_aranges  0x00000000       0xa0
 .debug_aranges
                0x00000000       0x20 Alarm_Manager.o
 .debug_aranges
                0x00000020       0x20 Init.o
 .debug_aranges
                0x00000040       0x20 main.o
 .debug_aranges
                0x00000060       0x20 Pressure_Sensor_Driver.o
 .debug_aranges
                0x00000080       0x20 startup.o

.debug_line     0x00000000      0x62a
 .debug_line    0x00000000      0x171 Alarm_Manager.o
 .debug_line    0x00000171      0x144 Init.o
 .debug_line    0x000002b5      0x101 main.o
 .debug_line    0x000003b6      0x175 Pressure_Sensor_Driver.o
 .debug_line    0x0000052b       0xff startup.o

.debug_str      0x00000000      0x661
 .debug_str     0x00000000      0x523 Alarm_Manager.o
                                0x590 (size before relaxing)
 .debug_str     0x00000523        0x7 Init.o
                                0x533 (size before relaxing)
 .debug_str     0x0000052a       0x5e main.o
                                0x571 (size before relaxing)
 .debug_str     0x00000588       0x5b Pressure_Sensor_Driver.o
                                0x5d4 (size before relaxing)
 .debug_str     0x000005e3       0x7e startup.o
                                0x1b8 (size before relaxing)

.comment        0x00000000       0x7e
 .comment       0x00000000       0x7e Alarm_Manager.o
                                 0x7f (size before relaxing)
 .comment       0x0000007e       0x7f Init.o
 .comment       0x0000007e       0x7f main.o
 .comment       0x0000007e       0x7f Pressure_Sensor_Driver.o
 .comment       0x0000007e       0x7f startup.o

.ARM.attributes
                0x00000000       0x33
 .ARM.attributes
                0x00000000       0x33 Alarm_Manager.o
 .ARM.attributes
                0x00000033       0x33 Init.o
 .ARM.attributes
                0x00000066       0x33 main.o
 .ARM.attributes
                0x00000099       0x33 Pressure_Sensor_Driver.o
 .ARM.attributes
                0x000000cc       0x33 startup.o

.debug_frame    0x00000000      0x16c
 .debug_frame   0x00000000       0x74 Alarm_Manager.o
 .debug_frame   0x00000074       0x30 Init.o
 .debug_frame   0x000000a4       0x2c main.o
 .debug_frame   0x000000d0       0x4c Pressure_Sensor_Driver.o
 .debug_frame   0x0000011c       0x50 startup.o
