Archive member included to satisfy reference by file (symbol)

e:/programs/stm32_ide/stm32cubeide_1.4.0/stm32cubeide/plugins/com.st.stm32cube.ide.mcu.externaltools.gnu-tools-for-stm32.7-2018-q2-update.win32_1.4.0.202007081208/tools/bin/../lib/gcc/arm-none-eabi/7.3.1/../../../../arm-none-eabi/lib/thumb/v7-m\libc_nano.a(lib_a-errno.o)
                              Src/syscalls.o (__errno)
e:/programs/stm32_ide/stm32cubeide_1.4.0/stm32cubeide/plugins/com.st.stm32cube.ide.mcu.externaltools.gnu-tools-for-stm32.7-2018-q2-update.win32_1.4.0.202007081208/tools/bin/../lib/gcc/arm-none-eabi/7.3.1/../../../../arm-none-eabi/lib/thumb/v7-m\libc_nano.a(lib_a-exit.o)
                              e:/programs/stm32_ide/stm32cubeide_1.4.0/stm32cubeide/plugins/com.st.stm32cube.ide.mcu.externaltools.gnu-tools-for-stm32.7-2018-q2-update.win32_1.4.0.202007081208/tools/bin/../lib/gcc/arm-none-eabi/7.3.1/../../../../arm-none-eabi/lib/thumb/v7-m/crt0.o (exit)
e:/programs/stm32_ide/stm32cubeide_1.4.0/stm32cubeide/plugins/com.st.stm32cube.ide.mcu.externaltools.gnu-tools-for-stm32.7-2018-q2-update.win32_1.4.0.202007081208/tools/bin/../lib/gcc/arm-none-eabi/7.3.1/../../../../arm-none-eabi/lib/thumb/v7-m\libc_nano.a(lib_a-impure.o)
                              e:/programs/stm32_ide/stm32cubeide_1.4.0/stm32cubeide/plugins/com.st.stm32cube.ide.mcu.externaltools.gnu-tools-for-stm32.7-2018-q2-update.win32_1.4.0.202007081208/tools/bin/../lib/gcc/arm-none-eabi/7.3.1/../../../../arm-none-eabi/lib/thumb/v7-m\libc_nano.a(lib_a-exit.o) (_global_impure_ptr)
e:/programs/stm32_ide/stm32cubeide_1.4.0/stm32cubeide/plugins/com.st.stm32cube.ide.mcu.externaltools.gnu-tools-for-stm32.7-2018-q2-update.win32_1.4.0.202007081208/tools/bin/../lib/gcc/arm-none-eabi/7.3.1/../../../../arm-none-eabi/lib/thumb/v7-m\libc_nano.a(lib_a-init.o)
                              e:/programs/stm32_ide/stm32cubeide_1.4.0/stm32cubeide/plugins/com.st.stm32cube.ide.mcu.externaltools.gnu-tools-for-stm32.7-2018-q2-update.win32_1.4.0.202007081208/tools/bin/../lib/gcc/arm-none-eabi/7.3.1/../../../../arm-none-eabi/lib/thumb/v7-m/crt0.o (__libc_init_array)
e:/programs/stm32_ide/stm32cubeide_1.4.0/stm32cubeide/plugins/com.st.stm32cube.ide.mcu.externaltools.gnu-tools-for-stm32.7-2018-q2-update.win32_1.4.0.202007081208/tools/bin/../lib/gcc/arm-none-eabi/7.3.1/../../../../arm-none-eabi/lib/thumb/v7-m\libc_nano.a(lib_a-memset.o)
                              e:/programs/stm32_ide/stm32cubeide_1.4.0/stm32cubeide/plugins/com.st.stm32cube.ide.mcu.externaltools.gnu-tools-for-stm32.7-2018-q2-update.win32_1.4.0.202007081208/tools/bin/../lib/gcc/arm-none-eabi/7.3.1/../../../../arm-none-eabi/lib/thumb/v7-m/crt0.o (memset)

Allocating common symbols
Common symbol       size              file

PinCfg              0x4               STM32_F103C6_Drivers/LCD_Driver/LCD.o

Discarded input sections

 .text          0x0000000000000000        0x0 e:/programs/stm32_ide/stm32cubeide_1.4.0/stm32cubeide/plugins/com.st.stm32cube.ide.mcu.externaltools.gnu-tools-for-stm32.7-2018-q2-update.win32_1.4.0.202007081208/tools/bin/../lib/gcc/arm-none-eabi/7.3.1/thumb/v7-m/crti.o
 .data          0x0000000000000000        0x0 e:/programs/stm32_ide/stm32cubeide_1.4.0/stm32cubeide/plugins/com.st.stm32cube.ide.mcu.externaltools.gnu-tools-for-stm32.7-2018-q2-update.win32_1.4.0.202007081208/tools/bin/../lib/gcc/arm-none-eabi/7.3.1/thumb/v7-m/crti.o
 .bss           0x0000000000000000        0x0 e:/programs/stm32_ide/stm32cubeide_1.4.0/stm32cubeide/plugins/com.st.stm32cube.ide.mcu.externaltools.gnu-tools-for-stm32.7-2018-q2-update.win32_1.4.0.202007081208/tools/bin/../lib/gcc/arm-none-eabi/7.3.1/thumb/v7-m/crti.o
 .data          0x0000000000000000        0x4 e:/programs/stm32_ide/stm32cubeide_1.4.0/stm32cubeide/plugins/com.st.stm32cube.ide.mcu.externaltools.gnu-tools-for-stm32.7-2018-q2-update.win32_1.4.0.202007081208/tools/bin/../lib/gcc/arm-none-eabi/7.3.1/thumb/v7-m/crtbegin.o
 .text          0x0000000000000000       0x74 e:/programs/stm32_ide/stm32cubeide_1.4.0/stm32cubeide/plugins/com.st.stm32cube.ide.mcu.externaltools.gnu-tools-for-stm32.7-2018-q2-update.win32_1.4.0.202007081208/tools/bin/../lib/gcc/arm-none-eabi/7.3.1/../../../../arm-none-eabi/lib/thumb/v7-m/crt0.o
 .data          0x0000000000000000        0x0 e:/programs/stm32_ide/stm32cubeide_1.4.0/stm32cubeide/plugins/com.st.stm32cube.ide.mcu.externaltools.gnu-tools-for-stm32.7-2018-q2-update.win32_1.4.0.202007081208/tools/bin/../lib/gcc/arm-none-eabi/7.3.1/../../../../arm-none-eabi/lib/thumb/v7-m/crt0.o
 .bss           0x0000000000000000        0x0 e:/programs/stm32_ide/stm32cubeide_1.4.0/stm32cubeide/plugins/com.st.stm32cube.ide.mcu.externaltools.gnu-tools-for-stm32.7-2018-q2-update.win32_1.4.0.202007081208/tools/bin/../lib/gcc/arm-none-eabi/7.3.1/../../../../arm-none-eabi/lib/thumb/v7-m/crt0.o
 .ARM.extab     0x0000000000000000        0x0 e:/programs/stm32_ide/stm32cubeide_1.4.0/stm32cubeide/plugins/com.st.stm32cube.ide.mcu.externaltools.gnu-tools-for-stm32.7-2018-q2-update.win32_1.4.0.202007081208/tools/bin/../lib/gcc/arm-none-eabi/7.3.1/../../../../arm-none-eabi/lib/thumb/v7-m/crt0.o
 .ARM.exidx     0x0000000000000000        0x8 e:/programs/stm32_ide/stm32cubeide_1.4.0/stm32cubeide/plugins/com.st.stm32cube.ide.mcu.externaltools.gnu-tools-for-stm32.7-2018-q2-update.win32_1.4.0.202007081208/tools/bin/../lib/gcc/arm-none-eabi/7.3.1/../../../../arm-none-eabi/lib/thumb/v7-m/crt0.o
 .ARM.attributes
                0x0000000000000000       0x1b e:/programs/stm32_ide/stm32cubeide_1.4.0/stm32cubeide/plugins/com.st.stm32cube.ide.mcu.externaltools.gnu-tools-for-stm32.7-2018-q2-update.win32_1.4.0.202007081208/tools/bin/../lib/gcc/arm-none-eabi/7.3.1/../../../../arm-none-eabi/lib/thumb/v7-m/crt0.o
 .group         0x0000000000000000        0xc STM32_F103C6_Drivers/Keypad_Driver/Keypad_Driver.o
 .group         0x0000000000000000        0xc STM32_F103C6_Drivers/Keypad_Driver/Keypad_Driver.o
 .group         0x0000000000000000        0xc STM32_F103C6_Drivers/Keypad_Driver/Keypad_Driver.o
 .group         0x0000000000000000        0xc STM32_F103C6_Drivers/Keypad_Driver/Keypad_Driver.o
 .group         0x0000000000000000        0xc STM32_F103C6_Drivers/Keypad_Driver/Keypad_Driver.o
 .group         0x0000000000000000        0xc STM32_F103C6_Drivers/Keypad_Driver/Keypad_Driver.o
 .group         0x0000000000000000        0xc STM32_F103C6_Drivers/Keypad_Driver/Keypad_Driver.o
 .group         0x0000000000000000        0xc STM32_F103C6_Drivers/Keypad_Driver/Keypad_Driver.o
 .group         0x0000000000000000        0xc STM32_F103C6_Drivers/Keypad_Driver/Keypad_Driver.o
 .group         0x0000000000000000        0xc STM32_F103C6_Drivers/Keypad_Driver/Keypad_Driver.o
 .group         0x0000000000000000        0xc STM32_F103C6_Drivers/Keypad_Driver/Keypad_Driver.o
 .group         0x0000000000000000        0xc STM32_F103C6_Drivers/Keypad_Driver/Keypad_Driver.o
 .group         0x0000000000000000        0xc STM32_F103C6_Drivers/Keypad_Driver/Keypad_Driver.o
 .group         0x0000000000000000        0xc STM32_F103C6_Drivers/Keypad_Driver/Keypad_Driver.o
 .group         0x0000000000000000        0xc STM32_F103C6_Drivers/Keypad_Driver/Keypad_Driver.o
 .group         0x0000000000000000        0xc STM32_F103C6_Drivers/Keypad_Driver/Keypad_Driver.o
 .group         0x0000000000000000        0xc STM32_F103C6_Drivers/Keypad_Driver/Keypad_Driver.o
 .group         0x0000000000000000        0xc STM32_F103C6_Drivers/Keypad_Driver/Keypad_Driver.o
 .group         0x0000000000000000        0xc STM32_F103C6_Drivers/Keypad_Driver/Keypad_Driver.o
 .group         0x0000000000000000        0xc STM32_F103C6_Drivers/Keypad_Driver/Keypad_Driver.o
 .group         0x0000000000000000        0xc STM32_F103C6_Drivers/Keypad_Driver/Keypad_Driver.o
 .group         0x0000000000000000        0xc STM32_F103C6_Drivers/Keypad_Driver/Keypad_Driver.o
 .group         0x0000000000000000        0xc STM32_F103C6_Drivers/Keypad_Driver/Keypad_Driver.o
 .group         0x0000000000000000        0xc STM32_F103C6_Drivers/Keypad_Driver/Keypad_Driver.o
 .group         0x0000000000000000        0xc STM32_F103C6_Drivers/Keypad_Driver/Keypad_Driver.o
 .text          0x0000000000000000        0x0 STM32_F103C6_Drivers/Keypad_Driver/Keypad_Driver.o
 .data          0x0000000000000000        0x0 STM32_F103C6_Drivers/Keypad_Driver/Keypad_Driver.o
 .bss           0x0000000000000000        0x0 STM32_F103C6_Drivers/Keypad_Driver/Keypad_Driver.o
 .group         0x0000000000000000        0xc STM32_F103C6_Drivers/LCD_Driver/LCD.o
 .group         0x0000000000000000        0xc STM32_F103C6_Drivers/LCD_Driver/LCD.o
 .group         0x0000000000000000        0xc STM32_F103C6_Drivers/LCD_Driver/LCD.o
 .group         0x0000000000000000        0xc STM32_F103C6_Drivers/LCD_Driver/LCD.o
 .group         0x0000000000000000        0xc STM32_F103C6_Drivers/LCD_Driver/LCD.o
 .group         0x0000000000000000        0xc STM32_F103C6_Drivers/LCD_Driver/LCD.o
 .group         0x0000000000000000        0xc STM32_F103C6_Drivers/LCD_Driver/LCD.o
 .group         0x0000000000000000        0xc STM32_F103C6_Drivers/LCD_Driver/LCD.o
 .group         0x0000000000000000        0xc STM32_F103C6_Drivers/LCD_Driver/LCD.o
 .group         0x0000000000000000        0xc STM32_F103C6_Drivers/LCD_Driver/LCD.o
 .group         0x0000000000000000        0xc STM32_F103C6_Drivers/LCD_Driver/LCD.o
 .group         0x0000000000000000        0xc STM32_F103C6_Drivers/LCD_Driver/LCD.o
 .group         0x0000000000000000        0xc STM32_F103C6_Drivers/LCD_Driver/LCD.o
 .group         0x0000000000000000        0xc STM32_F103C6_Drivers/LCD_Driver/LCD.o
 .group         0x0000000000000000        0xc STM32_F103C6_Drivers/LCD_Driver/LCD.o
 .group         0x0000000000000000        0xc STM32_F103C6_Drivers/LCD_Driver/LCD.o
 .group         0x0000000000000000        0xc STM32_F103C6_Drivers/LCD_Driver/LCD.o
 .group         0x0000000000000000        0xc STM32_F103C6_Drivers/LCD_Driver/LCD.o
 .group         0x0000000000000000        0xc STM32_F103C6_Drivers/LCD_Driver/LCD.o
 .group         0x0000000000000000        0xc STM32_F103C6_Drivers/LCD_Driver/LCD.o
 .group         0x0000000000000000        0xc STM32_F103C6_Drivers/LCD_Driver/LCD.o
 .group         0x0000000000000000        0xc STM32_F103C6_Drivers/LCD_Driver/LCD.o
 .group         0x0000000000000000        0xc STM32_F103C6_Drivers/LCD_Driver/LCD.o
 .group         0x0000000000000000        0xc STM32_F103C6_Drivers/LCD_Driver/LCD.o
 .group         0x0000000000000000        0xc STM32_F103C6_Drivers/LCD_Driver/LCD.o
 .text          0x0000000000000000        0x0 STM32_F103C6_Drivers/LCD_Driver/LCD.o
 .data          0x0000000000000000        0x0 STM32_F103C6_Drivers/LCD_Driver/LCD.o
 .bss           0x0000000000000000        0x0 STM32_F103C6_Drivers/LCD_Driver/LCD.o
 .debug_macro   0x0000000000000000      0xa60 STM32_F103C6_Drivers/LCD_Driver/LCD.o
 .debug_macro   0x0000000000000000       0x18 STM32_F103C6_Drivers/LCD_Driver/LCD.o
 .debug_macro   0x0000000000000000       0x22 STM32_F103C6_Drivers/LCD_Driver/LCD.o
 .debug_macro   0x0000000000000000       0x40 STM32_F103C6_Drivers/LCD_Driver/LCD.o
 .debug_macro   0x0000000000000000       0x94 STM32_F103C6_Drivers/LCD_Driver/LCD.o
 .debug_macro   0x0000000000000000       0x3c STM32_F103C6_Drivers/LCD_Driver/LCD.o
 .debug_macro   0x0000000000000000       0x34 STM32_F103C6_Drivers/LCD_Driver/LCD.o
 .debug_macro   0x0000000000000000       0x16 STM32_F103C6_Drivers/LCD_Driver/LCD.o
 .debug_macro   0x0000000000000000      0x10e STM32_F103C6_Drivers/LCD_Driver/LCD.o
 .debug_macro   0x0000000000000000       0x8d STM32_F103C6_Drivers/LCD_Driver/LCD.o
 .debug_macro   0x0000000000000000       0x57 STM32_F103C6_Drivers/LCD_Driver/LCD.o
 .debug_macro   0x0000000000000000       0x52 STM32_F103C6_Drivers/LCD_Driver/LCD.o
 .debug_macro   0x0000000000000000       0x1f STM32_F103C6_Drivers/LCD_Driver/LCD.o
 .debug_macro   0x0000000000000000       0x43 STM32_F103C6_Drivers/LCD_Driver/LCD.o
 .debug_macro   0x0000000000000000       0x20 STM32_F103C6_Drivers/LCD_Driver/LCD.o
 .debug_macro   0x0000000000000000      0x1a3 STM32_F103C6_Drivers/LCD_Driver/LCD.o
 .debug_macro   0x0000000000000000      0x330 STM32_F103C6_Drivers/LCD_Driver/LCD.o
 .debug_macro   0x0000000000000000       0x16 STM32_F103C6_Drivers/LCD_Driver/LCD.o
 .debug_macro   0x0000000000000000       0x29 STM32_F103C6_Drivers/LCD_Driver/LCD.o
 .debug_macro   0x0000000000000000       0xef STM32_F103C6_Drivers/LCD_Driver/LCD.o
 .debug_macro   0x0000000000000000       0x6a STM32_F103C6_Drivers/LCD_Driver/LCD.o
 .debug_macro   0x0000000000000000      0x1df STM32_F103C6_Drivers/LCD_Driver/LCD.o
 .debug_macro   0x0000000000000000       0x9a STM32_F103C6_Drivers/LCD_Driver/LCD.o
 .debug_macro   0x0000000000000000       0xca STM32_F103C6_Drivers/LCD_Driver/LCD.o
 .group         0x0000000000000000        0xc STM32_F103C6_Drivers/STM32_F103_C6_GPIO.o
 .group         0x0000000000000000        0xc STM32_F103C6_Drivers/STM32_F103_C6_GPIO.o
 .group         0x0000000000000000        0xc STM32_F103C6_Drivers/STM32_F103_C6_GPIO.o
 .group         0x0000000000000000        0xc STM32_F103C6_Drivers/STM32_F103_C6_GPIO.o
 .group         0x0000000000000000        0xc STM32_F103C6_Drivers/STM32_F103_C6_GPIO.o
 .group         0x0000000000000000        0xc STM32_F103C6_Drivers/STM32_F103_C6_GPIO.o
 .group         0x0000000000000000        0xc STM32_F103C6_Drivers/STM32_F103_C6_GPIO.o
 .group         0x0000000000000000        0xc STM32_F103C6_Drivers/STM32_F103_C6_GPIO.o
 .group         0x0000000000000000        0xc STM32_F103C6_Drivers/STM32_F103_C6_GPIO.o
 .group         0x0000000000000000        0xc STM32_F103C6_Drivers/STM32_F103_C6_GPIO.o
 .group         0x0000000000000000        0xc STM32_F103C6_Drivers/STM32_F103_C6_GPIO.o
 .group         0x0000000000000000        0xc STM32_F103C6_Drivers/STM32_F103_C6_GPIO.o
 .group         0x0000000000000000        0xc STM32_F103C6_Drivers/STM32_F103_C6_GPIO.o
 .group         0x0000000000000000        0xc STM32_F103C6_Drivers/STM32_F103_C6_GPIO.o
 .group         0x0000000000000000        0xc STM32_F103C6_Drivers/STM32_F103_C6_GPIO.o
 .group         0x0000000000000000        0xc STM32_F103C6_Drivers/STM32_F103_C6_GPIO.o
 .group         0x0000000000000000        0xc STM32_F103C6_Drivers/STM32_F103_C6_GPIO.o
 .group         0x0000000000000000        0xc STM32_F103C6_Drivers/STM32_F103_C6_GPIO.o
 .group         0x0000000000000000        0xc STM32_F103C6_Drivers/STM32_F103_C6_GPIO.o
 .group         0x0000000000000000        0xc STM32_F103C6_Drivers/STM32_F103_C6_GPIO.o
 .group         0x0000000000000000        0xc STM32_F103C6_Drivers/STM32_F103_C6_GPIO.o
 .group         0x0000000000000000        0xc STM32_F103C6_Drivers/STM32_F103_C6_GPIO.o
 .group         0x0000000000000000        0xc STM32_F103C6_Drivers/STM32_F103_C6_GPIO.o
 .group         0x0000000000000000        0xc STM32_F103C6_Drivers/STM32_F103_C6_GPIO.o
 .text          0x0000000000000000        0x0 STM32_F103C6_Drivers/STM32_F103_C6_GPIO.o
 .data          0x0000000000000000        0x0 STM32_F103C6_Drivers/STM32_F103_C6_GPIO.o
 .bss           0x0000000000000000        0x0 STM32_F103C6_Drivers/STM32_F103_C6_GPIO.o
 .text.MCAL_GPIO_Denit
                0x0000000000000000       0xd4 STM32_F103C6_Drivers/STM32_F103_C6_GPIO.o
 .text.MCAL_GPIO_ReadPort
                0x0000000000000000       0x1a STM32_F103C6_Drivers/STM32_F103_C6_GPIO.o
 .text.MCAL_GPIO_TogglePin
                0x0000000000000000       0x22 STM32_F103C6_Drivers/STM32_F103_C6_GPIO.o
 .text.MCAL_GPIO_LockPin
                0x0000000000000000       0x4e STM32_F103C6_Drivers/STM32_F103_C6_GPIO.o
 .debug_macro   0x0000000000000000      0xa60 STM32_F103C6_Drivers/STM32_F103_C6_GPIO.o
 .debug_macro   0x0000000000000000       0x18 STM32_F103C6_Drivers/STM32_F103_C6_GPIO.o
 .debug_macro   0x0000000000000000       0x22 STM32_F103C6_Drivers/STM32_F103_C6_GPIO.o
 .debug_macro   0x0000000000000000       0x40 STM32_F103C6_Drivers/STM32_F103_C6_GPIO.o
 .debug_macro   0x0000000000000000       0x94 STM32_F103C6_Drivers/STM32_F103_C6_GPIO.o
 .debug_macro   0x0000000000000000       0x3c STM32_F103C6_Drivers/STM32_F103_C6_GPIO.o
 .debug_macro   0x0000000000000000       0x34 STM32_F103C6_Drivers/STM32_F103_C6_GPIO.o
 .debug_macro   0x0000000000000000       0x16 STM32_F103C6_Drivers/STM32_F103_C6_GPIO.o
 .debug_macro   0x0000000000000000      0x10e STM32_F103C6_Drivers/STM32_F103_C6_GPIO.o
 .debug_macro   0x0000000000000000       0x8d STM32_F103C6_Drivers/STM32_F103_C6_GPIO.o
 .debug_macro   0x0000000000000000       0x57 STM32_F103C6_Drivers/STM32_F103_C6_GPIO.o
 .debug_macro   0x0000000000000000       0x52 STM32_F103C6_Drivers/STM32_F103_C6_GPIO.o
 .debug_macro   0x0000000000000000       0x1f STM32_F103C6_Drivers/STM32_F103_C6_GPIO.o
 .debug_macro   0x0000000000000000       0x43 STM32_F103C6_Drivers/STM32_F103_C6_GPIO.o
 .debug_macro   0x0000000000000000       0x20 STM32_F103C6_Drivers/STM32_F103_C6_GPIO.o
 .debug_macro   0x0000000000000000      0x1a3 STM32_F103C6_Drivers/STM32_F103_C6_GPIO.o
 .debug_macro   0x0000000000000000      0x330 STM32_F103C6_Drivers/STM32_F103_C6_GPIO.o
 .debug_macro   0x0000000000000000       0x16 STM32_F103C6_Drivers/STM32_F103_C6_GPIO.o
 .debug_macro   0x0000000000000000       0x29 STM32_F103C6_Drivers/STM32_F103_C6_GPIO.o
 .debug_macro   0x0000000000000000       0xef STM32_F103C6_Drivers/STM32_F103_C6_GPIO.o
 .debug_macro   0x0000000000000000       0x6a STM32_F103C6_Drivers/STM32_F103_C6_GPIO.o
 .debug_macro   0x0000000000000000      0x1df STM32_F103C6_Drivers/STM32_F103_C6_GPIO.o
 .debug_macro   0x0000000000000000       0x9a STM32_F103C6_Drivers/STM32_F103_C6_GPIO.o
 .debug_macro   0x0000000000000000       0xca STM32_F103C6_Drivers/STM32_F103_C6_GPIO.o
 .group         0x0000000000000000        0xc STM32_F103C6_Drivers/Seven_Segment/Seven_segment.o
 .group         0x0000000000000000        0xc STM32_F103C6_Drivers/Seven_Segment/Seven_segment.o
 .group         0x0000000000000000        0xc STM32_F103C6_Drivers/Seven_Segment/Seven_segment.o
 .group         0x0000000000000000        0xc STM32_F103C6_Drivers/Seven_Segment/Seven_segment.o
 .group         0x0000000000000000        0xc STM32_F103C6_Drivers/Seven_Segment/Seven_segment.o
 .group         0x0000000000000000        0xc STM32_F103C6_Drivers/Seven_Segment/Seven_segment.o
 .group         0x0000000000000000        0xc STM32_F103C6_Drivers/Seven_Segment/Seven_segment.o
 .group         0x0000000000000000        0xc STM32_F103C6_Drivers/Seven_Segment/Seven_segment.o
 .group         0x0000000000000000        0xc STM32_F103C6_Drivers/Seven_Segment/Seven_segment.o
 .group         0x0000000000000000        0xc STM32_F103C6_Drivers/Seven_Segment/Seven_segment.o
 .group         0x0000000000000000        0xc STM32_F103C6_Drivers/Seven_Segment/Seven_segment.o
 .group         0x0000000000000000        0xc STM32_F103C6_Drivers/Seven_Segment/Seven_segment.o
 .group         0x0000000000000000        0xc STM32_F103C6_Drivers/Seven_Segment/Seven_segment.o
 .group         0x0000000000000000        0xc STM32_F103C6_Drivers/Seven_Segment/Seven_segment.o
 .group         0x0000000000000000        0xc STM32_F103C6_Drivers/Seven_Segment/Seven_segment.o
 .group         0x0000000000000000        0xc STM32_F103C6_Drivers/Seven_Segment/Seven_segment.o
 .group         0x0000000000000000        0xc STM32_F103C6_Drivers/Seven_Segment/Seven_segment.o
 .group         0x0000000000000000        0xc STM32_F103C6_Drivers/Seven_Segment/Seven_segment.o
 .group         0x0000000000000000        0xc STM32_F103C6_Drivers/Seven_Segment/Seven_segment.o
 .group         0x0000000000000000        0xc STM32_F103C6_Drivers/Seven_Segment/Seven_segment.o
 .group         0x0000000000000000        0xc STM32_F103C6_Drivers/Seven_Segment/Seven_segment.o
 .group         0x0000000000000000        0xc STM32_F103C6_Drivers/Seven_Segment/Seven_segment.o
 .group         0x0000000000000000        0xc STM32_F103C6_Drivers/Seven_Segment/Seven_segment.o
 .group         0x0000000000000000        0xc STM32_F103C6_Drivers/Seven_Segment/Seven_segment.o
 .group         0x0000000000000000        0xc STM32_F103C6_Drivers/Seven_Segment/Seven_segment.o
 .text          0x0000000000000000        0x0 STM32_F103C6_Drivers/Seven_Segment/Seven_segment.o
 .data          0x0000000000000000        0x0 STM32_F103C6_Drivers/Seven_Segment/Seven_segment.o
 .bss           0x0000000000000000        0x0 STM32_F103C6_Drivers/Seven_Segment/Seven_segment.o
 .debug_macro   0x0000000000000000      0xa60 STM32_F103C6_Drivers/Seven_Segment/Seven_segment.o
 .debug_macro   0x0000000000000000       0x18 STM32_F103C6_Drivers/Seven_Segment/Seven_segment.o
 .debug_macro   0x0000000000000000       0x22 STM32_F103C6_Drivers/Seven_Segment/Seven_segment.o
 .debug_macro   0x0000000000000000       0x40 STM32_F103C6_Drivers/Seven_Segment/Seven_segment.o
 .debug_macro   0x0000000000000000       0x94 STM32_F103C6_Drivers/Seven_Segment/Seven_segment.o
 .debug_macro   0x0000000000000000       0x3c STM32_F103C6_Drivers/Seven_Segment/Seven_segment.o
 .debug_macro   0x0000000000000000       0x34 STM32_F103C6_Drivers/Seven_Segment/Seven_segment.o
 .debug_macro   0x0000000000000000       0x16 STM32_F103C6_Drivers/Seven_Segment/Seven_segment.o
 .debug_macro   0x0000000000000000      0x10e STM32_F103C6_Drivers/Seven_Segment/Seven_segment.o
 .debug_macro   0x0000000000000000       0x8d STM32_F103C6_Drivers/Seven_Segment/Seven_segment.o
 .debug_macro   0x0000000000000000       0x57 STM32_F103C6_Drivers/Seven_Segment/Seven_segment.o
 .debug_macro   0x0000000000000000       0x52 STM32_F103C6_Drivers/Seven_Segment/Seven_segment.o
 .debug_macro   0x0000000000000000       0x1f STM32_F103C6_Drivers/Seven_Segment/Seven_segment.o
 .debug_macro   0x0000000000000000       0x43 STM32_F103C6_Drivers/Seven_Segment/Seven_segment.o
 .debug_macro   0x0000000000000000       0x20 STM32_F103C6_Drivers/Seven_Segment/Seven_segment.o
 .debug_macro   0x0000000000000000      0x1a3 STM32_F103C6_Drivers/Seven_Segment/Seven_segment.o
 .debug_macro   0x0000000000000000      0x330 STM32_F103C6_Drivers/Seven_Segment/Seven_segment.o
 .debug_macro   0x0000000000000000       0x16 STM32_F103C6_Drivers/Seven_Segment/Seven_segment.o
 .debug_macro   0x0000000000000000       0x29 STM32_F103C6_Drivers/Seven_Segment/Seven_segment.o
 .debug_macro   0x0000000000000000       0xef STM32_F103C6_Drivers/Seven_Segment/Seven_segment.o
 .debug_macro   0x0000000000000000       0x6a STM32_F103C6_Drivers/Seven_Segment/Seven_segment.o
 .debug_macro   0x0000000000000000      0x1df STM32_F103C6_Drivers/Seven_Segment/Seven_segment.o
 .debug_macro   0x0000000000000000       0x9a STM32_F103C6_Drivers/Seven_Segment/Seven_segment.o
 .debug_macro   0x0000000000000000       0xca STM32_F103C6_Drivers/Seven_Segment/Seven_segment.o
 .group         0x0000000000000000        0xc Src/main.o
 .group         0x0000000000000000        0xc Src/main.o
 .group         0x0000000000000000        0xc Src/main.o
 .group         0x0000000000000000        0xc Src/main.o
 .group         0x0000000000000000        0xc Src/main.o
 .group         0x0000000000000000        0xc Src/main.o
 .group         0x0000000000000000        0xc Src/main.o
 .group         0x0000000000000000        0xc Src/main.o
 .group         0x0000000000000000        0xc Src/main.o
 .group         0x0000000000000000        0xc Src/main.o
 .group         0x0000000000000000        0xc Src/main.o
 .group         0x0000000000000000        0xc Src/main.o
 .group         0x0000000000000000        0xc Src/main.o
 .group         0x0000000000000000        0xc Src/main.o
 .group         0x0000000000000000        0xc Src/main.o
 .group         0x0000000000000000        0xc Src/main.o
 .group         0x0000000000000000        0xc Src/main.o
 .group         0x0000000000000000        0xc Src/main.o
 .group         0x0000000000000000        0xc Src/main.o
 .group         0x0000000000000000        0xc Src/main.o
 .group         0x0000000000000000        0xc Src/main.o
 .group         0x0000000000000000        0xc Src/main.o
 .group         0x0000000000000000        0xc Src/main.o
 .group         0x0000000000000000        0xc Src/main.o
 .group         0x0000000000000000        0xc Src/main.o
 .group         0x0000000000000000        0xc Src/main.o
 .group         0x0000000000000000        0xc Src/main.o
 .text          0x0000000000000000        0x0 Src/main.o
 .data          0x0000000000000000        0x0 Src/main.o
 .bss           0x0000000000000000        0x0 Src/main.o
 .debug_macro   0x0000000000000000      0xa60 Src/main.o
 .debug_macro   0x0000000000000000       0x18 Src/main.o
 .debug_macro   0x0000000000000000       0x22 Src/main.o
 .debug_macro   0x0000000000000000       0x40 Src/main.o
 .debug_macro   0x0000000000000000       0x94 Src/main.o
 .debug_macro   0x0000000000000000       0x3c Src/main.o
 .debug_macro   0x0000000000000000       0x34 Src/main.o
 .debug_macro   0x0000000000000000       0x16 Src/main.o
 .debug_macro   0x0000000000000000      0x10e Src/main.o
 .debug_macro   0x0000000000000000       0x8d Src/main.o
 .debug_macro   0x0000000000000000       0x57 Src/main.o
 .debug_macro   0x0000000000000000       0x52 Src/main.o
 .debug_macro   0x0000000000000000       0x1f Src/main.o
 .debug_macro   0x0000000000000000       0x43 Src/main.o
 .debug_macro   0x0000000000000000       0x20 Src/main.o
 .debug_macro   0x0000000000000000      0x1a3 Src/main.o
 .debug_macro   0x0000000000000000      0x330 Src/main.o
 .debug_macro   0x0000000000000000       0x16 Src/main.o
 .debug_macro   0x0000000000000000       0x29 Src/main.o
 .debug_macro   0x0000000000000000       0xef Src/main.o
 .debug_macro   0x0000000000000000       0x6a Src/main.o
 .debug_macro   0x0000000000000000      0x1df Src/main.o
 .debug_macro   0x0000000000000000       0x9a Src/main.o
 .debug_macro   0x0000000000000000       0xca Src/main.o
 .debug_macro   0x0000000000000000       0x46 Src/main.o
 .group         0x0000000000000000        0xc Src/syscalls.o
 .group         0x0000000000000000        0xc Src/syscalls.o
 .group         0x0000000000000000        0xc Src/syscalls.o
 .group         0x0000000000000000        0xc Src/syscalls.o
 .group         0x0000000000000000        0xc Src/syscalls.o
 .group         0x0000000000000000        0xc Src/syscalls.o
 .group         0x0000000000000000        0xc Src/syscalls.o
 .group         0x0000000000000000        0xc Src/syscalls.o
 .group         0x0000000000000000        0xc Src/syscalls.o
 .group         0x0000000000000000        0xc Src/syscalls.o
 .group         0x0000000000000000        0xc Src/syscalls.o
 .group         0x0000000000000000        0xc Src/syscalls.o
 .group         0x0000000000000000        0xc Src/syscalls.o
 .group         0x0000000000000000        0xc Src/syscalls.o
 .group         0x0000000000000000        0xc Src/syscalls.o
 .group         0x0000000000000000        0xc Src/syscalls.o
 .group         0x0000000000000000        0xc Src/syscalls.o
 .group         0x0000000000000000        0xc Src/syscalls.o
 .group         0x0000000000000000        0xc Src/syscalls.o
 .group         0x0000000000000000        0xc Src/syscalls.o
 .group         0x0000000000000000        0xc Src/syscalls.o
 .group         0x0000000000000000        0xc Src/syscalls.o
 .group         0x0000000000000000        0xc Src/syscalls.o
 .group         0x0000000000000000        0xc Src/syscalls.o
 .group         0x0000000000000000        0xc Src/syscalls.o
 .group         0x0000000000000000        0xc Src/syscalls.o
 .group         0x0000000000000000        0xc Src/syscalls.o
 .group         0x0000000000000000        0xc Src/syscalls.o
 .group         0x0000000000000000        0xc Src/syscalls.o
 .group         0x0000000000000000        0xc Src/syscalls.o
 .group         0x0000000000000000        0xc Src/syscalls.o
 .group         0x0000000000000000        0xc Src/syscalls.o
 .group         0x0000000000000000        0xc Src/syscalls.o
 .group         0x0000000000000000        0xc Src/syscalls.o
 .group         0x0000000000000000        0xc Src/syscalls.o
 .group         0x0000000000000000        0xc Src/syscalls.o
 .group         0x0000000000000000        0xc Src/syscalls.o
 .group         0x0000000000000000        0xc Src/syscalls.o
 .group         0x0000000000000000        0xc Src/syscalls.o
 .group         0x0000000000000000        0xc Src/syscalls.o
 .group         0x0000000000000000        0xc Src/syscalls.o
 .group         0x0000000000000000        0xc Src/syscalls.o
 .group         0x0000000000000000        0xc Src/syscalls.o
 .group         0x0000000000000000        0xc Src/syscalls.o
 .text          0x0000000000000000        0x0 Src/syscalls.o
 .data          0x0000000000000000        0x0 Src/syscalls.o
 .bss           0x0000000000000000        0x0 Src/syscalls.o
 .bss.__env     0x0000000000000000        0x4 Src/syscalls.o
 .data.environ  0x0000000000000000        0x4 Src/syscalls.o
 .text.initialise_monitor_handles
                0x0000000000000000        0xc Src/syscalls.o
 .text._getpid  0x0000000000000000        0xe Src/syscalls.o
 .text._kill    0x0000000000000000       0x20 Src/syscalls.o
 .text._exit    0x0000000000000000       0x14 Src/syscalls.o
 .text._read    0x0000000000000000       0x3a Src/syscalls.o
 .text._write   0x0000000000000000       0x38 Src/syscalls.o
 .text._close   0x0000000000000000       0x16 Src/syscalls.o
 .text._fstat   0x0000000000000000       0x1e Src/syscalls.o
 .text._isatty  0x0000000000000000       0x14 Src/syscalls.o
 .text._lseek   0x0000000000000000       0x18 Src/syscalls.o
 .text._open    0x0000000000000000       0x1a Src/syscalls.o
 .text._wait    0x0000000000000000       0x1e Src/syscalls.o
 .text._unlink  0x0000000000000000       0x1e Src/syscalls.o
 .text._times   0x0000000000000000       0x16 Src/syscalls.o
 .text._stat    0x0000000000000000       0x1e Src/syscalls.o
 .text._link    0x0000000000000000       0x20 Src/syscalls.o
 .text._fork    0x0000000000000000       0x16 Src/syscalls.o
 .text._execve  0x0000000000000000       0x22 Src/syscalls.o
 .debug_info    0x0000000000000000     0x1038 Src/syscalls.o
 .debug_abbrev  0x0000000000000000      0x254 Src/syscalls.o
 .debug_loc     0x0000000000000000      0x5b8 Src/syscalls.o
 .debug_aranges
                0x0000000000000000       0xa8 Src/syscalls.o
 .debug_ranges  0x0000000000000000       0x98 Src/syscalls.o
 .debug_macro   0x0000000000000000      0x243 Src/syscalls.o
 .debug_macro   0x0000000000000000      0xa60 Src/syscalls.o
 .debug_macro   0x0000000000000000       0x22 Src/syscalls.o
 .debug_macro   0x0000000000000000       0x40 Src/syscalls.o
 .debug_macro   0x0000000000000000       0x18 Src/syscalls.o
 .debug_macro   0x0000000000000000       0x94 Src/syscalls.o
 .debug_macro   0x0000000000000000       0x3c Src/syscalls.o
 .debug_macro   0x0000000000000000       0x34 Src/syscalls.o
 .debug_macro   0x0000000000000000       0x57 Src/syscalls.o
 .debug_macro   0x0000000000000000      0x174 Src/syscalls.o
 .debug_macro   0x0000000000000000      0x330 Src/syscalls.o
 .debug_macro   0x0000000000000000       0x52 Src/syscalls.o
 .debug_macro   0x0000000000000000       0x1f Src/syscalls.o
 .debug_macro   0x0000000000000000       0x43 Src/syscalls.o
 .debug_macro   0x0000000000000000       0x20 Src/syscalls.o
 .debug_macro   0x0000000000000000      0x1a3 Src/syscalls.o
 .debug_macro   0x0000000000000000       0x10 Src/syscalls.o
 .debug_macro   0x0000000000000000       0x35 Src/syscalls.o
 .debug_macro   0x0000000000000000       0x10 Src/syscalls.o
 .debug_macro   0x0000000000000000       0x10 Src/syscalls.o
 .debug_macro   0x0000000000000000       0x10 Src/syscalls.o
 .debug_macro   0x0000000000000000       0x6a Src/syscalls.o
 .debug_macro   0x0000000000000000       0x1c Src/syscalls.o
 .debug_macro   0x0000000000000000       0x52 Src/syscalls.o
 .debug_macro   0x0000000000000000       0x40 Src/syscalls.o
 .debug_macro   0x0000000000000000       0x10 Src/syscalls.o
 .debug_macro   0x0000000000000000       0x40 Src/syscalls.o
 .debug_macro   0x0000000000000000       0xd7 Src/syscalls.o
 .debug_macro   0x0000000000000000       0x1c Src/syscalls.o
 .debug_macro   0x0000000000000000       0x3d Src/syscalls.o
 .debug_macro   0x0000000000000000       0x35 Src/syscalls.o
 .debug_macro   0x0000000000000000      0x122 Src/syscalls.o
 .debug_macro   0x0000000000000000       0x16 Src/syscalls.o
 .debug_macro   0x0000000000000000       0x16 Src/syscalls.o
 .debug_macro   0x0000000000000000       0x29 Src/syscalls.o
 .debug_macro   0x0000000000000000       0x10 Src/syscalls.o
 .debug_macro   0x0000000000000000      0x241 Src/syscalls.o
 .debug_macro   0x0000000000000000       0x1c Src/syscalls.o
 .debug_macro   0x0000000000000000       0x10 Src/syscalls.o
 .debug_macro   0x0000000000000000       0x10 Src/syscalls.o
 .debug_macro   0x0000000000000000       0x16 Src/syscalls.o
 .debug_macro   0x0000000000000000      0x145 Src/syscalls.o
 .debug_macro   0x0000000000000000      0x189 Src/syscalls.o
 .debug_macro   0x0000000000000000       0x16 Src/syscalls.o
 .debug_macro   0x0000000000000000       0x88 Src/syscalls.o
 .debug_line    0x0000000000000000      0x87f Src/syscalls.o
 .debug_str     0x0000000000000000     0x8887 Src/syscalls.o
 .comment       0x0000000000000000       0x7c Src/syscalls.o
 .debug_frame   0x0000000000000000      0x2ac Src/syscalls.o
 .ARM.attributes
                0x0000000000000000       0x33 Src/syscalls.o
 .group         0x0000000000000000        0xc Src/sysmem.o
 .group         0x0000000000000000        0xc Src/sysmem.o
 .group         0x0000000000000000        0xc Src/sysmem.o
 .group         0x0000000000000000        0xc Src/sysmem.o
 .group         0x0000000000000000        0xc Src/sysmem.o
 .group         0x0000000000000000        0xc Src/sysmem.o
 .group         0x0000000000000000        0xc Src/sysmem.o
 .group         0x0000000000000000        0xc Src/sysmem.o
 .group         0x0000000000000000        0xc Src/sysmem.o
 .group         0x0000000000000000        0xc Src/sysmem.o
 .group         0x0000000000000000        0xc Src/sysmem.o
 .group         0x0000000000000000        0xc Src/sysmem.o
 .group         0x0000000000000000        0xc Src/sysmem.o
 .group         0x0000000000000000        0xc Src/sysmem.o
 .group         0x0000000000000000        0xc Src/sysmem.o
 .group         0x0000000000000000        0xc Src/sysmem.o
 .group         0x0000000000000000        0xc Src/sysmem.o
 .group         0x0000000000000000        0xc Src/sysmem.o
 .group         0x0000000000000000        0xc Src/sysmem.o
 .text          0x0000000000000000        0x0 Src/sysmem.o
 .data          0x0000000000000000        0x0 Src/sysmem.o
 .bss           0x0000000000000000        0x0 Src/sysmem.o
 .bss.__sbrk_heap_end
                0x0000000000000000        0x4 Src/sysmem.o
 .text._sbrk    0x0000000000000000       0x6c Src/sysmem.o
 .debug_info    0x0000000000000000      0xa7c Src/sysmem.o
 .debug_abbrev  0x0000000000000000      0x18e Src/sysmem.o
 .debug_loc     0x0000000000000000       0x50 Src/sysmem.o
 .debug_aranges
                0x0000000000000000       0x20 Src/sysmem.o
 .debug_ranges  0x0000000000000000       0x10 Src/sysmem.o
 .debug_macro   0x0000000000000000       0xee Src/sysmem.o
 .debug_macro   0x0000000000000000      0xa60 Src/sysmem.o
 .debug_macro   0x0000000000000000       0x10 Src/sysmem.o
 .debug_macro   0x0000000000000000       0x22 Src/sysmem.o
 .debug_macro   0x0000000000000000       0x40 Src/sysmem.o
 .debug_macro   0x0000000000000000       0x18 Src/sysmem.o
 .debug_macro   0x0000000000000000       0x94 Src/sysmem.o
 .debug_macro   0x0000000000000000       0x3c Src/sysmem.o
 .debug_macro   0x0000000000000000       0x34 Src/sysmem.o
 .debug_macro   0x0000000000000000      0x174 Src/sysmem.o
 .debug_macro   0x0000000000000000       0x57 Src/sysmem.o
 .debug_macro   0x0000000000000000       0x52 Src/sysmem.o
 .debug_macro   0x0000000000000000       0x1f Src/sysmem.o
 .debug_macro   0x0000000000000000       0x43 Src/sysmem.o
 .debug_macro   0x0000000000000000       0x20 Src/sysmem.o
 .debug_macro   0x0000000000000000      0x1a3 Src/sysmem.o
 .debug_macro   0x0000000000000000      0x23b Src/sysmem.o
 .debug_macro   0x0000000000000000       0xef Src/sysmem.o
 .debug_macro   0x0000000000000000       0x6a Src/sysmem.o
 .debug_macro   0x0000000000000000      0x1df Src/sysmem.o
 .debug_line    0x0000000000000000      0x608 Src/sysmem.o
 .debug_str     0x0000000000000000     0x5f55 Src/sysmem.o
 .comment       0x0000000000000000       0x7c Src/sysmem.o
 .debug_frame   0x0000000000000000       0x34 Src/sysmem.o
 .ARM.attributes
                0x0000000000000000       0x33 Src/sysmem.o
 .text          0x0000000000000000       0x14 Startup/startup_stm32f103c6tx.o
 .data          0x0000000000000000        0x0 Startup/startup_stm32f103c6tx.o
 .bss           0x0000000000000000        0x0 Startup/startup_stm32f103c6tx.o
 .text          0x0000000000000000        0x0 e:/programs/stm32_ide/stm32cubeide_1.4.0/stm32cubeide/plugins/com.st.stm32cube.ide.mcu.externaltools.gnu-tools-for-stm32.7-2018-q2-update.win32_1.4.0.202007081208/tools/bin/../lib/gcc/arm-none-eabi/7.3.1/../../../../arm-none-eabi/lib/thumb/v7-m\libc_nano.a(lib_a-errno.o)
 .data          0x0000000000000000        0x0 e:/programs/stm32_ide/stm32cubeide_1.4.0/stm32cubeide/plugins/com.st.stm32cube.ide.mcu.externaltools.gnu-tools-for-stm32.7-2018-q2-update.win32_1.4.0.202007081208/tools/bin/../lib/gcc/arm-none-eabi/7.3.1/../../../../arm-none-eabi/lib/thumb/v7-m\libc_nano.a(lib_a-errno.o)
 .bss           0x0000000000000000        0x0 e:/programs/stm32_ide/stm32cubeide_1.4.0/stm32cubeide/plugins/com.st.stm32cube.ide.mcu.externaltools.gnu-tools-for-stm32.7-2018-q2-update.win32_1.4.0.202007081208/tools/bin/../lib/gcc/arm-none-eabi/7.3.1/../../../../arm-none-eabi/lib/thumb/v7-m\libc_nano.a(lib_a-errno.o)
 .text.__errno  0x0000000000000000        0xc e:/programs/stm32_ide/stm32cubeide_1.4.0/stm32cubeide/plugins/com.st.stm32cube.ide.mcu.externaltools.gnu-tools-for-stm32.7-2018-q2-update.win32_1.4.0.202007081208/tools/bin/../lib/gcc/arm-none-eabi/7.3.1/../../../../arm-none-eabi/lib/thumb/v7-m\libc_nano.a(lib_a-errno.o)
 .debug_frame   0x0000000000000000       0x20 e:/programs/stm32_ide/stm32cubeide_1.4.0/stm32cubeide/plugins/com.st.stm32cube.ide.mcu.externaltools.gnu-tools-for-stm32.7-2018-q2-update.win32_1.4.0.202007081208/tools/bin/../lib/gcc/arm-none-eabi/7.3.1/../../../../arm-none-eabi/lib/thumb/v7-m\libc_nano.a(lib_a-errno.o)
 .ARM.attributes
                0x0000000000000000       0x2d e:/programs/stm32_ide/stm32cubeide_1.4.0/stm32cubeide/plugins/com.st.stm32cube.ide.mcu.externaltools.gnu-tools-for-stm32.7-2018-q2-update.win32_1.4.0.202007081208/tools/bin/../lib/gcc/arm-none-eabi/7.3.1/../../../../arm-none-eabi/lib/thumb/v7-m\libc_nano.a(lib_a-errno.o)
 .text          0x0000000000000000        0x0 e:/programs/stm32_ide/stm32cubeide_1.4.0/stm32cubeide/plugins/com.st.stm32cube.ide.mcu.externaltools.gnu-tools-for-stm32.7-2018-q2-update.win32_1.4.0.202007081208/tools/bin/../lib/gcc/arm-none-eabi/7.3.1/../../../../arm-none-eabi/lib/thumb/v7-m\libc_nano.a(lib_a-exit.o)
 .data          0x0000000000000000        0x0 e:/programs/stm32_ide/stm32cubeide_1.4.0/stm32cubeide/plugins/com.st.stm32cube.ide.mcu.externaltools.gnu-tools-for-stm32.7-2018-q2-update.win32_1.4.0.202007081208/tools/bin/../lib/gcc/arm-none-eabi/7.3.1/../../../../arm-none-eabi/lib/thumb/v7-m\libc_nano.a(lib_a-exit.o)
 .bss           0x0000000000000000        0x0 e:/programs/stm32_ide/stm32cubeide_1.4.0/stm32cubeide/plugins/com.st.stm32cube.ide.mcu.externaltools.gnu-tools-for-stm32.7-2018-q2-update.win32_1.4.0.202007081208/tools/bin/../lib/gcc/arm-none-eabi/7.3.1/../../../../arm-none-eabi/lib/thumb/v7-m\libc_nano.a(lib_a-exit.o)
 .text.exit     0x0000000000000000       0x28 e:/programs/stm32_ide/stm32cubeide_1.4.0/stm32cubeide/plugins/com.st.stm32cube.ide.mcu.externaltools.gnu-tools-for-stm32.7-2018-q2-update.win32_1.4.0.202007081208/tools/bin/../lib/gcc/arm-none-eabi/7.3.1/../../../../arm-none-eabi/lib/thumb/v7-m\libc_nano.a(lib_a-exit.o)
 .debug_frame   0x0000000000000000       0x28 e:/programs/stm32_ide/stm32cubeide_1.4.0/stm32cubeide/plugins/com.st.stm32cube.ide.mcu.externaltools.gnu-tools-for-stm32.7-2018-q2-update.win32_1.4.0.202007081208/tools/bin/../lib/gcc/arm-none-eabi/7.3.1/../../../../arm-none-eabi/lib/thumb/v7-m\libc_nano.a(lib_a-exit.o)
 .ARM.attributes
                0x0000000000000000       0x2d e:/programs/stm32_ide/stm32cubeide_1.4.0/stm32cubeide/plugins/com.st.stm32cube.ide.mcu.externaltools.gnu-tools-for-stm32.7-2018-q2-update.win32_1.4.0.202007081208/tools/bin/../lib/gcc/arm-none-eabi/7.3.1/../../../../arm-none-eabi/lib/thumb/v7-m\libc_nano.a(lib_a-exit.o)
 .text          0x0000000000000000        0x0 e:/programs/stm32_ide/stm32cubeide_1.4.0/stm32cubeide/plugins/com.st.stm32cube.ide.mcu.externaltools.gnu-tools-for-stm32.7-2018-q2-update.win32_1.4.0.202007081208/tools/bin/../lib/gcc/arm-none-eabi/7.3.1/../../../../arm-none-eabi/lib/thumb/v7-m\libc_nano.a(lib_a-impure.o)
 .data          0x0000000000000000        0x0 e:/programs/stm32_ide/stm32cubeide_1.4.0/stm32cubeide/plugins/com.st.stm32cube.ide.mcu.externaltools.gnu-tools-for-stm32.7-2018-q2-update.win32_1.4.0.202007081208/tools/bin/../lib/gcc/arm-none-eabi/7.3.1/../../../../arm-none-eabi/lib/thumb/v7-m\libc_nano.a(lib_a-impure.o)
 .bss           0x0000000000000000        0x0 e:/programs/stm32_ide/stm32cubeide_1.4.0/stm32cubeide/plugins/com.st.stm32cube.ide.mcu.externaltools.gnu-tools-for-stm32.7-2018-q2-update.win32_1.4.0.202007081208/tools/bin/../lib/gcc/arm-none-eabi/7.3.1/../../../../arm-none-eabi/lib/thumb/v7-m\libc_nano.a(lib_a-impure.o)
 .data._impure_ptr
                0x0000000000000000        0x4 e:/programs/stm32_ide/stm32cubeide_1.4.0/stm32cubeide/plugins/com.st.stm32cube.ide.mcu.externaltools.gnu-tools-for-stm32.7-2018-q2-update.win32_1.4.0.202007081208/tools/bin/../lib/gcc/arm-none-eabi/7.3.1/../../../../arm-none-eabi/lib/thumb/v7-m\libc_nano.a(lib_a-impure.o)
 .data.impure_data
                0x0000000000000000       0x60 e:/programs/stm32_ide/stm32cubeide_1.4.0/stm32cubeide/plugins/com.st.stm32cube.ide.mcu.externaltools.gnu-tools-for-stm32.7-2018-q2-update.win32_1.4.0.202007081208/tools/bin/../lib/gcc/arm-none-eabi/7.3.1/../../../../arm-none-eabi/lib/thumb/v7-m\libc_nano.a(lib_a-impure.o)
 .rodata._global_impure_ptr
                0x0000000000000000        0x4 e:/programs/stm32_ide/stm32cubeide_1.4.0/stm32cubeide/plugins/com.st.stm32cube.ide.mcu.externaltools.gnu-tools-for-stm32.7-2018-q2-update.win32_1.4.0.202007081208/tools/bin/../lib/gcc/arm-none-eabi/7.3.1/../../../../arm-none-eabi/lib/thumb/v7-m\libc_nano.a(lib_a-impure.o)
 .ARM.attributes
                0x0000000000000000       0x2d e:/programs/stm32_ide/stm32cubeide_1.4.0/stm32cubeide/plugins/com.st.stm32cube.ide.mcu.externaltools.gnu-tools-for-stm32.7-2018-q2-update.win32_1.4.0.202007081208/tools/bin/../lib/gcc/arm-none-eabi/7.3.1/../../../../arm-none-eabi/lib/thumb/v7-m\libc_nano.a(lib_a-impure.o)
 .text          0x0000000000000000        0x0 e:/programs/stm32_ide/stm32cubeide_1.4.0/stm32cubeide/plugins/com.st.stm32cube.ide.mcu.externaltools.gnu-tools-for-stm32.7-2018-q2-update.win32_1.4.0.202007081208/tools/bin/../lib/gcc/arm-none-eabi/7.3.1/../../../../arm-none-eabi/lib/thumb/v7-m\libc_nano.a(lib_a-init.o)
 .data          0x0000000000000000        0x0 e:/programs/stm32_ide/stm32cubeide_1.4.0/stm32cubeide/plugins/com.st.stm32cube.ide.mcu.externaltools.gnu-tools-for-stm32.7-2018-q2-update.win32_1.4.0.202007081208/tools/bin/../lib/gcc/arm-none-eabi/7.3.1/../../../../arm-none-eabi/lib/thumb/v7-m\libc_nano.a(lib_a-init.o)
 .bss           0x0000000000000000        0x0 e:/programs/stm32_ide/stm32cubeide_1.4.0/stm32cubeide/plugins/com.st.stm32cube.ide.mcu.externaltools.gnu-tools-for-stm32.7-2018-q2-update.win32_1.4.0.202007081208/tools/bin/../lib/gcc/arm-none-eabi/7.3.1/../../../../arm-none-eabi/lib/thumb/v7-m\libc_nano.a(lib_a-init.o)
 .text          0x0000000000000000        0x0 e:/programs/stm32_ide/stm32cubeide_1.4.0/stm32cubeide/plugins/com.st.stm32cube.ide.mcu.externaltools.gnu-tools-for-stm32.7-2018-q2-update.win32_1.4.0.202007081208/tools/bin/../lib/gcc/arm-none-eabi/7.3.1/../../../../arm-none-eabi/lib/thumb/v7-m\libc_nano.a(lib_a-memset.o)
 .data          0x0000000000000000        0x0 e:/programs/stm32_ide/stm32cubeide_1.4.0/stm32cubeide/plugins/com.st.stm32cube.ide.mcu.externaltools.gnu-tools-for-stm32.7-2018-q2-update.win32_1.4.0.202007081208/tools/bin/../lib/gcc/arm-none-eabi/7.3.1/../../../../arm-none-eabi/lib/thumb/v7-m\libc_nano.a(lib_a-memset.o)
 .bss           0x0000000000000000        0x0 e:/programs/stm32_ide/stm32cubeide_1.4.0/stm32cubeide/plugins/com.st.stm32cube.ide.mcu.externaltools.gnu-tools-for-stm32.7-2018-q2-update.win32_1.4.0.202007081208/tools/bin/../lib/gcc/arm-none-eabi/7.3.1/../../../../arm-none-eabi/lib/thumb/v7-m\libc_nano.a(lib_a-memset.o)
 .text.memset   0x0000000000000000       0x10 e:/programs/stm32_ide/stm32cubeide_1.4.0/stm32cubeide/plugins/com.st.stm32cube.ide.mcu.externaltools.gnu-tools-for-stm32.7-2018-q2-update.win32_1.4.0.202007081208/tools/bin/../lib/gcc/arm-none-eabi/7.3.1/../../../../arm-none-eabi/lib/thumb/v7-m\libc_nano.a(lib_a-memset.o)
 .debug_frame   0x0000000000000000       0x20 e:/programs/stm32_ide/stm32cubeide_1.4.0/stm32cubeide/plugins/com.st.stm32cube.ide.mcu.externaltools.gnu-tools-for-stm32.7-2018-q2-update.win32_1.4.0.202007081208/tools/bin/../lib/gcc/arm-none-eabi/7.3.1/../../../../arm-none-eabi/lib/thumb/v7-m\libc_nano.a(lib_a-memset.o)
 .ARM.attributes
                0x0000000000000000       0x2d e:/programs/stm32_ide/stm32cubeide_1.4.0/stm32cubeide/plugins/com.st.stm32cube.ide.mcu.externaltools.gnu-tools-for-stm32.7-2018-q2-update.win32_1.4.0.202007081208/tools/bin/../lib/gcc/arm-none-eabi/7.3.1/../../../../arm-none-eabi/lib/thumb/v7-m\libc_nano.a(lib_a-memset.o)
 .text          0x0000000000000000        0x0 e:/programs/stm32_ide/stm32cubeide_1.4.0/stm32cubeide/plugins/com.st.stm32cube.ide.mcu.externaltools.gnu-tools-for-stm32.7-2018-q2-update.win32_1.4.0.202007081208/tools/bin/../lib/gcc/arm-none-eabi/7.3.1/thumb/v7-m/crtend.o
 .data          0x0000000000000000        0x0 e:/programs/stm32_ide/stm32cubeide_1.4.0/stm32cubeide/plugins/com.st.stm32cube.ide.mcu.externaltools.gnu-tools-for-stm32.7-2018-q2-update.win32_1.4.0.202007081208/tools/bin/../lib/gcc/arm-none-eabi/7.3.1/thumb/v7-m/crtend.o
 .bss           0x0000000000000000        0x0 e:/programs/stm32_ide/stm32cubeide_1.4.0/stm32cubeide/plugins/com.st.stm32cube.ide.mcu.externaltools.gnu-tools-for-stm32.7-2018-q2-update.win32_1.4.0.202007081208/tools/bin/../lib/gcc/arm-none-eabi/7.3.1/thumb/v7-m/crtend.o
 .eh_frame      0x0000000000000000        0x4 e:/programs/stm32_ide/stm32cubeide_1.4.0/stm32cubeide/plugins/com.st.stm32cube.ide.mcu.externaltools.gnu-tools-for-stm32.7-2018-q2-update.win32_1.4.0.202007081208/tools/bin/../lib/gcc/arm-none-eabi/7.3.1/thumb/v7-m/crtend.o
 .ARM.attributes
                0x0000000000000000       0x2d e:/programs/stm32_ide/stm32cubeide_1.4.0/stm32cubeide/plugins/com.st.stm32cube.ide.mcu.externaltools.gnu-tools-for-stm32.7-2018-q2-update.win32_1.4.0.202007081208/tools/bin/../lib/gcc/arm-none-eabi/7.3.1/thumb/v7-m/crtend.o
 .text          0x0000000000000000        0x0 e:/programs/stm32_ide/stm32cubeide_1.4.0/stm32cubeide/plugins/com.st.stm32cube.ide.mcu.externaltools.gnu-tools-for-stm32.7-2018-q2-update.win32_1.4.0.202007081208/tools/bin/../lib/gcc/arm-none-eabi/7.3.1/thumb/v7-m/crtn.o
 .data          0x0000000000000000        0x0 e:/programs/stm32_ide/stm32cubeide_1.4.0/stm32cubeide/plugins/com.st.stm32cube.ide.mcu.externaltools.gnu-tools-for-stm32.7-2018-q2-update.win32_1.4.0.202007081208/tools/bin/../lib/gcc/arm-none-eabi/7.3.1/thumb/v7-m/crtn.o
 .bss           0x0000000000000000        0x0 e:/programs/stm32_ide/stm32cubeide_1.4.0/stm32cubeide/plugins/com.st.stm32cube.ide.mcu.externaltools.gnu-tools-for-stm32.7-2018-q2-update.win32_1.4.0.202007081208/tools/bin/../lib/gcc/arm-none-eabi/7.3.1/thumb/v7-m/crtn.o

Memory Configuration

Name             Origin             Length             Attributes
RAM              0x0000000020000000 0x0000000000002800 xrw
ROM              0x0000000008000000 0x0000000000008000 xr
*default*        0x0000000000000000 0xffffffffffffffff

Linker script and memory map

LOAD e:/programs/stm32_ide/stm32cubeide_1.4.0/stm32cubeide/plugins/com.st.stm32cube.ide.mcu.externaltools.gnu-tools-for-stm32.7-2018-q2-update.win32_1.4.0.202007081208/tools/bin/../lib/gcc/arm-none-eabi/7.3.1/thumb/v7-m/crti.o
LOAD e:/programs/stm32_ide/stm32cubeide_1.4.0/stm32cubeide/plugins/com.st.stm32cube.ide.mcu.externaltools.gnu-tools-for-stm32.7-2018-q2-update.win32_1.4.0.202007081208/tools/bin/../lib/gcc/arm-none-eabi/7.3.1/thumb/v7-m/crtbegin.o
LOAD e:/programs/stm32_ide/stm32cubeide_1.4.0/stm32cubeide/plugins/com.st.stm32cube.ide.mcu.externaltools.gnu-tools-for-stm32.7-2018-q2-update.win32_1.4.0.202007081208/tools/bin/../lib/gcc/arm-none-eabi/7.3.1/../../../../arm-none-eabi/lib/thumb/v7-m/crt0.o
LOAD STM32_F103C6_Drivers/Keypad_Driver/Keypad_Driver.o
LOAD STM32_F103C6_Drivers/LCD_Driver/LCD.o
LOAD STM32_F103C6_Drivers/STM32_F103_C6_GPIO.o
LOAD STM32_F103C6_Drivers/Seven_Segment/Seven_segment.o
LOAD Src/main.o
LOAD Src/syscalls.o
LOAD Src/sysmem.o
LOAD Startup/startup_stm32f103c6tx.o
START GROUP
LOAD e:/programs/stm32_ide/stm32cubeide_1.4.0/stm32cubeide/plugins/com.st.stm32cube.ide.mcu.externaltools.gnu-tools-for-stm32.7-2018-q2-update.win32_1.4.0.202007081208/tools/bin/../lib/gcc/arm-none-eabi/7.3.1/../../../../arm-none-eabi/lib/thumb/v7-m\libc_nano.a
LOAD e:/programs/stm32_ide/stm32cubeide_1.4.0/stm32cubeide/plugins/com.st.stm32cube.ide.mcu.externaltools.gnu-tools-for-stm32.7-2018-q2-update.win32_1.4.0.202007081208/tools/bin/../lib/gcc/arm-none-eabi/7.3.1/../../../../arm-none-eabi/lib/thumb/v7-m\libm.a
END GROUP
START GROUP
LOAD e:/programs/stm32_ide/stm32cubeide_1.4.0/stm32cubeide/plugins/com.st.stm32cube.ide.mcu.externaltools.gnu-tools-for-stm32.7-2018-q2-update.win32_1.4.0.202007081208/tools/bin/../lib/gcc/arm-none-eabi/7.3.1/thumb/v7-m\libgcc.a
LOAD e:/programs/stm32_ide/stm32cubeide_1.4.0/stm32cubeide/plugins/com.st.stm32cube.ide.mcu.externaltools.gnu-tools-for-stm32.7-2018-q2-update.win32_1.4.0.202007081208/tools/bin/../lib/gcc/arm-none-eabi/7.3.1/../../../../arm-none-eabi/lib/thumb/v7-m\libg_nano.a
LOAD e:/programs/stm32_ide/stm32cubeide_1.4.0/stm32cubeide/plugins/com.st.stm32cube.ide.mcu.externaltools.gnu-tools-for-stm32.7-2018-q2-update.win32_1.4.0.202007081208/tools/bin/../lib/gcc/arm-none-eabi/7.3.1/../../../../arm-none-eabi/lib/thumb/v7-m\libc_nano.a
END GROUP
START GROUP
LOAD e:/programs/stm32_ide/stm32cubeide_1.4.0/stm32cubeide/plugins/com.st.stm32cube.ide.mcu.externaltools.gnu-tools-for-stm32.7-2018-q2-update.win32_1.4.0.202007081208/tools/bin/../lib/gcc/arm-none-eabi/7.3.1/thumb/v7-m\libgcc.a
LOAD e:/programs/stm32_ide/stm32cubeide_1.4.0/stm32cubeide/plugins/com.st.stm32cube.ide.mcu.externaltools.gnu-tools-for-stm32.7-2018-q2-update.win32_1.4.0.202007081208/tools/bin/../lib/gcc/arm-none-eabi/7.3.1/../../../../arm-none-eabi/lib/thumb/v7-m\libc_nano.a
LOAD e:/programs/stm32_ide/stm32cubeide_1.4.0/stm32cubeide/plugins/com.st.stm32cube.ide.mcu.externaltools.gnu-tools-for-stm32.7-2018-q2-update.win32_1.4.0.202007081208/tools/bin/../lib/gcc/arm-none-eabi/7.3.1/../../../../arm-none-eabi/lib/thumb/v7-m\libnosys.a
END GROUP
START GROUP
LOAD e:/programs/stm32_ide/stm32cubeide_1.4.0/stm32cubeide/plugins/com.st.stm32cube.ide.mcu.externaltools.gnu-tools-for-stm32.7-2018-q2-update.win32_1.4.0.202007081208/tools/bin/../lib/gcc/arm-none-eabi/7.3.1/thumb/v7-m\libgcc.a
LOAD e:/programs/stm32_ide/stm32cubeide_1.4.0/stm32cubeide/plugins/com.st.stm32cube.ide.mcu.externaltools.gnu-tools-for-stm32.7-2018-q2-update.win32_1.4.0.202007081208/tools/bin/../lib/gcc/arm-none-eabi/7.3.1/../../../../arm-none-eabi/lib/thumb/v7-m\libc_nano.a
LOAD e:/programs/stm32_ide/stm32cubeide_1.4.0/stm32cubeide/plugins/com.st.stm32cube.ide.mcu.externaltools.gnu-tools-for-stm32.7-2018-q2-update.win32_1.4.0.202007081208/tools/bin/../lib/gcc/arm-none-eabi/7.3.1/../../../../arm-none-eabi/lib/thumb/v7-m\libnosys.a
END GROUP
LOAD e:/programs/stm32_ide/stm32cubeide_1.4.0/stm32cubeide/plugins/com.st.stm32cube.ide.mcu.externaltools.gnu-tools-for-stm32.7-2018-q2-update.win32_1.4.0.202007081208/tools/bin/../lib/gcc/arm-none-eabi/7.3.1/thumb/v7-m/crtend.o
LOAD e:/programs/stm32_ide/stm32cubeide_1.4.0/stm32cubeide/plugins/com.st.stm32cube.ide.mcu.externaltools.gnu-tools-for-stm32.7-2018-q2-update.win32_1.4.0.202007081208/tools/bin/../lib/gcc/arm-none-eabi/7.3.1/thumb/v7-m/crtn.o
                0x0000000020002800                _estack = (ORIGIN (RAM) + LENGTH (RAM))
                0x0000000000000200                _Min_Heap_Size = 0x200
                0x0000000000000400                _Min_Stack_Size = 0x400

.isr_vector     0x0000000008000000      0x130
                0x0000000008000000                . = ALIGN (0x4)
 *(.isr_vector)
 .isr_vector    0x0000000008000000      0x130 Startup/startup_stm32f103c6tx.o
                0x0000000008000000                g_pfnVectors
                0x0000000008000130                . = ALIGN (0x4)

.text           0x0000000008000130      0xc58
                0x0000000008000130                . = ALIGN (0x4)
 *(.text)
 .text          0x0000000008000130       0x40 e:/programs/stm32_ide/stm32cubeide_1.4.0/stm32cubeide/plugins/com.st.stm32cube.ide.mcu.externaltools.gnu-tools-for-stm32.7-2018-q2-update.win32_1.4.0.202007081208/tools/bin/../lib/gcc/arm-none-eabi/7.3.1/thumb/v7-m/crtbegin.o
 *(.text*)
 .text.keypad_init
                0x0000000008000170       0xcc STM32_F103C6_Drivers/Keypad_Driver/Keypad_Driver.o
                0x0000000008000170                keypad_init
 .text.keyoad_getchar
                0x000000000800023c      0x194 STM32_F103C6_Drivers/Keypad_Driver/Keypad_Driver.o
                0x000000000800023c                keyoad_getchar
 .text.LCD_Enable_Function
                0x00000000080003d0       0x2c STM32_F103C6_Drivers/LCD_Driver/LCD.o
                0x00000000080003d0                LCD_Enable_Function
 .text._delay_ms
                0x00000000080003fc       0x38 STM32_F103C6_Drivers/LCD_Driver/LCD.o
                0x00000000080003fc                _delay_ms
 .text.gpio_init
                0x0000000008000434      0x158 STM32_F103C6_Drivers/LCD_Driver/LCD.o
                0x0000000008000434                gpio_init
 .text.LCD_CMD  0x000000000800058c       0x58 STM32_F103C6_Drivers/LCD_Driver/LCD.o
                0x000000000800058c                LCD_CMD
 .text.change_to_output
                0x00000000080005e4       0xe0 STM32_F103C6_Drivers/LCD_Driver/LCD.o
                0x00000000080005e4                change_to_output
 .text.change_to_input
                0x00000000080006c4       0xb0 STM32_F103C6_Drivers/LCD_Driver/LCD.o
                0x00000000080006c4                change_to_input
 .text.LCD_init
                0x0000000008000774       0x46 STM32_F103C6_Drivers/LCD_Driver/LCD.o
                0x0000000008000774                LCD_init
 *fill*         0x00000000080007ba        0x2 
 .text.LCD_Write
                0x00000000080007bc       0x48 STM32_F103C6_Drivers/LCD_Driver/LCD.o
                0x00000000080007bc                LCD_Write
 .text.is_busy  0x0000000008000804       0x3c STM32_F103C6_Drivers/LCD_Driver/LCD.o
                0x0000000008000804                is_busy
 .text.clear_screen
                0x0000000008000840        0xe STM32_F103C6_Drivers/LCD_Driver/LCD.o
                0x0000000008000840                clear_screen
 .text.Send_string
                0x000000000800084e       0x58 STM32_F103C6_Drivers/LCD_Driver/LCD.o
                0x000000000800084e                Send_string
 .text.LCD_XY   0x00000000080008a6       0x3c STM32_F103C6_Drivers/LCD_Driver/LCD.o
                0x00000000080008a6                LCD_XY
 .text.Get_CRLH_Position
                0x00000000080008e2       0xc6 STM32_F103C6_Drivers/STM32_F103_C6_GPIO.o
                0x00000000080008e2                Get_CRLH_Position
 .text.MCAL_GPIO_init
                0x00000000080009a8       0xfe STM32_F103C6_Drivers/STM32_F103_C6_GPIO.o
                0x00000000080009a8                MCAL_GPIO_init
 .text.MCAL_GPIO_ReadPin
                0x0000000008000aa6       0x2e STM32_F103C6_Drivers/STM32_F103_C6_GPIO.o
                0x0000000008000aa6                MCAL_GPIO_ReadPin
 .text.MCAL_GPIO_WritePin
                0x0000000008000ad4       0x2e STM32_F103C6_Drivers/STM32_F103_C6_GPIO.o
                0x0000000008000ad4                MCAL_GPIO_WritePin
 .text.MCAL_GPIO_WritePort
                0x0000000008000b02       0x1c STM32_F103C6_Drivers/STM32_F103_C6_GPIO.o
                0x0000000008000b02                MCAL_GPIO_WritePort
 *fill*         0x0000000008000b1e        0x2 
 .text.seven_segment_init
                0x0000000008000b20       0xbc STM32_F103C6_Drivers/Seven_Segment/Seven_segment.o
                0x0000000008000b20                seven_segment_init
 .text.seven_segment_start
                0x0000000008000bdc       0x78 STM32_F103C6_Drivers/Seven_Segment/Seven_segment.o
                0x0000000008000bdc                seven_segment_start
 .text.clock_init
                0x0000000008000c54       0x28 Src/main.o
                0x0000000008000c54                clock_init
 .text.main     0x0000000008000c7c       0x58 Src/main.o
                0x0000000008000c7c                main
 .text.Reset_Handler
                0x0000000008000cd4       0x50 Startup/startup_stm32f103c6tx.o
                0x0000000008000cd4                Reset_Handler
 .text.Default_Handler
                0x0000000008000d24        0x2 Startup/startup_stm32f103c6tx.o
                0x0000000008000d24                EXTI2_IRQHandler
                0x0000000008000d24                TIM8_TRG_COM_IRQHandler
                0x0000000008000d24                TIM8_CC_IRQHandler
                0x0000000008000d24                DebugMon_Handler
                0x0000000008000d24                TIM1_CC_IRQHandler
                0x0000000008000d24                HardFault_Handler
                0x0000000008000d24                TIM6_IRQHandler
                0x0000000008000d24                SysTick_Handler
                0x0000000008000d24                PVD_IRQHandler
                0x0000000008000d24                SDIO_IRQHandler
                0x0000000008000d24                PendSV_Handler
                0x0000000008000d24                NMI_Handler
                0x0000000008000d24                EXTI3_IRQHandler
                0x0000000008000d24                USB_HP_CAN_TX_IRQHandler
                0x0000000008000d24                EXTI0_IRQHandler
                0x0000000008000d24                I2C2_EV_IRQHandler
                0x0000000008000d24                UsageFault_Handler
                0x0000000008000d24                ADC1_2_IRQHandler
                0x0000000008000d24                SPI1_IRQHandler
                0x0000000008000d24                CAN_SCE_IRQHandler
                0x0000000008000d24                TAMPER_IRQHandler
                0x0000000008000d24                TIM8_UP_IRQHandler
                0x0000000008000d24                DMA2_Channel2_IRQHandler
                0x0000000008000d24                DMA1_Channel4_IRQHandler
                0x0000000008000d24                USART3_IRQHandler
                0x0000000008000d24                RTC_IRQHandler
                0x0000000008000d24                DMA1_Channel7_IRQHandler
                0x0000000008000d24                UART5_IRQHandler
                0x0000000008000d24                ADC3_IRQHandler
                0x0000000008000d24                TIM4_IRQHandler
                0x0000000008000d24                CAN_RX1_IRQHandler
                0x0000000008000d24                DMA2_Channel1_IRQHandler
                0x0000000008000d24                I2C1_EV_IRQHandler
                0x0000000008000d24                DMA1_Channel6_IRQHandler
                0x0000000008000d24                UART4_IRQHandler
                0x0000000008000d24                TIM3_IRQHandler
                0x0000000008000d24                RCC_IRQHandler
                0x0000000008000d24                TIM1_TRG_COM_IRQHandler
                0x0000000008000d24                DMA1_Channel1_IRQHandler
                0x0000000008000d24                Default_Handler
                0x0000000008000d24                EXTI15_10_IRQHandler
                0x0000000008000d24                TIM7_IRQHandler
                0x0000000008000d24                TIM5_IRQHandler
                0x0000000008000d24                EXTI9_5_IRQHandler
                0x0000000008000d24                SPI2_IRQHandler
                0x0000000008000d24                USB_LP_CAN_RX0_IRQHandler
                0x0000000008000d24                MemManage_Handler
                0x0000000008000d24                SVC_Handler
                0x0000000008000d24                DMA1_Channel5_IRQHandler
                0x0000000008000d24                EXTI4_IRQHandler
                0x0000000008000d24                DMA1_Channel3_IRQHandler
                0x0000000008000d24                FSMC_IRQHandler
                0x0000000008000d24                TIM1_UP_IRQHandler
                0x0000000008000d24                WWDG_IRQHandler
                0x0000000008000d24                TIM2_IRQHandler
                0x0000000008000d24                TIM1_BRK_IRQHandler
                0x0000000008000d24                EXTI1_IRQHandler
                0x0000000008000d24                RTCAlarm_IRQHandler
                0x0000000008000d24                DMA2_Channel4_5_IRQHandler
                0x0000000008000d24                USART2_IRQHandler
                0x0000000008000d24                I2C2_ER_IRQHandler
                0x0000000008000d24                DMA1_Channel2_IRQHandler
                0x0000000008000d24                TIM8_BRK_IRQHandler
                0x0000000008000d24                FLASH_IRQHandler
                0x0000000008000d24                BusFault_Handler
                0x0000000008000d24                USART1_IRQHandler
                0x0000000008000d24                SPI3_IRQHandler
                0x0000000008000d24                I2C1_ER_IRQHandler
                0x0000000008000d24                DMA2_Channel3_IRQHandler
 *fill*         0x0000000008000d26        0x2 
 .text.__libc_init_array
                0x0000000008000d28       0x48 e:/programs/stm32_ide/stm32cubeide_1.4.0/stm32cubeide/plugins/com.st.stm32cube.ide.mcu.externaltools.gnu-tools-for-stm32.7-2018-q2-update.win32_1.4.0.202007081208/tools/bin/../lib/gcc/arm-none-eabi/7.3.1/../../../../arm-none-eabi/lib/thumb/v7-m\libc_nano.a(lib_a-init.o)
                0x0000000008000d28                __libc_init_array
 *(.glue_7)
 .glue_7        0x0000000008000d70        0x0 linker stubs
 *(.glue_7t)
 .glue_7t       0x0000000008000d70        0x0 linker stubs
 *(.eh_frame)
 .eh_frame      0x0000000008000d70        0x0 e:/programs/stm32_ide/stm32cubeide_1.4.0/stm32cubeide/plugins/com.st.stm32cube.ide.mcu.externaltools.gnu-tools-for-stm32.7-2018-q2-update.win32_1.4.0.202007081208/tools/bin/../lib/gcc/arm-none-eabi/7.3.1/thumb/v7-m/crtbegin.o
 *(.init)
 .init          0x0000000008000d70        0x4 e:/programs/stm32_ide/stm32cubeide_1.4.0/stm32cubeide/plugins/com.st.stm32cube.ide.mcu.externaltools.gnu-tools-for-stm32.7-2018-q2-update.win32_1.4.0.202007081208/tools/bin/../lib/gcc/arm-none-eabi/7.3.1/thumb/v7-m/crti.o
                0x0000000008000d70                _init
 .init          0x0000000008000d74        0x8 e:/programs/stm32_ide/stm32cubeide_1.4.0/stm32cubeide/plugins/com.st.stm32cube.ide.mcu.externaltools.gnu-tools-for-stm32.7-2018-q2-update.win32_1.4.0.202007081208/tools/bin/../lib/gcc/arm-none-eabi/7.3.1/thumb/v7-m/crtn.o
 *(.fini)
 .fini          0x0000000008000d7c        0x4 e:/programs/stm32_ide/stm32cubeide_1.4.0/stm32cubeide/plugins/com.st.stm32cube.ide.mcu.externaltools.gnu-tools-for-stm32.7-2018-q2-update.win32_1.4.0.202007081208/tools/bin/../lib/gcc/arm-none-eabi/7.3.1/thumb/v7-m/crti.o
                0x0000000008000d7c                _fini
 .fini          0x0000000008000d80        0x8 e:/programs/stm32_ide/stm32cubeide_1.4.0/stm32cubeide/plugins/com.st.stm32cube.ide.mcu.externaltools.gnu-tools-for-stm32.7-2018-q2-update.win32_1.4.0.202007081208/tools/bin/../lib/gcc/arm-none-eabi/7.3.1/thumb/v7-m/crtn.o
                0x0000000008000d88                . = ALIGN (0x4)
                0x0000000008000d88                _etext = .

.vfp11_veneer   0x0000000008000d88        0x0
 .vfp11_veneer  0x0000000008000d88        0x0 linker stubs

.v4_bx          0x0000000008000d88        0x0
 .v4_bx         0x0000000008000d88        0x0 linker stubs

.iplt           0x0000000008000d88        0x0
 .iplt          0x0000000008000d88        0x0 e:/programs/stm32_ide/stm32cubeide_1.4.0/stm32cubeide/plugins/com.st.stm32cube.ide.mcu.externaltools.gnu-tools-for-stm32.7-2018-q2-update.win32_1.4.0.202007081208/tools/bin/../lib/gcc/arm-none-eabi/7.3.1/thumb/v7-m/crtbegin.o

.rodata         0x0000000008000d88       0x2c
                0x0000000008000d88                . = ALIGN (0x4)
 *(.rodata)
 .rodata        0x0000000008000d88       0x16 STM32_F103C6_Drivers/Seven_Segment/Seven_segment.o
 *fill*         0x0000000008000d9e        0x2 
 .rodata        0x0000000008000da0       0x11 Src/main.o
 *(.rodata*)
                0x0000000008000db4                . = ALIGN (0x4)
 *fill*         0x0000000008000db1        0x3 

.rel.dyn        0x0000000008000db4        0x0
 .rel.iplt      0x0000000008000db4        0x0 e:/programs/stm32_ide/stm32cubeide_1.4.0/stm32cubeide/plugins/com.st.stm32cube.ide.mcu.externaltools.gnu-tools-for-stm32.7-2018-q2-update.win32_1.4.0.202007081208/tools/bin/../lib/gcc/arm-none-eabi/7.3.1/thumb/v7-m/crtbegin.o

.ARM.extab      0x0000000008000db4        0x0
                0x0000000008000db4                . = ALIGN (0x4)
 *(.ARM.extab* .gnu.linkonce.armextab.*)
                0x0000000008000db4                . = ALIGN (0x4)

.ARM            0x0000000008000db4        0x0
                0x0000000008000db4                . = ALIGN (0x4)
                0x0000000008000db4                __exidx_start = .
 *(.ARM.exidx*)
                0x0000000008000db4                __exidx_end = .
                0x0000000008000db4                . = ALIGN (0x4)

.preinit_array  0x0000000008000db4        0x0
                0x0000000008000db4                . = ALIGN (0x4)
                0x0000000008000db4                PROVIDE (__preinit_array_start = .)
 *(.preinit_array*)
                0x0000000008000db4                PROVIDE (__preinit_array_end = .)
                0x0000000008000db4                . = ALIGN (0x4)

.init_array     0x0000000008000db4        0x4
                0x0000000008000db4                . = ALIGN (0x4)
                0x0000000008000db4                PROVIDE (__init_array_start = .)
 *(SORT_BY_NAME(.init_array.*))
 *(.init_array*)
 .init_array    0x0000000008000db4        0x4 e:/programs/stm32_ide/stm32cubeide_1.4.0/stm32cubeide/plugins/com.st.stm32cube.ide.mcu.externaltools.gnu-tools-for-stm32.7-2018-q2-update.win32_1.4.0.202007081208/tools/bin/../lib/gcc/arm-none-eabi/7.3.1/thumb/v7-m/crtbegin.o
                0x0000000008000db8                PROVIDE (__init_array_end = .)
                0x0000000008000db8                . = ALIGN (0x4)

.fini_array     0x0000000008000db8        0x4
                0x0000000008000db8                . = ALIGN (0x4)
                [!provide]                        PROVIDE (__fini_array_start = .)
 *(SORT_BY_NAME(.fini_array.*))
 *(.fini_array*)
 .fini_array    0x0000000008000db8        0x4 e:/programs/stm32_ide/stm32cubeide_1.4.0/stm32cubeide/plugins/com.st.stm32cube.ide.mcu.externaltools.gnu-tools-for-stm32.7-2018-q2-update.win32_1.4.0.202007081208/tools/bin/../lib/gcc/arm-none-eabi/7.3.1/thumb/v7-m/crtbegin.o
                [!provide]                        PROVIDE (__fini_array_end = .)
                0x0000000008000dbc                . = ALIGN (0x4)
                0x0000000008000dbc                _sidata = LOADADDR (.data)

.data           0x0000000020000000       0x20 load address 0x0000000008000dbc
                0x0000000020000000                . = ALIGN (0x4)
                0x0000000020000000                _sdata = .
 *(.data)
 *(.data*)
 .data.keypad_rows
                0x0000000020000000       0x10 STM32_F103C6_Drivers/Keypad_Driver/Keypad_Driver.o
                0x0000000020000000                keypad_rows
 .data.keypad_cols
                0x0000000020000010       0x10 STM32_F103C6_Drivers/Keypad_Driver/Keypad_Driver.o
                0x0000000020000010                keypad_cols
                0x0000000020000020                . = ALIGN (0x4)
                0x0000000020000020                _edata = .

.igot.plt       0x0000000020000020        0x0 load address 0x0000000008000ddc
 .igot.plt      0x0000000020000020        0x0 e:/programs/stm32_ide/stm32cubeide_1.4.0/stm32cubeide/plugins/com.st.stm32cube.ide.mcu.externaltools.gnu-tools-for-stm32.7-2018-q2-update.win32_1.4.0.202007081208/tools/bin/../lib/gcc/arm-none-eabi/7.3.1/thumb/v7-m/crtbegin.o
                0x0000000020000020                . = ALIGN (0x4)

.bss            0x0000000020000020       0x20 load address 0x0000000008000ddc
                0x0000000020000020                _sbss = .
                0x0000000020000020                __bss_start__ = _sbss
 *(.bss)
 .bss           0x0000000020000020       0x1c e:/programs/stm32_ide/stm32cubeide_1.4.0/stm32cubeide/plugins/com.st.stm32cube.ide.mcu.externaltools.gnu-tools-for-stm32.7-2018-q2-update.win32_1.4.0.202007081208/tools/bin/../lib/gcc/arm-none-eabi/7.3.1/thumb/v7-m/crtbegin.o
 *(.bss*)
 *(COMMON)
 COMMON         0x000000002000003c        0x4 STM32_F103C6_Drivers/LCD_Driver/LCD.o
                0x000000002000003c                PinCfg
                0x0000000020000040                . = ALIGN (0x4)
                0x0000000020000040                _ebss = .
                0x0000000020000040                __bss_end__ = _ebss

._user_heap_stack
                0x0000000020000040      0x600 load address 0x0000000008000ddc
                0x0000000020000040                . = ALIGN (0x8)
                [!provide]                        PROVIDE (end = .)
                0x0000000020000040                PROVIDE (_end = .)
                0x0000000020000240                . = (. + _Min_Heap_Size)
 *fill*         0x0000000020000040      0x200 
                0x0000000020000640                . = (. + _Min_Stack_Size)
 *fill*         0x0000000020000240      0x400 
                0x0000000020000640                . = ALIGN (0x8)

/DISCARD/
 libc.a(*)
 libm.a(*)
 libgcc.a(*)

.ARM.attributes
                0x0000000000000000       0x29
 *(.ARM.attributes)
 .ARM.attributes
                0x0000000000000000       0x1d e:/programs/stm32_ide/stm32cubeide_1.4.0/stm32cubeide/plugins/com.st.stm32cube.ide.mcu.externaltools.gnu-tools-for-stm32.7-2018-q2-update.win32_1.4.0.202007081208/tools/bin/../lib/gcc/arm-none-eabi/7.3.1/thumb/v7-m/crti.o
 .ARM.attributes
                0x000000000000001d       0x2d e:/programs/stm32_ide/stm32cubeide_1.4.0/stm32cubeide/plugins/com.st.stm32cube.ide.mcu.externaltools.gnu-tools-for-stm32.7-2018-q2-update.win32_1.4.0.202007081208/tools/bin/../lib/gcc/arm-none-eabi/7.3.1/thumb/v7-m/crtbegin.o
 .ARM.attributes
                0x000000000000004a       0x33 STM32_F103C6_Drivers/Keypad_Driver/Keypad_Driver.o
 .ARM.attributes
                0x000000000000007d       0x33 STM32_F103C6_Drivers/LCD_Driver/LCD.o
 .ARM.attributes
                0x00000000000000b0       0x33 STM32_F103C6_Drivers/STM32_F103_C6_GPIO.o
 .ARM.attributes
                0x00000000000000e3       0x33 STM32_F103C6_Drivers/Seven_Segment/Seven_segment.o
 .ARM.attributes
                0x0000000000000116       0x33 Src/main.o
 .ARM.attributes
                0x0000000000000149       0x21 Startup/startup_stm32f103c6tx.o
 .ARM.attributes
                0x000000000000016a       0x2d e:/programs/stm32_ide/stm32cubeide_1.4.0/stm32cubeide/plugins/com.st.stm32cube.ide.mcu.externaltools.gnu-tools-for-stm32.7-2018-q2-update.win32_1.4.0.202007081208/tools/bin/../lib/gcc/arm-none-eabi/7.3.1/../../../../arm-none-eabi/lib/thumb/v7-m\libc_nano.a(lib_a-init.o)
 .ARM.attributes
                0x0000000000000197       0x1d e:/programs/stm32_ide/stm32cubeide_1.4.0/stm32cubeide/plugins/com.st.stm32cube.ide.mcu.externaltools.gnu-tools-for-stm32.7-2018-q2-update.win32_1.4.0.202007081208/tools/bin/../lib/gcc/arm-none-eabi/7.3.1/thumb/v7-m/crtn.o
OUTPUT(Drivers.elf elf32-littlearm)

.debug_info     0x0000000000000000     0x3a8d
 .debug_info    0x0000000000000000      0xb08 STM32_F103C6_Drivers/Keypad_Driver/Keypad_Driver.o
 .debug_info    0x0000000000000b08      0xc23 STM32_F103C6_Drivers/LCD_Driver/LCD.o
 .debug_info    0x000000000000172b      0xd6f STM32_F103C6_Drivers/STM32_F103_C6_GPIO.o
 .debug_info    0x000000000000249a      0xb3a STM32_F103C6_Drivers/Seven_Segment/Seven_segment.o
 .debug_info    0x0000000000002fd4      0xa97 Src/main.o
 .debug_info    0x0000000000003a6b       0x22 Startup/startup_stm32f103c6tx.o

.debug_abbrev   0x0000000000000000      0x957
 .debug_abbrev  0x0000000000000000      0x1b7 STM32_F103C6_Drivers/Keypad_Driver/Keypad_Driver.o
 .debug_abbrev  0x00000000000001b7      0x205 STM32_F103C6_Drivers/LCD_Driver/LCD.o
 .debug_abbrev  0x00000000000003bc      0x218 STM32_F103C6_Drivers/STM32_F103_C6_GPIO.o
 .debug_abbrev  0x00000000000005d4      0x1d8 STM32_F103C6_Drivers/Seven_Segment/Seven_segment.o
 .debug_abbrev  0x00000000000007ac      0x199 Src/main.o
 .debug_abbrev  0x0000000000000945       0x12 Startup/startup_stm32f103c6tx.o

.debug_loc      0x0000000000000000      0x7bc
 .debug_loc     0x0000000000000000       0xa0 STM32_F103C6_Drivers/Keypad_Driver/Keypad_Driver.o
 .debug_loc     0x00000000000000a0      0x2d0 STM32_F103C6_Drivers/LCD_Driver/LCD.o
 .debug_loc     0x0000000000000370      0x330 STM32_F103C6_Drivers/STM32_F103_C6_GPIO.o
 .debug_loc     0x00000000000006a0       0xa0 STM32_F103C6_Drivers/Seven_Segment/Seven_segment.o
 .debug_loc     0x0000000000000740       0x7c Src/main.o

.debug_aranges  0x0000000000000000      0x178
 .debug_aranges
                0x0000000000000000       0x28 STM32_F103C6_Drivers/Keypad_Driver/Keypad_Driver.o
 .debug_aranges
                0x0000000000000028       0x78 STM32_F103C6_Drivers/LCD_Driver/LCD.o
 .debug_aranges
                0x00000000000000a0       0x60 STM32_F103C6_Drivers/STM32_F103_C6_GPIO.o
 .debug_aranges
                0x0000000000000100       0x28 STM32_F103C6_Drivers/Seven_Segment/Seven_segment.o
 .debug_aranges
                0x0000000000000128       0x28 Src/main.o
 .debug_aranges
                0x0000000000000150       0x28 Startup/startup_stm32f103c6tx.o

.debug_ranges   0x0000000000000000      0x120
 .debug_ranges  0x0000000000000000       0x18 STM32_F103C6_Drivers/Keypad_Driver/Keypad_Driver.o
 .debug_ranges  0x0000000000000018       0x68 STM32_F103C6_Drivers/LCD_Driver/LCD.o
 .debug_ranges  0x0000000000000080       0x50 STM32_F103C6_Drivers/STM32_F103_C6_GPIO.o
 .debug_ranges  0x00000000000000d0       0x18 STM32_F103C6_Drivers/Seven_Segment/Seven_segment.o
 .debug_ranges  0x00000000000000e8       0x18 Src/main.o
 .debug_ranges  0x0000000000000100       0x20 Startup/startup_stm32f103c6tx.o

.debug_macro    0x0000000000000000     0x20e3
 .debug_macro   0x0000000000000000      0x152 STM32_F103C6_Drivers/Keypad_Driver/Keypad_Driver.o
 .debug_macro   0x0000000000000152      0xa60 STM32_F103C6_Drivers/Keypad_Driver/Keypad_Driver.o
 .debug_macro   0x0000000000000bb2       0x18 STM32_F103C6_Drivers/Keypad_Driver/Keypad_Driver.o
 .debug_macro   0x0000000000000bca       0x22 STM32_F103C6_Drivers/Keypad_Driver/Keypad_Driver.o
 .debug_macro   0x0000000000000bec       0x40 STM32_F103C6_Drivers/Keypad_Driver/Keypad_Driver.o
 .debug_macro   0x0000000000000c2c       0x94 STM32_F103C6_Drivers/Keypad_Driver/Keypad_Driver.o
 .debug_macro   0x0000000000000cc0       0x3c STM32_F103C6_Drivers/Keypad_Driver/Keypad_Driver.o
 .debug_macro   0x0000000000000cfc       0x34 STM32_F103C6_Drivers/Keypad_Driver/Keypad_Driver.o
 .debug_macro   0x0000000000000d30       0x16 STM32_F103C6_Drivers/Keypad_Driver/Keypad_Driver.o
 .debug_macro   0x0000000000000d46      0x10e STM32_F103C6_Drivers/Keypad_Driver/Keypad_Driver.o
 .debug_macro   0x0000000000000e54       0x8d STM32_F103C6_Drivers/Keypad_Driver/Keypad_Driver.o
 .debug_macro   0x0000000000000ee1       0x57 STM32_F103C6_Drivers/Keypad_Driver/Keypad_Driver.o
 .debug_macro   0x0000000000000f38       0x52 STM32_F103C6_Drivers/Keypad_Driver/Keypad_Driver.o
 .debug_macro   0x0000000000000f8a       0x1f STM32_F103C6_Drivers/Keypad_Driver/Keypad_Driver.o
 .debug_macro   0x0000000000000fa9       0x43 STM32_F103C6_Drivers/Keypad_Driver/Keypad_Driver.o
 .debug_macro   0x0000000000000fec       0x20 STM32_F103C6_Drivers/Keypad_Driver/Keypad_Driver.o
 .debug_macro   0x000000000000100c      0x1a3 STM32_F103C6_Drivers/Keypad_Driver/Keypad_Driver.o
 .debug_macro   0x00000000000011af      0x330 STM32_F103C6_Drivers/Keypad_Driver/Keypad_Driver.o
 .debug_macro   0x00000000000014df       0x16 STM32_F103C6_Drivers/Keypad_Driver/Keypad_Driver.o
 .debug_macro   0x00000000000014f5       0x29 STM32_F103C6_Drivers/Keypad_Driver/Keypad_Driver.o
 .debug_macro   0x000000000000151e       0xef STM32_F103C6_Drivers/Keypad_Driver/Keypad_Driver.o
 .debug_macro   0x000000000000160d       0x6a STM32_F103C6_Drivers/Keypad_Driver/Keypad_Driver.o
 .debug_macro   0x0000000000001677      0x1df STM32_F103C6_Drivers/Keypad_Driver/Keypad_Driver.o
 .debug_macro   0x0000000000001856       0x9a STM32_F103C6_Drivers/Keypad_Driver/Keypad_Driver.o
 .debug_macro   0x00000000000018f0       0xca STM32_F103C6_Drivers/Keypad_Driver/Keypad_Driver.o
 .debug_macro   0x00000000000019ba       0x34 STM32_F103C6_Drivers/Keypad_Driver/Keypad_Driver.o
 .debug_macro   0x00000000000019ee      0x152 STM32_F103C6_Drivers/LCD_Driver/LCD.o
 .debug_macro   0x0000000000001b40       0x9a STM32_F103C6_Drivers/LCD_Driver/LCD.o
 .debug_macro   0x0000000000001bda      0x13f STM32_F103C6_Drivers/STM32_F103_C6_GPIO.o
 .debug_macro   0x0000000000001d19      0x14c STM32_F103C6_Drivers/Seven_Segment/Seven_segment.o
 .debug_macro   0x0000000000001e65       0x46 STM32_F103C6_Drivers/Seven_Segment/Seven_segment.o
 .debug_macro   0x0000000000001eab      0x15e Src/main.o
 .debug_macro   0x0000000000002009       0xa0 Src/main.o
 .debug_macro   0x00000000000020a9       0x3a Src/main.o

.debug_line     0x0000000000000000     0x2791
 .debug_line    0x0000000000000000      0x7bf STM32_F103C6_Drivers/Keypad_Driver/Keypad_Driver.o
 .debug_line    0x00000000000007bf      0x82f STM32_F103C6_Drivers/LCD_Driver/LCD.o
 .debug_line    0x0000000000000fee      0x7e6 STM32_F103C6_Drivers/STM32_F103_C6_GPIO.o
 .debug_line    0x00000000000017d4      0x722 STM32_F103C6_Drivers/Seven_Segment/Seven_segment.o
 .debug_line    0x0000000000001ef6      0x817 Src/main.o
 .debug_line    0x000000000000270d       0x84 Startup/startup_stm32f103c6tx.o

.debug_str      0x0000000000000000     0x7b29
 .debug_str     0x0000000000000000     0x7568 STM32_F103C6_Drivers/Keypad_Driver/Keypad_Driver.o
                                       0x77c9 (size before relaxing)
 .debug_str     0x0000000000007568      0x31f STM32_F103C6_Drivers/LCD_Driver/LCD.o
                                       0x7a08 (size before relaxing)
 .debug_str     0x0000000000007887      0x166 STM32_F103C6_Drivers/STM32_F103_C6_GPIO.o
                                       0x7843 (size before relaxing)
 .debug_str     0x00000000000079ed       0xe1 STM32_F103C6_Drivers/Seven_Segment/Seven_segment.o
                                       0x77e0 (size before relaxing)
 .debug_str     0x0000000000007ace       0x2a Src/main.o
                                       0x7a3d (size before relaxing)
 .debug_str     0x0000000000007af8       0x31 Startup/startup_stm32f103c6tx.o
                                         0x78 (size before relaxing)

.comment        0x0000000000000000       0x7b
 .comment       0x0000000000000000       0x7b STM32_F103C6_Drivers/Keypad_Driver/Keypad_Driver.o
                                         0x7c (size before relaxing)
 .comment       0x000000000000007b       0x7c STM32_F103C6_Drivers/LCD_Driver/LCD.o
 .comment       0x000000000000007b       0x7c STM32_F103C6_Drivers/STM32_F103_C6_GPIO.o
 .comment       0x000000000000007b       0x7c STM32_F103C6_Drivers/Seven_Segment/Seven_segment.o
 .comment       0x000000000000007b       0x7c Src/main.o

.debug_frame    0x0000000000000000      0x430
 .debug_frame   0x0000000000000000       0x58 STM32_F103C6_Drivers/Keypad_Driver/Keypad_Driver.o
 .debug_frame   0x0000000000000058      0x18c STM32_F103C6_Drivers/LCD_Driver/LCD.o
 .debug_frame   0x00000000000001e4      0x178 STM32_F103C6_Drivers/STM32_F103_C6_GPIO.o
 .debug_frame   0x000000000000035c       0x58 STM32_F103C6_Drivers/Seven_Segment/Seven_segment.o
 .debug_frame   0x00000000000003b4       0x50 Src/main.o
 .debug_frame   0x0000000000000404       0x2c e:/programs/stm32_ide/stm32cubeide_1.4.0/stm32cubeide/plugins/com.st.stm32cube.ide.mcu.externaltools.gnu-tools-for-stm32.7-2018-q2-update.win32_1.4.0.202007081208/tools/bin/../lib/gcc/arm-none-eabi/7.3.1/../../../../arm-none-eabi/lib/thumb/v7-m\libc_nano.a(lib_a-init.o)
