
Allocating common symbols
Common symbol       size              file

x                   0x4               App.o

Memory Configuration

Name             Origin             Length             Attributes
mem              0x00000000         0x04000000         xrw
*default*        0x00000000         0xffffffff

Linker script and memory map

                0x00010000                . = 0x10000

.startup        0x00010000       0x10
 startup.o(.text)
 .text          0x00010000       0x10 startup.o
                0x00010000                reset

.text           0x00010010       0xd4
 *(.text)
 .text          0x00010010       0x1c App.o
                0x00010010                main
 .text          0x0001002c       0x54 uart.o
                0x0001002c                uart_send_string
 *(.rodata)
 .rodata        0x00010080       0x64 App.o
                0x00010080                moh

.glue_7         0x000100e4        0x0
 .glue_7        0x000100e4        0x0 linker stubs

.glue_7t        0x000100e4        0x0
 .glue_7t       0x000100e4        0x0 linker stubs

.vfp11_veneer   0x000100e4        0x0
 .vfp11_veneer  0x000100e4        0x0 linker stubs

.v4_bx          0x000100e4        0x0
 .v4_bx         0x000100e4        0x0 linker stubs

.iplt           0x000100e4        0x0
 .iplt          0x000100e4        0x0 startup.o

.rel.dyn        0x000100e4        0x0
 .rel.iplt      0x000100e4        0x0 startup.o

.data           0x000100e4       0x64
 *(.data)
 .data          0x000100e4        0x0 startup.o
 .data          0x000100e4       0x64 App.o
                0x000100e4                string_buffer
 .data          0x00010148        0x0 uart.o

.igot.plt       0x00010148        0x0
 .igot.plt      0x00010148        0x0 startup.o

.bss            0x00010148        0x4
 *(.bss)
 .bss           0x00010148        0x0 startup.o
 .bss           0x00010148        0x0 App.o
 .bss           0x00010148        0x0 uart.o
 *(COMMON)
 COMMON         0x00010148        0x4 App.o
                0x00010148                x
                0x0002014c                . = (. + 0x10000)
                0x0002014c                stack_top = .
LOAD App.o
LOAD startup.o
LOAD uart.o
OUTPUT(learn_in_depth.elf elf32-littlearm)

.ARM.attributes
                0x00000000       0x2e
 .ARM.attributes
                0x00000000       0x22 startup.o
 .ARM.attributes
                0x00000022       0x32 App.o
 .ARM.attributes
                0x00000054       0x30 uart.o

.comment        0x00000000       0x7e
 .comment       0x00000000       0x7e App.o
                                 0x7f (size before relaxing)
 .comment       0x0000007e       0x7f uart.o

.debug_info     0x00000000      0x103
 .debug_info    0x00000000       0xac App.o
 .debug_info    0x000000ac       0x57 uart.o

.debug_abbrev   0x00000000       0xcc
 .debug_abbrev  0x00000000       0x7b App.o
 .debug_abbrev  0x0000007b       0x51 uart.o

.debug_aranges  0x00000000       0x40
 .debug_aranges
                0x00000000       0x20 App.o
 .debug_aranges
                0x00000020       0x20 uart.o

.debug_line     0x00000000       0x6e
 .debug_line    0x00000000       0x35 App.o
 .debug_line    0x00000035       0x39 uart.o

.debug_str      0x00000000      0x137
 .debug_str     0x00000000       0xc8 App.o
 .debug_str     0x000000c8       0x6f uart.o
                                 0xb4 (size before relaxing)

.debug_frame    0x00000000       0x5c
 .debug_frame   0x00000000       0x2c App.o
 .debug_frame   0x0000002c       0x30 uart.o
