
Memory Configuration

Name             Origin             Length             Attributes
flash            0x08000000         0x00020000         xr
sram             0x20000000         0x00005000         xrw
*default*        0x00000000         0xffffffff

Linker script and memory map


.text           0x08000000      0x124
 *(.vectors*)
 .vectors       0x08000000       0x18 startup.o
                0x08000000                vectors
 *(.text*)
 .text          0x08000018       0x7c main.o
                0x08000018                main
 .text          0x08000094       0x90 startup.o
                0x08000094                H_Fault_handler
                0x08000094                NMI_handler
                0x08000094                MM_fault_handler
                0x08000094                bus_fault_handler
                0x08000094                Default_handler
                0x080000a0                reset_handler
 *(.rodata)
                0x08000124                . = ALIGN (0x4)
                0x08000124                _E_text = .

.glue_7         0x08000124        0x0
 .glue_7        0x08000124        0x0 linker stubs

.glue_7t        0x08000124        0x0
 .glue_7t       0x08000124        0x0 linker stubs

.vfp11_veneer   0x08000124        0x0
 .vfp11_veneer  0x08000124        0x0 linker stubs

.v4_bx          0x08000124        0x0
 .v4_bx         0x08000124        0x0 linker stubs

.iplt           0x08000124        0x0
 .iplt          0x08000124        0x0 main.o

.rel.dyn        0x08000124        0x0
 .rel.iplt      0x08000124        0x0 main.o

.data           0x20000000        0x4 load address 0x08000124
                0x20000000                _s_data = .
 *(.data)
 .data          0x20000000        0x4 main.o
                0x20000000                RegODR
 .data          0x20000004        0x0 startup.o
                0x20000004                _E_data = .

.igot.plt       0x20000004        0x0 load address 0x08000128
 .igot.plt      0x20000004        0x0 main.o

.bss            0x20000004     0x1000 load address 0x08000128
                0x20000004                _s_bss = .
 *(.bss*)
 .bss           0x20000004        0x0 main.o
 .bss           0x20000004        0x0 startup.o
                0x20000004                _E_bss = .
                0x20000004                . = ALIGN (0x4)
                0x20001004                . = (. + 0x1000)
 *fill*         0x20000004     0x1000 
                0x20001004                stack_top = .
LOAD main.o
LOAD startup.o
OUTPUT(learn_in_depth.elf elf32-littlearm)

.debug_info     0x00000000      0xbdd
 .debug_info    0x00000000      0xa4d main.o
 .debug_info    0x00000a4d      0x190 startup.o

.debug_abbrev   0x00000000      0x2a0
 .debug_abbrev  0x00000000      0x1ca main.o
 .debug_abbrev  0x000001ca       0xd6 startup.o

.debug_loc      0x00000000       0xb4
 .debug_loc     0x00000000       0x38 main.o
 .debug_loc     0x00000038       0x7c startup.o

.debug_aranges  0x00000000       0x40
 .debug_aranges
                0x00000000       0x20 main.o
 .debug_aranges
                0x00000020       0x20 startup.o

.debug_line     0x00000000      0x25f
 .debug_line    0x00000000      0x160 main.o
 .debug_line    0x00000160       0xff startup.o

.debug_str      0x00000000      0x59b
 .debug_str     0x00000000      0x51c main.o
                                0x589 (size before relaxing)
 .debug_str     0x0000051c       0x7f startup.o
                                0x1e3 (size before relaxing)

.comment        0x00000000       0x7e
 .comment       0x00000000       0x7e main.o
                                 0x7f (size before relaxing)
 .comment       0x0000007e       0x7f startup.o

.ARM.attributes
                0x00000000       0x33
 .ARM.attributes
                0x00000000       0x33 main.o
 .ARM.attributes
                0x00000033       0x33 startup.o

.debug_frame    0x00000000       0x7c
 .debug_frame   0x00000000       0x2c main.o
 .debug_frame   0x0000002c       0x50 startup.o
