22:08:35 **** Incremental Build of configuration Debug for project Lab3 ****
make -j6 all 
arm-none-eabi-gcc "../Core/Src/main.c" -mcpu=cortex-m3 -std=gnu11 -g3 -DUSE_HAL_DRIVER -DSTM32F103x6 -DDEBUG -c -I../Core/Inc -I../Drivers/STM32F1xx_HAL_Driver/Inc -I../Drivers/STM32F1xx_HAL_Driver/Inc/Legacy -I../Drivers/CMSIS/Device/ST/STM32F1xx/Include -I../Drivers/CMSIS/Include -O0 -ffunction-sections -fdata-sections -Wall -fstack-usage -MMD -MP -MF"Core/Src/main.d" -MT"Core/Src/main.o" --specs=nano.specs -mfloat-abi=soft -mthumb -o "Core/Src/main.o"
../Core/Src/main.c:2:9: warning: type defaults to 'int' in declaration of 'volatileunsignedintvuint32_t' [-Wimplicit-int]
 typedef volatileunsignedintvuint32_t;
         ^~~~~~~~~~~~~~~~~~~~~~~~~~~~
arm-none-eabi-gcc -o "Lab3.elf" @"objects.list"   -mcpu=cortex-m3 -T"E:\Courses\Embedded_Systems_Course\Embedded_Systems_Online_Diploma\Unit6\Lesson3\Lab3\STM32F103C6TX_FLASH.ld" --specs=nosys.specs -Wl,-Map="Lab3.map" -Wl,--gc-sections -static --specs=nano.specs -mfloat-abi=soft -mthumb -Wl,--start-group -lc -lm -Wl,--end-group
Finished building target: Lab3.elf
 
arm-none-eabi-objdump -h -S  Lab3.elf  > "Lab3.list"
arm-none-eabi-objcopy  -O binary  Lab3.elf  "Lab3.bin"
arm-none-eabi-size   Lab3.elf 
   text	   data	    bss	    dec	    hex	filename
    828	     12	   1572	   2412	    96c	Lab3.elf
Finished building: default.size.stdout
 
Finished building: Lab3.bin
Finished building: Lab3.list
 
 

22:08:35 Build Finished. 0 errors, 1 warnings. (took 756ms)

